Unity Editor version:    6000.6.3f1 (45d8eee7de74)
Branch:                  6000.6/staging
Build type:              Release
Batch mode:              YES
macOS version:           Version 26.6.2 (Build 25G83)
Darwin version:          25.6.0
Architecture:            x86_64
Running under Rosetta:   YES
Available memory:        49152 MB
Date:                    2026-10-02T19:26:50Z
[WARNING] The Intel macOS Editor is deprecated; it will no longer be available after Unity 6.7 LTS.

[Licensing::Module] Trying to connect to existing licensing client channel...
[Licensing::IpcConnector] Successfully connected to: "LicenseClient-mariaukrainskaa" at "2026-10-02T19:26:50.897988Z"

COMMAND LINE ARGUMENTS:
/Applications/Unity/Hub/Editor/6000.6.3f1/Unity.app/Contents/MacOS/Unity
-adb2
-batchMode
-noUpm
-name
AssetImportWorkerHW2
-projectPath
/Users/mariaukrainskaa/Desktop/opd-lab-2
-logFile
Logs/AssetImportWorkerHW2.log
-srvPort
54303
-parentPid
38770
-analyticsCloudUserId
10171657589034
-analyticsLocalProjectId
849cec885ed36494fa51b44fbd3dacad
-editorAnalyticsEnabled
1
-cbmEditorLicense
6ccd1c2106d406fa2e9c41dc9084c5b0f2065f1d
-cbmMachineId
LpnL7C59YsJ+/7ARDlfIqvcwJFM=
-licensingIpc
LicenseClient-mariaukrainskaa
-noDiagnosticSwitchPersistentStore
-job-worker-count
8
-background-job-worker-count
8
-asset-garbage-collectors
1
-force-metal
-name AssetImport
Successfully changed project path to: /Users/mariaukrainskaa/Desktop/opd-lab-2
/Users/mariaukrainskaa/Desktop/opd-lab-2
[UnityMemory] Configuration Parameters - Can be set up in boot.config
    "memorysetup-temp-allocator-size-gi-baking-worker=262144"
    "memorysetup-temp-allocator-size-gi-baking-worker=262144"
    "memorysetup-temp-allocator-size-gi-baking-worker=262144"
    "memorysetup-temp-allocator-size-gi-baking-worker=262144"
    "memorysetup-temp-allocator-size-gi-baking-worker=262144"
    "memorysetup-temp-allocator-size-nav-mesh-worker=65536"
    "memorysetup-temp-allocator-size-audio-worker=65536"
    "memorysetup-temp-allocator-size-cloud-worker=32768"
    "memorysetup-temp-allocator-size-preload-manager=33554432"
    "memorysetup-remapper-allocator-initial-capacity=32768"
    "memorysetup-temp-allocator-size-gfx=262144"
    "memorysetup-allocator-temp-initial-block-size-main=262144"
    "memorysetup-allocator-temp-initial-block-size-worker=262144"
    "memorysetup-temp-allocator-size-background-worker=32768"
    "memorysetup-temp-allocator-size-job-worker=262144"
    "memorysetup-bucket-allocator-granularity=16"
    "memorysetup-bucket-allocator-bucket-count=8"
    "memorysetup-bucket-allocator-block-size=33554432"
    "memorysetup-bucket-allocator-block-count=8"
    "memorysetup-main-allocator-block-size=16777216"
    "memorysetup-thread-allocator-block-size=16777216"
    "memorysetup-main-allocator-mimalloc-enabled=1"
    "memorysetup-gfx-main-allocator-block-size=16777216"
    "memorysetup-gfx-thread-allocator-block-size=16777216"
    "memorysetup-cache-allocator-block-size=4194304"
    "memorysetup-typetree-allocator-block-size=2097152"
    "memorysetup-profiler-bucket-allocator-granularity=16"
    "memorysetup-profiler-bucket-allocator-bucket-count=8"
    "memorysetup-profiler-bucket-allocator-block-size=33554432"
    "memorysetup-profiler-bucket-allocator-block-count=8"
    "memorysetup-profiler-allocator-block-size=16777216"
    "memorysetup-profiler-editor-allocator-block-size=1048576"
    "memorysetup-temp-allocator-size-main=16777216"
    "memorysetup-job-temp-allocator-block-size=2097152"
    "memorysetup-job-temp-allocator-block-size-background=1048576"
    "memorysetup-job-temp-allocator-reduction-small-platforms=262144"
Player connection [8742661696]  Target information:

Player connection [8742661696]  * "[IP] 192.168.3.97 [Port] 0 [Flags] 2 [Guid] 506830803 [EditorId] 506830803 [Version] 1048832 [Id] OSXEditor(0,MacBook-Pro-Maria.local) [Debug] 1 [PackageName] OSXEditor [ProjectName] Editor" 

Player connection [8742661696]  * "[IP] 198.18.0.1 [Port] 0 [Flags] 2 [Guid] 506830803 [EditorId] 506830803 [Version] 1048832 [Id] OSXEditor(0,MacBook-Pro-Maria.local) [Debug] 1 [PackageName] OSXEditor [ProjectName] Editor" 

Player connection [8742661696] Host joined multi-casting on [225.0.0.222:54997]...
Player connection [8742661696] Host joined alternative multi-casting on [225.0.0.222:34997]...
JobSystem: Creating JobQueue using job-worker-count value 8
Input System module state changed to: Initialized.
[Physics::Module] Initialized fallback backend.
[Physics::Module] Id: 0xdecafbad
Library Redirect Path: Library/
Initialising UDS system complete:
  - System type: Client
  - Resource namespace: 0c596b7d3f5baa171a000a695f0b155f
  - Shared memory size: 1073741824
  - Command buffer id: 1052672
  - Command buffer size: 8192
  - Hashmap size: 4194304
  - Service connected: true
  - Service working directory: Library/DataStore/
[Physics::Module] Selected backend (deferred post-plugins).
[Physics::Module] Name: PhysX
[Physics::Module] Id: 0xf2b8ea05
[Physics::Module] SDK Version: 4.1.2
[Physics::Module] Integration Version: 1.0.0
[Physics::Module] Threading Mode: Multi-Threaded
Initialize engine version: 6000.6.3f1 (45d8eee7de74)
[EntityIdStore] init: VM path (explicit commit), pageSize=4096, blockCount=1048576, entitiesPerBlock=256, slots reserved=4294967296 bytes
[Subsystems] Discovering subsystems at path /Applications/Unity/Hub/Editor/6000.6.3f1/Unity.app/Contents/Resources/UnitySubsystems
[Subsystems] Discovering subsystems at path /Users/mariaukrainskaa/Desktop/opd-lab-2/Assets
Forcing GfxDevice: Metal
GfxDevice: creating device client; kGfxThreadingModeNonThreaded
 preferred device: Apple M5 Pro (high power)
Metal devices available: 1
0: Apple M5 Pro (high power)
Using device Apple M5 Pro (high power)
Initializing Metal device caps: Apple M5 Pro
Mac GPU Family: 2
Apple GPU Family: 9
MSL Version: 3.0
Has Float MSAA: 1
Has Float Filtering: 1
ReadWrite Texture Tier: 2
Initialize mono
Mono path[0] = '/Applications/Unity/Hub/Editor/6000.6.3f1/Unity.app/Contents/Resources/Scripting/Managed'
Mono path[1] = '/Applications/Unity/Hub/Editor/6000.6.3f1/Unity.app/Contents/Resources/Scripting/BCLExtensions/runtime/netstandard2.1'
Mono path[2] = '/Applications/Unity/Hub/Editor/6000.6.3f1/Unity.app/Contents/Resources/Scripting/MonoBleedingEdge/lib/mono/unityjit-macos'
Mono config path = '/Applications/Unity/Hub/Editor/6000.6.3f1/Unity.app/Contents/Resources/Scripting/MonoBleedingEdge/etc'
Using monoOptions --debugger-agent=transport=dt_socket,embedding=1,server=y,suspend=n,address=127.0.0.1:56836
CodeReloadManager initialized
Begin MonoManager ReloadAssembly
[Licensing::Client] Handshaking with LicensingClient:
  Version:                 1.18.3+d7ffd15
  Session Id:              2fea1f5ff2364f6f8b59f74fde172b45
  Correlation Id:          c771fb19f8530749345d5b5a73e05a87
  External correlation Id: 4491265732296877028
  Machine Id:              LpnL7C59YsJ+/7ARDlfIqvcwJFM=
[Licensing::Module] Successfully connected to LicensingClient on channel: "LicenseClient-mariaukrainskaa" (connect: 0.00s, validation: 0.00s, handshake: 0.28s)
[Licensing::IpcConnector] Successfully connected to: "LicenseClient-mariaukrainskaa-notifications" at "2026-10-02T19:26:51.177537Z"
[Licensing::Module] Licensing Background thread has ended after 0.28s
Registering precompiled unity dll's ...
Register platform support module: /Applications/Unity/Hub/Editor/6000.6.3f1/PlaybackEngines/WebGLSupport/UnityEditor.WebGL.Extensions.dll
Register platform support module: /Applications/Unity/Hub/Editor/6000.6.3f1/PlaybackEngines/MacStandaloneSupport/UnityEditor.OSXStandalone.Extensions.dll
Registered in 0.000741 seconds.
Native extension for OSXStandalone target not found
Native extension for WebGL target not found
Package Manager log level set to [2]
[Package Manager] Failed to launch server process. Reason: Unity was launched with the -noUpm command-line argument
[Package Manager] Unable to send message (not connected to server process).
[Package Manager] Cannot connect to Unity Package Manager local server
ScheduleIndexationOnStartup MainProcess:False IndexOnStartup:True
Scripting: successfully reloaded assembly
- Finished resetting the current domain, in  1.270 seconds
Domain Reload Profiling: 2047ms
	BeginReloadAssembly (155ms)
		CreateAndSetChildDomain (3ms)
	RebuildCommonClasses (5ms)
	RebuildNativeTypeToScriptingClass (13ms)
	initialDomainReloadingComplete (114ms)
	LoadAllAssembliesAndSetupDomain (487ms)
		LoadAssemblies (151ms)
		TypeCache.Refresh (183ms)
			TypeCache.ScanAssembly (171ms)
		AnalyzeDomain (1ms)
	FinalizeReload (1273ms)
		SetupLoadedEditorAssemblies (0ms)
			LogAssemblyErrors (3ms)
			InitializePlatformSupportModulesInManaged (5ms)
			BeforeProcessingInitializeOnLoad (419ms)
			ProcessInitializeOnLoadAttributes (301ms)
			ProcessInitializeOnLoadMethodAttributes (326ms)
Initializing Unity extensions:
[Licensing::Client] Successfully resolved entitlement details
[Licensing::Module] License group:
  Id: 10171657589034-UnityPersXXXX
  Product: Unity Personal
  Type: Assigned
  Expiration: Unlimited
[CoreBusinessMetrics] Unexpected thread when updating session info.
[CoreBusinessMetrics] Unexpected thread when updating session info.
========================================================================
Worker process is ready to serve import requests
Import Worker Mode flag is 0x00
Begin MonoManager ReloadAssembly
Native extension for OSXStandalone target not found
Native extension for WebGL target not found
[Package Manager] Failed to launch server process. Reason: Unity was launched with the -noUpm command-line argument
[Package Manager] Unable to send message (not connected to server process).
[Package Manager] Cannot connect to Unity Package Manager local server
ScheduleIndexationOnStartup MainProcess:False IndexOnStartup:True
Scripting: successfully reloaded assembly
- Finished resetting the current domain, in  1.216 seconds
Domain Reload Profiling: 2133ms
	BeginReloadAssembly (334ms)
		DisableScriptedObjects (37ms)
		CreateAndSetChildDomain (36ms)
	RebuildCommonClasses (8ms)
	RebuildNativeTypeToScriptingClass (12ms)
	initialDomainReloadingComplete (60ms)
	LoadAllAssembliesAndSetupDomain (501ms)
		LoadAssemblies (309ms)
		TypeCache.Refresh (16ms)
			TypeCache.ScanAssembly (8ms)
		AnalyzeDomain (14ms)
			BuildScriptInfoCaches (12ms)
	FinalizeReload (1218ms)
		SetupLoadedEditorAssemblies (0ms)
			LogAssemblyErrors (3ms)
			InitializePlatformSupportModulesInManaged (4ms)
			BeforeProcessingInitializeOnLoad (429ms)
			ProcessInitializeOnLoadAttributes (228ms)
			ProcessInitializeOnLoadMethodAttributes (101ms)
		AwakeInstancesAfterBackupRestoration (18ms)
AcceleratorClientConnectionCallback - disconnected - :0
Launching external process: /Applications/Unity/Hub/Editor/6000.6.3f1/Unity.app/Contents/Helpers/UnityShaderCompiler
Launched and connected shader compiler UnityShaderCompiler after 0.04 seconds
Unloading 0 Unused Serialized files (Serialized files now loaded: 0)
Unloading 512 unused Assets / (31.2 KB). Loaded Objects now: 1224.
Memory consumption went from 102.3 MB to 102.3 MB.
Total: 4.695000 ms (FindLiveObjects: 0.126417 ms CreateObjectMapping: 0.013667 ms MarkObjects: 4.391834 ms  DeleteObjects: 0.125667 ms)

========================================================================
Received Import Request.
  Time of request: 2026-10-02T19:26:56.360506Z
  Time since last request: 202314.99841866700444 seconds.
  importAddress: GUID: 203cf76cfa5674fb99d21c045d9f83e3 - Path: Assets/IndieMarc - Importer: PreviewImporter
Importing 'GUID: 203cf76cfa5674fb99d21c045d9f83e3 - Path: Assets/IndieMarc - Importer: PreviewImporter' with importer (PreviewImporter)
Imported 'GUID: 203cf76cfa5674fb99d21c045d9f83e3' -> (Import Result ID: '3a9c1c8c998916c4935008794dd20928') in 0.003 seconds [static and dynamic dependencies]. Details - ImportResultOutputID=36935718772e90fc0d330170103366e2 DependenciesID=c690da6009cad6321e0bb5f3815f15f9 StaticDependenciesID=122793fa70737ec802c6eacf1f7153f8 
Number of updated asset objects reloaded before import = 0
Number of asset objects unloaded after import = 0
========================================================================
Received Prepare
AcceleratorClientConnectionCallback - disconnected - :0
Unloading 0 Unused Serialized files (Serialized files now loaded: 0)
Unloading 0 unused Assets / (0 B). Loaded Objects now: 1226.
Memory consumption went from 102.5 MB to 102.5 MB.
Total: 3.256375 ms (FindLiveObjects: 0.088667 ms CreateObjectMapping: 0.005458 ms MarkObjects: 3.126958 ms  DeleteObjects: 0.002292 ms)

Prepare: number of updated asset objects reloaded= 0
========================================================================
Received Import Request.
  Time of request: 2026-10-02T19:32:20.289985Z
  Time since last request: 323.92217808300001 seconds.
  importAddress: GUID: 9272c368c2ea4004d93dd9539f956312 - Path: Assets/IndieMarc/PlatformerDemo/Sprites/Background/Trees1.mat - Importer: ScriptedImporter/UnityEditor.QuickSearchModule:UnityEditor.Search:ASIAI0B
Importing 'GUID: 9272c368c2ea4004d93dd9539f956312 - Path: Assets/IndieMarc/PlatformerDemo/Sprites/Background/Trees1.mat - Importer: ScriptedImporter/UnityEditor.QuickSearchModule:UnityEditor.Search:ASIAI0B' with importer (ScriptedImporter : UnityEditor.QuickSearchModule:UnityEditor.Search:ASIAI0B)
Imported 'GUID: 9272c368c2ea4004d93dd9539f956312' -> (Import Result ID: '4e4d088a89623af930766d47c4b76394') in 0.237 seconds [static and dynamic dependencies]. Details - ImportResultOutputID=eb235abeaa4d88660bc035d9006040fe DependenciesID=ce02fc01ea35ea5d016896f37fcf3da1 StaticDependenciesID=16686f27fa5929180353e95b6532b2f3 
Number of updated asset objects reloaded before import = 0
Number of asset objects unloaded after import = 2
========================================================================
Received Import Request.
  Time of request: 2026-10-02T19:32:20.528311Z
  Time since last request: 0.000051916 seconds.
  importAddress: GUID: 063491c5039ab6b4ead24f95f52641b5 - Path: Assets/IndieMarc/PlatformerDemo/Sprites/Background/Trees3.mat - Importer: ScriptedImporter/UnityEditor.QuickSearchModule:UnityEditor.Search:ASIAI0B
Importing 'GUID: 063491c5039ab6b4ead24f95f52641b5 - Path: Assets/IndieMarc/PlatformerDemo/Sprites/Background/Trees3.mat - Importer: ScriptedImporter/UnityEditor.QuickSearchModule:UnityEditor.Search:ASIAI0B' with importer (ScriptedImporter : UnityEditor.QuickSearchModule:UnityEditor.Search:ASIAI0B)
Imported 'GUID: 063491c5039ab6b4ead24f95f52641b5' -> (Import Result ID: '03fa2bdda7b9bfe23a6c60247d8e10c6') in 0.010 seconds [static and dynamic dependencies]. Details - ImportResultOutputID=0603c778ceb72b75143df886a534a179 DependenciesID=59f21563ebaecd37cb343df8297f51f6 StaticDependenciesID=b9e056f503643001bf4e9a6633c80fea 
Number of updated asset objects reloaded before import = 0
Number of asset objects unloaded after import = 2
========================================================================
Received Import Request.
  Time of request: 2026-10-02T19:32:20.538985Z
  Time since last request: 0.000114583 seconds.
  importAddress: GUID: b5bdfecbec6d4294d9aa8cf6fcf42aa1 - Path: Assets/IndieMarc/PlatformerDemo/Sprites/Background/Trees2.mat - Importer: ScriptedImporter/UnityEditor.QuickSearchModule:UnityEditor.Search:ASIAI0B
Importing 'GUID: b5bdfecbec6d4294d9aa8cf6fcf42aa1 - Path: Assets/IndieMarc/PlatformerDemo/Sprites/Background/Trees2.mat - Importer: ScriptedImporter/UnityEditor.QuickSearchModule:UnityEditor.Search:ASIAI0B' with importer (ScriptedImporter : UnityEditor.QuickSearchModule:UnityEditor.Search:ASIAI0B)
Imported 'GUID: b5bdfecbec6d4294d9aa8cf6fcf42aa1' -> (Import Result ID: 'cf8c57121933d749f4f9a078b9942e16') in 0.003 seconds [static and dynamic dependencies]. Details - ImportResultOutputID=b512040a301365d443b91c16c3f421b9 DependenciesID=c18254cc7f420aaa0ce9004c31f5696e StaticDependenciesID=b1fb48e3164eae3153d8de570c4fea9f 
Number of updated asset objects reloaded before import = 0
Number of asset objects unloaded after import = 2
========================================================================
Received Import Request.
  Time of request: 2026-10-02T19:32:20.542724Z
  Time since last request: 0.000228042 seconds.
  importAddress: GUID: 230ee21eea18d46e48f6038641c438b7 - Path: Assets/IndieMarc/PlatformerDemo/Prefabs/PlatformerDemo.unity - Importer: ScriptedImporter/UnityEditor.QuickSearchModule:UnityEditor.Search:ASIAI0B
Importing 'GUID: 230ee21eea18d46e48f6038641c438b7 - Path: Assets/IndieMarc/PlatformerDemo/Prefabs/PlatformerDemo.unity - Importer: ScriptedImporter/UnityEditor.QuickSearchModule:UnityEditor.Search:ASIAI0B' with importer (ScriptedImporter : UnityEditor.QuickSearchModule:UnityEditor.Search:ASIAI0B)
Imported 'GUID: 230ee21eea18d46e48f6038641c438b7' -> (Import Result ID: '277f7b7c1518646f676a6c3bf4fe7964') in 0.007 seconds [static and dynamic dependencies]. Details - ImportResultOutputID=56a8b0c33f6613e66577099ae44dad8d DependenciesID=b69010f4ec295437ebb565635d7feb09 StaticDependenciesID=546ebabdcb4c19244c20af170ff6599a 
Number of updated asset objects reloaded before import = 0
Number of asset objects unloaded after import = 1
========================================================================
Received Prepare
AcceleratorClientConnectionCallback - disconnected - :0
[Licensing::Client] Successfully resolved entitlement details
Begin MonoManager ReloadAssembly
Native extension for OSXStandalone target not found
Native extension for WebGL target not found
[Package Manager] Failed to launch server process. Reason: Unity was launched with the -noUpm command-line argument
[Package Manager] Unable to send message (not connected to server process).
[Package Manager] Cannot connect to Unity Package Manager local server
ScheduleIndexationOnStartup MainProcess:False IndexOnStartup:True
Scripting: successfully reloaded assembly
- Finished resetting the current domain, in  1.128 seconds
Domain Reload Profiling: 1898ms
	BeginReloadAssembly (261ms)
		DisableScriptedObjects (34ms)
		CreateAndSetChildDomain (29ms)
	RebuildCommonClasses (7ms)
	RebuildNativeTypeToScriptingClass (13ms)
	initialDomainReloadingComplete (53ms)
	LoadAllAssembliesAndSetupDomain (434ms)
		LoadAssemblies (287ms)
		TypeCache.Refresh (3ms)
		AnalyzeDomain (1ms)
	FinalizeReload (1131ms)
		SetupLoadedEditorAssemblies (0ms)
			LogAssemblyErrors (3ms)
			InitializePlatformSupportModulesInManaged (4ms)
			BeforeProcessingInitializeOnLoad (392ms)
			ProcessInitializeOnLoadAttributes (200ms)
			ProcessInitializeOnLoadMethodAttributes (114ms)
		AwakeInstancesAfterBackupRestoration (17ms)
Unloading 0 Unused Serialized files (Serialized files now loaded: 0)
Unloading 510 unused Assets / (75.1 KB). Loaded Objects now: 1226.
Memory consumption went from 110.3 MB to 110.3 MB.
Total: 3.588000 ms (FindLiveObjects: 0.111208 ms CreateObjectMapping: 0.011000 ms MarkObjects: 3.368958 ms  DeleteObjects: 0.055542 ms)

Prepare: number of updated asset objects reloaded= 0
Editor requested this worker to shutdown with reason: Scaling down because of idle timeout
AssetImportWorkerClient::OnTransportError - code=2 error=End of file
AcceleratorClientConnectionCallback - disconnected - :0
AssetImportWorker is now disconnected from the server
Process exiting
[ExitDontLaunchBugReporter] Exiting without the bug reporter. Application will exit with return code 0
