VBCSCompilerPreWarmer: watching VBCSCompiler (PID 2672)
VBCSCompilerPreWarmer: pre-warm launched (dotnet PID 2984)
VBCSCompiler prewarm took 2.31 ms
[Licensing::Module] Trying to connect to existing licensing client channel...
[Licensing::IpcConnector] Successfully connected to: "LicenseClient-Sun" at "2026-10-03T05:59:53.8216293Z"
Built from '6000.6/staging' branch; Version is '6000.6.3f1 (45d8eee7de74) revision 4577518'; Using compiler version '194234433'; Build Type 'Release'
OS: 'Windows 10  (10.0.19045) 64bit Professional' Language: 'ru' Physical Memory: 16087 MB
BatchMode: 0, IsHumanControllingUs: 1, StartBugReporterOnCrash: 1, Is64bit: 1
System  architecture: x64
Process architecture: x64
Date: 2026-10-03T05:59:53Z
[Licensing::Client] Code 10 while verifying Licensing Client signature (process Id: 1736, path: "C:/Program Files/Unity Hub/UnityLicensingClient_V1/Unity.Licensing.Client.exe")
[Licensing::Module] LicensingClient has failed validation; ignoring
[Licensing::Client] Handshaking with LicensingClient:
  Version:                 1.18.3+d7ffd15
  Session Id:              323fa35c305c4cd58405ea544b953b96
  Correlation Id:          60d77bed69e67bae64867d1c62a17d71
  External correlation Id: 1533211394863933138
  Machine Id:              3RZQjNdPRGGJ2uRsxrt1DKsgIpw=
[Licensing::Module] Successfully connected to LicensingClient on channel: "LicenseClient-Sun" (connect: 0.00s, validation: 0.00s, handshake: 0.02s)
[Licensing::IpcConnector] Successfully connected to: "LicenseClient-Sun-notifications" at "2026-10-03T05:59:53.8451722Z"
[Licensing::Client] Successfully updated the access token
[Licensing::Module] Successfully updated the access token 6dW_yM0Yf-...
[Licensing::Client] Successfully resolved entitlement details
[Licensing::Module] License group:
  Id: F4-49HP-U2MM-CQ84-ABGQ-XXXX
  Product: Unity Personal
  Type: ULF
  Expiration: Unlimited
[Licensing::Module] License group:
  Id: 10171656062424-UnityPersXXXX
  Product: Unity Personal
  Type: Assigned
  Expiration: Unlimited
[Licensing::Client] Successfully updated license, isAsync: True, time: 0.00
[Licensing::Client] Successfully resolved entitlement details
[Licensing::Module] License group:
  Id: F4-49HP-U2MM-CQ84-ABGQ-XXXX
  Product: Unity Personal
  Type: ULF
  Expiration: Unlimited
[Licensing::Module] License group:
  Id: 10171656062424-UnityPersXXXX
  Product: Unity Personal
  Type: Assigned
  Expiration: Unlimited
[Licensing::Module] Licensing Background thread has ended after 0.03s

COMMAND LINE ARGUMENTS:
C:\Program Files\Unity\Hub\Editor\6000.6.3f1\Editor\Unity.exe
-projectpath
C:\Users\Sun\Documents\GitHub\opd-lab-2
-acceptSoftwareTermsForThisRunOnly
-useHub
-hubIPC
-cloudEnvironment
production
-licensingIpc
LicenseClient-Sun
-hubSessionId
1661eee4-fbe3-4e1d-99cb-1cac72b6aa94
-accessToken
6dW_yM0Yf-a443BIxpccANVU8YqT9eh2X_3J2evs31o009f
Successfully changed project path to: C:\Users\Sun\Documents\GitHub\opd-lab-2
C:/Users/Sun/Documents/GitHub/opd-lab-2
[UnityMemory] Configuration Parameters - Can be set up in boot.config
    "memorysetup-temp-allocator-size-gi-baking-worker=262144"
    "memorysetup-temp-allocator-size-gi-baking-worker=262144"
    "memorysetup-temp-allocator-size-gi-baking-worker=262144"
    "memorysetup-temp-allocator-size-gi-baking-worker=262144"
    "memorysetup-temp-allocator-size-gi-baking-worker=262144"
    "memorysetup-temp-allocator-size-nav-mesh-worker=65536"
    "memorysetup-temp-allocator-size-audio-worker=65536"
    "memorysetup-temp-allocator-size-cloud-worker=32768"
    "memorysetup-temp-allocator-size-gfx=262144"
    "memorysetup-remapper-allocator-initial-capacity=32768"
    "memorysetup-temp-allocator-size-preload-manager=33554432"
    "memorysetup-allocator-temp-initial-block-size-main=262144"
    "memorysetup-allocator-temp-initial-block-size-worker=262144"
    "memorysetup-temp-allocator-size-job-worker=262144"
    "memorysetup-temp-allocator-size-background-worker=32768"
    "memorysetup-bucket-allocator-granularity=16"
    "memorysetup-bucket-allocator-bucket-count=8"
    "memorysetup-bucket-allocator-block-size=33554432"
    "memorysetup-bucket-allocator-block-count=8"
    "memorysetup-main-allocator-block-size=16777216"
    "memorysetup-thread-allocator-block-size=16777216"
    "memorysetup-main-allocator-mimalloc-enabled=1"
    "memorysetup-gfx-main-allocator-block-size=16777216"
    "memorysetup-gfx-thread-allocator-block-size=16777216"
    "memorysetup-cache-allocator-block-size=4194304"
    "memorysetup-typetree-allocator-block-size=2097152"
    "memorysetup-profiler-bucket-allocator-granularity=16"
    "memorysetup-profiler-bucket-allocator-bucket-count=8"
    "memorysetup-profiler-bucket-allocator-block-size=33554432"
    "memorysetup-profiler-bucket-allocator-block-count=8"
    "memorysetup-profiler-allocator-block-size=16777216"
    "memorysetup-profiler-editor-allocator-block-size=1048576"
    "memorysetup-temp-allocator-size-main=16777216"
    "memorysetup-job-temp-allocator-block-size=2097152"
    "memorysetup-job-temp-allocator-block-size-background=1048576"
    "memorysetup-job-temp-allocator-reduction-small-platforms=262144"
Player connection [11284]  Target information:

Player connection [11284]  * "[IP] 26.12.205.64 [Port] 55504 [Flags] 2 [Guid] 1603294732 [EditorId] 1603294732 [Version] 1048832 [Id] WindowsEditor(7,DESKTOP-M0B5J48) [Debug] 1 [PackageName] WindowsEditor [ProjectName] Editor" 

Player connection [11284]  * "[IP] 172.28.64.197 [Port] 55504 [Flags] 2 [Guid] 1603294732 [EditorId] 1603294732 [Version] 1048832 [Id] WindowsEditor(7,DESKTOP-M0B5J48) [Debug] 1 [PackageName] WindowsEditor [ProjectName] Editor" 

Player connection [11284] Host joined multi-casting on [225.0.0.222:54997]...
Player connection [11284] Host joined alternative multi-casting on [225.0.0.222:34997]...
Input System module state changed to: Initialized.
[Physics::Module] Initialized fallback backend.
[Physics::Module] Id: 0xdecafbad
Initialising UDS system complete:
  - System type: Client
  - Resource namespace: 3e2c964d8410f380de6c0b3e7b65af7d
  - Shared memory size: 1073741824
  - Command buffer id: 1052576
  - Command buffer size: 8192
  - Hashmap size: 4194304
  - Service connected: false
[Package Manager] Connected to IPC stream "Upm-11288" after 0.2 seconds.
[Licensing::Client] Successfully resolved entitlement details
[Licensing::Module] License group:
  Id: F4-49HP-U2MM-CQ84-ABGQ-XXXX
  Product: Unity Personal
  Type: ULF
  Expiration: Unlimited
[Licensing::Module] License group:
  Id: 10171656062424-UnityPersXXXX
  Product: Unity Personal
  Type: Assigned
  Expiration: Unlimited
Library Redirect Path: Library/
Launching Unity Data Store - C:/Program Files/Unity/Hub/Editor/6000.6.3f1/Editor/Data/Tools/Unity.DataStore.exe 
Unity Data Store artifact dir = Library/DataStore, working dir = C:/Users/Sun/Documents/GitHub/opd-lab-2Serialized file "ProjectSettings/AudioManager.asset" contains a AudioManager object at version 1, below the supported minimum (2). Open and re-save the file to upgrade.
Serialized file "ProjectSettings/DynamicsManager.asset" contains a PhysicsManager object at version 7, below the supported minimum (13). Open and re-save the file to upgrade.
Serialized file "ProjectSettings/Physics2DSettings.asset" contains a Physics2DSettings object at version 3, below the supported minimum (4). Open and re-save the file to upgrade.
Unity Data Store running and initialised
[Physics::Module] Selected backend (deferred post-plugins).
[Physics::Module] Name: PhysX
[Physics::Module] Id: 0xf2b8ea05
[Physics::Module] SDK Version: 4.1.2
[Physics::Module] Integration Version: 1.0.0
[Physics::Module] Threading Mode: Multi-Threaded
Initialize engine version: 6000.6.3f1 (45d8eee7de74)
[EntityIdStore] init: VM path (explicit commit), pageSize=4096, blockCount=1048576, entitiesPerBlock=256, slots reserved=4294967296 bytes
[Subsystems] Discovering subsystems at path C:/Program Files/Unity/Hub/Editor/6000.6.3f1/Editor/Data/Resources/UnitySubsystems
[Subsystems] Discovering subsystems at path C:/Users/Sun/Documents/GitHub/opd-lab-2/Assets
[D3D12 Device Filter] Vendor Name: NVIDIA
[D3D12 Device Filter] Device Name: NVIDIA GeForce RTX 4070 Laptop GPU
[D3D12 Device Filter] Driver Version: 32.0.15.9186
[D3D12 Device Filter] Feature Level: 12.2
[D3D12 Device Filter] Graphics Memory: 7948 MB
[D3D12 Device Filter] Processor Count: 16
[D3D12 Device Filter] Device Type: Discrete
GfxDevice: creating device client; kGfxThreadingModeSplitJobs
d3d12: failed to query info queue interface (0x80004002).
Direct3D:
    Version:         Direct3D 12 [level 12.2]
    Renderer:        NVIDIA GeForce RTX 4070 Laptop GPU (ID=0x2820)
    Vendor:          NVIDIA
    VRAM:            7948 MB
    App VRAM Budget: 7180 MB
    Driver:          32.0.15.9186
Initialize mono
Mono path[0] = 'C:/Program Files/Unity/Hub/Editor/6000.6.3f1/Editor/Data/Managed'
Mono path[1] = 'C:/Program Files/Unity/Hub/Editor/6000.6.3f1/Editor/Data/BCLExtensions/runtime/netstandard2.1'
Mono path[2] = 'C:/Program Files/Unity/Hub/Editor/6000.6.3f1/Editor/Data/MonoBleedingEdge/lib/mono/unityjit-win32'
Mono config path = 'C:/Program Files/Unity/Hub/Editor/6000.6.3f1/Editor/Data/MonoBleedingEdge/etc'
Using monoOptions --debugger-agent=transport=dt_socket,embedding=1,server=y,suspend=n,address=127.0.0.1:56288
CodeReloadManager initialized
ImportWorker Server TCP listen port: 0
AcceleratorClientConnectionCallback - disconnected - :0
Begin MonoManager ReloadAssembly
Registering precompiled unity dll's ...
Register platform support module: C:/Program Files/Unity/Hub/Editor/6000.6.3f1/Editor/Data/PlaybackEngines/WebGLSupport/UnityEditor.WebGL.Extensions.dll
Register platform support module: C:/Program Files/Unity/Hub/Editor/6000.6.3f1/Editor/Data/PlaybackEngines/WindowsStandaloneSupport/UnityEditor.WindowsStandalone.Extensions.dll
Registered in 0.000803 seconds.
Native extension for WindowsStandalone target not found
Native extension for WebGL target not found
Package Manager log level set to [2]
ScheduleIndexationOnStartup MainProcess:False IndexOnStartup:True
Scripting: successfully reloaded assembly
- Finished resetting the current domain, in  0.572 seconds
Domain Reload Profiling: 973ms
	BeginReloadAssembly (103ms)
		CreateAndSetChildDomain (19ms)
	RebuildCommonClasses (4ms)
	RebuildNativeTypeToScriptingClass (12ms)
	initialDomainReloadingComplete (42ms)
	LoadAllAssembliesAndSetupDomain (240ms)
		LoadAssemblies (83ms)
		TypeCache.Refresh (164ms)
			TypeCache.ScanAssembly (154ms)
		AnalyzeDomain (0ms)
	FinalizeReload (573ms)
		SetupLoadedEditorAssemblies (0ms)
			BeforeProcessingInitializeOnLoad (107ms)
			ProcessInitializeOnLoadAttributes (126ms)
			ProcessInitializeOnLoadMethodAttributes (143ms)
[Licensing::Client] Successfully resolved entitlement details
[Licensing::Module] License group:
  Id: F4-49HP-U2MM-CQ84-ABGQ-XXXX
  Product: Unity Personal
  Type: ULF
  Expiration: Unlimited
[Licensing::Module] License group:
  Id: 10171656062424-UnityPersXXXX
  Product: Unity Personal
  Type: Assigned
  Expiration: Unlimited
Application.AssetDatabase Initial Refresh Start
[Package Manager] Restoring resolved packages state from cache
[Licensing::Client] Successfully resolved entitlement details
[Package Manager] Registered 42 packages:
  Packages from [https://packages.unity.com]:
    com.unity.ide.rider@3.0.38 (location: C:\Users\Sun\Documents\GitHub\opd-lab-2\Library\PackageCache\com.unity.ide.rider@1f60b3138684)
    com.unity.ide.visualstudio@2.0.26 (location: C:\Users\Sun\Documents\GitHub\opd-lab-2\Library\PackageCache\com.unity.ide.visualstudio@a99d56dec63f)
  Built-in packages:
    com.unity.modules.accessibility@1.0.0 (location: C:\Users\Sun\Documents\GitHub\opd-lab-2\Library\PackageCache\com.unity.modules.accessibility)
    com.unity.modules.adaptiveperformance@1.0.0 (location: C:\Users\Sun\Documents\GitHub\opd-lab-2\Library\PackageCache\com.unity.modules.adaptiveperformance)
    com.unity.modules.ai@1.0.0 (location: C:\Users\Sun\Documents\GitHub\opd-lab-2\Library\PackageCache\com.unity.modules.ai)
    com.unity.modules.androidjni@1.0.0 (location: C:\Users\Sun\Documents\GitHub\opd-lab-2\Library\PackageCache\com.unity.modules.androidjni)
    com.unity.modules.animation@1.0.0 (location: C:\Users\Sun\Documents\GitHub\opd-lab-2\Library\PackageCache\com.unity.modules.animation)
    com.unity.modules.assetbundle@1.0.0 (location: C:\Users\Sun\Documents\GitHub\opd-lab-2\Library\PackageCache\com.unity.modules.assetbundle)
    com.unity.modules.audio@1.0.0 (location: C:\Users\Sun\Documents\GitHub\opd-lab-2\Library\PackageCache\com.unity.modules.audio)
    com.unity.modules.cloth@1.0.0 (location: C:\Users\Sun\Documents\GitHub\opd-lab-2\Library\PackageCache\com.unity.modules.cloth)
    com.unity.modules.director@1.0.0 (location: C:\Users\Sun\Documents\GitHub\opd-lab-2\Library\PackageCache\com.unity.modules.director)
    com.unity.modules.imageconversion@1.0.0 (location: C:\Users\Sun\Documents\GitHub\opd-lab-2\Library\PackageCache\com.unity.modules.imageconversion)
    com.unity.modules.imgui@1.0.0 (location: C:\Users\Sun\Documents\GitHub\opd-lab-2\Library\PackageCache\com.unity.modules.imgui)
    com.unity.modules.jsonserialize@1.0.0 (location: C:\Users\Sun\Documents\GitHub\opd-lab-2\Library\PackageCache\com.unity.modules.jsonserialize)
    com.unity.modules.particlesystem@1.0.0 (location: C:\Users\Sun\Documents\GitHub\opd-lab-2\Library\PackageCache\com.unity.modules.particlesystem)
    com.unity.modules.physics@1.0.0 (location: C:\Users\Sun\Documents\GitHub\opd-lab-2\Library\PackageCache\com.unity.modules.physics)
    com.unity.modules.physics2d@1.0.0 (location: C:\Users\Sun\Documents\GitHub\opd-lab-2\Library\PackageCache\com.unity.modules.physics2d)
    com.unity.modules.physicscore2d@1.0.0 (location: C:\Users\Sun\Documents\GitHub\opd-lab-2\Library\PackageCache\com.unity.modules.physicscore2d)
    com.unity.modules.screencapture@1.0.0 (location: C:\Users\Sun\Documents\GitHub\opd-lab-2\Library\PackageCache\com.unity.modules.screencapture)
    com.unity.modules.terrain@1.0.0 (location: C:\Users\Sun\Documents\GitHub\opd-lab-2\Library\PackageCache\com.unity.modules.terrain)
    com.unity.modules.terrainphysics@1.0.0 (location: C:\Users\Sun\Documents\GitHub\opd-lab-2\Library\PackageCache\com.unity.modules.terrainphysics)
    com.unity.modules.tetgen@1.0.0 (location: C:\Users\Sun\Documents\GitHub\opd-lab-2\Library\PackageCache\com.unity.modules.tetgen)
    com.unity.modules.tilemap@1.0.0 (location: C:\Users\Sun\Documents\GitHub\opd-lab-2\Library\PackageCache\com.unity.modules.tilemap)
    com.unity.modules.timelinefoundation@1.0.0 (location: C:\Users\Sun\Documents\GitHub\opd-lab-2\Library\PackageCache\com.unity.modules.timelinefoundation)
    com.unity.modules.ui@1.0.0 (location: C:\Users\Sun\Documents\GitHub\opd-lab-2\Library\PackageCache\com.unity.modules.ui)
    com.unity.modules.uielements@1.0.0 (location: C:\Users\Sun\Documents\GitHub\opd-lab-2\Library\PackageCache\com.unity.modules.uielements)
    com.unity.modules.umbra@1.0.0 (location: C:\Users\Sun\Documents\GitHub\opd-lab-2\Library\PackageCache\com.unity.modules.umbra)
    com.unity.modules.unityanalytics@1.0.0 (location: C:\Users\Sun\Documents\GitHub\opd-lab-2\Library\PackageCache\com.unity.modules.unityanalytics)
    com.unity.modules.unitywebrequest@1.0.0 (location: C:\Users\Sun\Documents\GitHub\opd-lab-2\Library\PackageCache\com.unity.modules.unitywebrequest)
    com.unity.modules.unitywebrequestassetbundle@1.0.0 (location: C:\Users\Sun\Documents\GitHub\opd-lab-2\Library\PackageCache\com.unity.modules.unitywebrequestassetbundle)
    com.unity.modules.unitywebrequestaudio@1.0.0 (location: C:\Users\Sun\Documents\GitHub\opd-lab-2\Library\PackageCache\com.unity.modules.unitywebrequestaudio)
    com.unity.modules.unitywebrequesttexture@1.0.0 (location: C:\Users\Sun\Documents\GitHub\opd-lab-2\Library\PackageCache\com.unity.modules.unitywebrequesttexture)
    com.unity.modules.unitywebrequestwww@1.0.0 (location: C:\Users\Sun\Documents\GitHub\opd-lab-2\Library\PackageCache\com.unity.modules.unitywebrequestwww)
    com.unity.modules.vectorgraphics@1.0.0 (location: C:\Users\Sun\Documents\GitHub\opd-lab-2\Library\PackageCache\com.unity.modules.vectorgraphics)
    com.unity.modules.vehicles@1.0.0 (location: C:\Users\Sun\Documents\GitHub\opd-lab-2\Library\PackageCache\com.unity.modules.vehicles)
    com.unity.modules.video@1.0.0 (location: C:\Users\Sun\Documents\GitHub\opd-lab-2\Library\PackageCache\com.unity.modules.video)
    com.unity.modules.wind@1.0.0 (location: C:\Users\Sun\Documents\GitHub\opd-lab-2\Library\PackageCache\com.unity.modules.wind)
    com.unity.modules.xr@1.0.0 (location: C:\Users\Sun\Documents\GitHub\opd-lab-2\Library\PackageCache\com.unity.modules.xr)
    com.unity.modules.subsystems@1.0.0 (location: C:\Users\Sun\Documents\GitHub\opd-lab-2\Library\PackageCache\com.unity.modules.subsystems)
    com.unity.modules.hierarchycore@1.0.0 (location: C:\Users\Sun\Documents\GitHub\opd-lab-2\Library\PackageCache\com.unity.modules.hierarchycore)
    com.unity.test-framework@1.8.0 (location: C:\Users\Sun\Documents\GitHub\opd-lab-2\Library\PackageCache\com.unity.test-framework@80f691d4262b)
    com.unity.ext.nunit@2.1.0 (location: C:\Users\Sun\Documents\GitHub\opd-lab-2\Library\PackageCache\com.unity.ext.nunit@0198eae3b53e)
[Subsystems] No new subsystems found in resolved package list.
[Package Manager] Done registering packages in 0.00 seconds
A meta data file (.meta) exists but its folder 'Assets/IndieMarc/Assets' can't be found, and has been created. Empty directories cannot be stored in version control, so it's assumed that the meta data file is for an empty directory in version control. When moving or deleting folders outside of Unity, please ensure that the corresponding .meta file is moved or deleted along with it.
A meta data file (.meta) exists but its folder 'Assets/IndieMarc/Library' can't be found, and has been created. Empty directories cannot be stored in version control, so it's assumed that the meta data file is for an empty directory in version control. When moving or deleting folders outside of Unity, please ensure that the corresponding .meta file is moved or deleted along with it.
A meta data file (.meta) exists but its folder 'Assets/IndieMarc/Logs' can't be found, and has been created. Empty directories cannot be stored in version control, so it's assumed that the meta data file is for an empty directory in version control. When moving or deleting folders outside of Unity, please ensure that the corresponding .meta file is moved or deleted along with it.
A meta data file (.meta) exists but its folder 'Assets/IndieMarc/opd-lab-2' can't be found, and has been created. Empty directories cannot be stored in version control, so it's assumed that the meta data file is for an empty directory in version control. When moving or deleting folders outside of Unity, please ensure that the corresponding .meta file is moved or deleted along with it.
A meta data file (.meta) exists but its folder 'Assets/IndieMarc/Packages' can't be found, and has been created. Empty directories cannot be stored in version control, so it's assumed that the meta data file is for an empty directory in version control. When moving or deleting folders outside of Unity, please ensure that the corresponding .meta file is moved or deleted along with it.
A meta data file (.meta) exists but its folder 'Assets/IndieMarc/ProjectSettings' can't be found, and has been created. Empty directories cannot be stored in version control, so it's assumed that the meta data file is for an empty directory in version control. When moving or deleting folders outside of Unity, please ensure that the corresponding .meta file is moved or deleted along with it.
A meta data file (.meta) exists but its folder 'Assets/IndieMarc/UserSettings' can't be found, and has been created. Empty directories cannot be stored in version control, so it's assumed that the meta data file is for an empty directory in version control. When moving or deleting folders outside of Unity, please ensure that the corresponding .meta file is moved or deleted along with it.
Starting: C:\Program Files\Unity\Hub\Editor\6000.6.3f1\Editor\Data\Tools\BuildPipeline\bee_backend.exe --ipc --defer-dag-verification --dagfile="Library/Bee/1900b0aE.dag" --continue-on-failure --profile="Library/Bee/backend1.traceevents" ScriptAssemblies
WorkingDir: C:/Users/Sun/Documents/GitHub/opd-lab-2
ExitCode: 0 Duration: 0s102ms
[209/222    0s] ILPP-Configuration Library/ilpp-configuration.nevergeneratedoutput
*** Tundra build success (0.08 seconds), 1 items updated, 222 evaluated
Total cache size 4191676
AssetDatabase: script compilation time: 0.463652s
Total cache size after purge 4191676, took 00:00:00.0149166
Begin MonoManager ReloadAssembly
Importing 'GUID: 40c896048c6b52f4da7d32fabc007099 - Path: Assets/IndieMarc/Library' with importer (DefaultImporter)
Imported 'GUID: 40c896048c6b52f4da7d32fabc007099' -> (Import Result ID: 'ae07bb00fe379e2c464ac4f1651be070') in 0.009 seconds [static dependencies only]. Details - ImportResultOutputID=b04461a07bcee2ca0770e036a7fbac30 DependenciesID=6bb5f14f2ba37d5d883f514bf444e216 StaticDependenciesID=5dfbcbf34db8d5a80937dc004fad2eef 
Native extension for WindowsStandalone target not found
Native extension for WebGL target not found
ScheduleIndexationOnStartup MainProcess:True IndexOnStartup:True
Scripting: successfully reloaded assembly
- Finished resetting the current domain, in  0.369 seconds
Domain Reload Profiling: 764ms
	BeginReloadAssembly (187ms)
		DisableScriptedObjects (15ms)
		CreateAndSetChildDomain (51ms)
	RebuildCommonClasses (7ms)
	RebuildNativeTypeToScriptingClass (12ms)
	initialDomainReloadingComplete (27ms)
	LoadAllAssembliesAndSetupDomain (161ms)
		LoadAssemblies (146ms)
		TypeCache.Refresh (11ms)
			TypeCache.ScanAssembly (6ms)
		AnalyzeDomain (7ms)
			BuildScriptInfoCaches (6ms)
	FinalizeReload (370ms)
		SetupLoadedEditorAssemblies (0ms)
			BeforeProcessingInitializeOnLoad (85ms)
			ProcessInitializeOnLoadAttributes (77ms)
			ProcessInitializeOnLoadMethodAttributes (43ms)
			AfterProcessingInitializeOnLoad (3ms)
		AwakeInstancesAfterBackupRestoration (24ms)
Starting new worker id: 0 with log in C:/Users/Sun/Documents/GitHub/opd-lab-2/Logs/AssetImportWorkerHW0.log

Asset Pipeline Refresh (id=63a661668bb3bd64bb500fe66a991c4b): Total: 1.569 seconds - Initiated by InitialRefreshV2(ForceSynchronousImport)
	(Values over 0.05ms)
	Summary:
		Imports: total=1 (actual=1, local cache=0, cache server=0)
		Asset DB Process Time: managed=2 ms, native=528 ms
		Asset DB Callback time: managed=145 ms, native=7 ms
		Scripting: domain reloads=1, domain reload time=411 ms, compile time=466 ms, other=7 ms
		Project Asset Count: scripts=196, non-scripts=196
		Asset File Changes: new=1, changed=1, moved=0, deleted=49
		Scan Filter Count: 0
	InvokePackagesCallback: 6.245ms
	ApplyChangesToAssetFolders: 0.352ms
	Scan: 57.541ms
	Collect global state as custom dependencies: 5.624ms
	OnSourceAssetsModified: 0.668ms
	CategorizeScriptCompilationAssets: 4.108ms
	ProcessAssetsWithTransientArtifactChanges: 4.449ms
	CategorizeAssets: 2.211ms
	CompileScripts: 466.083ms
	ImportOutOfDateAssets: 385.217ms (370.828ms without children)
		ImportManagerImport: 11.901ms (2.438ms without children)
		UnloadImportedAssets: 0.985ms
		ImportSchedulerStart: 1.451ms
	PostProcessAllAssets: 146.422ms
		VCAutoAddAssetPostprocess 0.683ms
		LocalizationDatabase.AssetDatabasePostprocessCallback 0.051ms
		MonoPostProcessAllAssets: 144.755ms
			SyncVS.PostprocessSyncProject 81.504ms
			AssetPostprocessor.OnPostprocessAllAssets 27.999ms
			StyleCatalogPostProcessor.OnPostprocessAllAssets 7.659ms
			WindowAssetPostprocessingWatcher.OnPostprocessAllAssets 6.162ms
			AssetChangedListener.OnPostprocessAllAssets 5.752ms
			BuilderAssetPostprocessor.OnPostprocessAllAssets 4.323ms
			RetainedModeAssetPostprocessor.OnPostprocessAllAssets 1.075ms
			EditModeScopePostprocessor.OnPostprocessAllAssets 0.690ms
			SpeedTree9Postprocessor.OnPostprocessAllAssets 0.637ms
			TextAssetPostProcessor.OnPostprocessAllAssets 0.446ms
			ArtifactBrowserPostProcessor.OnPostprocessAllAssets 0.433ms
			AudioMixerPostprocessor.OnPostprocessAllAssets 0.230ms
			ReferencedClipsPostProcessor.OnPostprocessAllAssets 0.226ms
			AssetEvents.OnPostprocessAllAssets 0.182ms
			TerrainToolbarOverlayPostProcessor.OnPostprocessAllAssets 0.158ms
			ConfigAssetsTracker.OnPostprocessAllAssets 0.151ms
			AssetDatabaseCallbacks.OnPostprocessAllAssets 0.143ms
			SpeedTreePostProcessor.OnPostprocessAllAssets 0.116ms
			ThemePostprocessor.OnPostprocessAllAssets 0.114ms
			ScenarioDriftAssetsTracker.OnPostprocessAllAssets 0.106ms
			RenderPipelineGlobalSettingsPostprocessor.OnPostprocessAllAssets 0.084ms
			AudioContainerPostProcessor.OnPostprocessAllAssets 0.064ms
	PostAssetChangesProfiler: 0.809ms
	UnloadStreamsBegin: 1.077ms
	PersistCurrentRevisions: 0.116ms
	GenerateScriptTypeHashes: 0.205ms
	GenerateScriptTypeSerializationHashes: 0.221ms
	Untracked: 485.716ms

Application.AssetDatabase Initial Refresh End
Launched and connected shader compiler UnityShaderCompiler.exe after 0.01 seconds
Scanning for USB devices : 0.419ms
Initializing Unity extensions:
[MODES] ModeService[none].Initialize
[MODES] ModeService[none].LoadModes
[MODES] Loading mode Default (0) for mode-current-id-opd-lab-2
GetVirtualKey: Could not map char: z (122) to any virtual key
GetVirtualKey: Could not map char: y (121) to any virtual key
GetVirtualKey: Could not map char: [ (91) to any virtual key
GetVirtualKey: Could not map char: ] (93) to any virtual key
GetVirtualKey: Could not map char: x (120) to any virtual key
GetVirtualKey: Could not map char: c (99) to any virtual key
GetVirtualKey: Could not map char: v (118) to any virtual key
GetVirtualKey: Could not map char: V (86) to any virtual key
GetVirtualKey: Could not map char: d (100) to any virtual key
GetVirtualKey: Could not map char: f (102) to any virtual key
GetVirtualKey: Could not map char: f (102) to any virtual key
GetVirtualKey: Could not map char: a (97) to any virtual key
GetVirtualKey: Could not map char: d (100) to any virtual key
GetVirtualKey: Could not map char: c (99) to any virtual key
GetVirtualKey: Could not map char: r (114) to any virtual key
GetVirtualKey: Could not map char: i (105) to any virtual key
GetVirtualKey: Could not map char: l (108) to any virtual key
GetVirtualKey: Could not map char: f (102) to any virtual key
GetVirtualKey: Could not map char: k (107) to any virtual key
GetVirtualKey: Could not map char: p (112) to any virtual key
GetVirtualKey: Could not map char: p (112) to any virtual key
GetVirtualKey: Could not map char: p (112) to any virtual key
GetVirtualKey: Could not map char: c (99) to any virtual key
GetVirtualKey: Could not map char: r (114) to any virtual key
GetVirtualKey: Could not map char: P (80) to any virtual key
GetVirtualKey: Could not map char: n (110) to any virtual key
GetVirtualKey: Could not map char: n (110) to any virtual key
GetVirtualKey: Could not map char: g (103) to any virtual key
GetVirtualKey: Could not map char: f (102) to any virtual key
GetVirtualKey: Could not map char: f (102) to any virtual key
GetVirtualKey: Could not map char: a (97) to any virtual key
GetVirtualKey: Could not map char: a (97) to any virtual key
GetVirtualKey: Could not map char: n (110) to any virtual key
GetVirtualKey: Could not map char: o (111) to any virtual key
GetVirtualKey: Could not map char: s (115) to any virtual key
GetVirtualKey: Could not map char: s (115) to any virtual key
GetVirtualKey: Could not map char: b (98) to any virtual key
GetVirtualKey: Could not map char: b (98) to any virtual key
GetVirtualKey: Could not map char: c (99) to any virtual key
GetVirtualKey: Could not map char: u (117) to any virtual key
Unloading 2 Unused Serialized files (Serialized files now loaded: 0)
LightingSettings: switching bake backend from 2 to 1.
Loaded scene 'Assets/IndieMarc/PlatformerDemo/Prefabs/PlatformerDemo.unity'
	Deserialize:            4.516 ms
	Integration:            35.378 ms
	Integration of assets:  0.013 ms
	Thread Wait Time:       0.030 ms
	Total Operation Time:   39.936 ms
Unloading 530 unused Assets / (1.2 MB). Loaded Objects now: 1534.
Memory consumption went from 259.2 MB to 258.1 MB.
Total: 4.050100 ms (FindLiveObjects: 0.167700 ms CreateObjectMapping: 0.019500 ms MarkObjects: 3.515100 ms  DeleteObjects: 0.235900 ms)

[LAYOUT] About to load UserSettings\Layouts\default-6000.dwlt, keepMainWindow=False
[LAYOUT] About to save layout C:\Users\Sun\Documents\GitHub\opd-lab-2\UserSettings\Layouts\default-6000.dwlt
[LAYOUT] About to save layout C:/Users/Sun/AppData/Roaming/Unity/Editor-5.x/Preferences\Layouts\current\default-6000.dwlt
[MODES] ModeService[default].InitializeCurrentMode
[MODES] ModeService[default].RaiseModeChanged(default, default)
This project uses Input Manager, which is marked for deprecation. To manage input in your project, use the <a href="https://docs.unity3d.com/Packages/com.unity.inputsystem@latest">Input System package</a> instead.
GetVirtualKey: Could not map char: z (122) to any virtual key
GetVirtualKey: Could not map char: y (121) to any virtual key
GetVirtualKey: Could not map char: [ (91) to any virtual key
GetVirtualKey: Could not map char: ] (93) to any virtual key
GetVirtualKey: Could not map char: x (120) to any virtual key
GetVirtualKey: Could not map char: c (99) to any virtual key
GetVirtualKey: Could not map char: v (118) to any virtual key
GetVirtualKey: Could not map char: V (86) to any virtual key
GetVirtualKey: Could not map char: d (100) to any virtual key
GetVirtualKey: Could not map char: f (102) to any virtual key
GetVirtualKey: Could not map char: f (102) to any virtual key
GetVirtualKey: Could not map char: a (97) to any virtual key
GetVirtualKey: Could not map char: d (100) to any virtual key
GetVirtualKey: Could not map char: c (99) to any virtual key
GetVirtualKey: Could not map char: r (114) to any virtual key
GetVirtualKey: Could not map char: i (105) to any virtual key
GetVirtualKey: Could not map char: l (108) to any virtual key
GetVirtualKey: Could not map char: f (102) to any virtual key
GetVirtualKey: Could not map char: k (107) to any virtual key
GetVirtualKey: Could not map char: p (112) to any virtual key
GetVirtualKey: Could not map char: p (112) to any virtual key
GetVirtualKey: Could not map char: p (112) to any virtual key
GetVirtualKey: Could not map char: c (99) to any virtual key
GetVirtualKey: Could not map char: r (114) to any virtual key
GetVirtualKey: Could not map char: P (80) to any virtual key
GetVirtualKey: Could not map char: n (110) to any virtual key
GetVirtualKey: Could not map char: n (110) to any virtual key
GetVirtualKey: Could not map char: g (103) to any virtual key
GetVirtualKey: Could not map char: f (102) to any virtual key
GetVirtualKey: Could not map char: f (102) to any virtual key
GetVirtualKey: Could not map char: a (97) to any virtual key
GetVirtualKey: Could not map char: a (97) to any virtual key
GetVirtualKey: Could not map char: n (110) to any virtual key
GetVirtualKey: Could not map char: o (111) to any virtual key
GetVirtualKey: Could not map char: s (115) to any virtual key
GetVirtualKey: Could not map char: s (115) to any virtual key
GetVirtualKey: Could not map char: b (98) to any virtual key
GetVirtualKey: Could not map char: b (98) to any virtual key
GetVirtualKey: Could not map char: c (99) to any virtual key
GetVirtualKey: Could not map char: u (117) to any virtual key
Unity is not designed to run with Administrator privileges.

With elevated access, scripts in your project can modify system files, registry settings, or protected areas, even accidentally.
This could make your system unstable or unbootable.

Restart as a standard user for the safest experience.
<RI> Initializing input.
<RI> Input initialized.
[Project] Loading completed in 6.721 seconds
	Project init time: 				3.703 seconds
		Template init time: 		0.000 seconds
		Package Manager init time: 		0.191 seconds
		Asset Database init time: 		0.530 seconds
		Global illumination init time: 	0.003 seconds
		Assemblies load time: 			0.999 seconds
		Unity extensions init time: 	0.001 seconds
		Asset Database refresh time: 	1.569 seconds
	Scene opening time: 			0.820 seconds
##utp:{"type":"ProjectInfo","version":2,"phase":"Immediate","time":1791007198397,"processId":11288,"projectLoad":6.7214659,"projectInit":3.7027876,"templateInit":0.0,"packageManagerInit":0.1907782,"assetDatabaseInit":0.5295658,"globalIlluminationInit":0.0034516,"assembliesLoad":0.9993725,"unityExtensionsInit":0.0013051,"assetDatabaseRefresh":1.5691580999999999,"sceneOpening":0.8200005}
##utp:{"type":"EditorInfo","version":2,"phase":"Immediate","time":1791007198397,"processId":11288,"editorVersion":"6000.6.3f1 (45d8eee7de74)","branch":"6000.6/staging","buildType":"Release","platform":"Windows"}
Worker ready: AssetImportWorkerHW0 0
Start Indexing on Editor startup
[Indexing] Starting Initial Indexing for Assets
Created GICache directory at C:/Users/Sun/AppData/LocalLow/Unity/Caches/GiCache. Took: 0.004s, timestamps: [7.337 - 7.342]
[Licensing::Client] Successfully resolved entitlement details
[Licensing::Client] Successfully resolved entitlement details
Curl error 7: Failed to connect to cdp.cloud.unity3d.com port 443 via 127.0.0.1 after 2030 ms: Could not connect to server
[Licensing::Client] Successfully updated the access token
[Licensing::Module] Successfully updated access token: "6dW_yM0Y"... (expires: 2026-10-01T21:32:33Z)
Curl error 7: Failed to connect to config.uca.cloud.unity3d.com port 443 via 127.0.0.1 after 2026 ms: Could not connect to server
Starting new worker id: 1 with log in C:/Users/Sun/Documents/GitHub/opd-lab-2/Logs/AssetImportWorkerHW1.log
[Worker0] Imported GUID: 40c896048c6b52f4da7d32fabc007099 - Path: Assets/IndieMarc/Library - Importer: ScriptedImporter/UnityEditor.QuickSearchModule:UnityEditor.Search:ASIAI0B -> (ImportResultId: 'f530bda9fbd005d658663280b1fed6a2') in 0.0553158 seconds
[Worker0] Imported GUID: 230ee21eea18d46e48f6038641c438b7 - Path: Assets/IndieMarc/PlatformerDemo/Prefabs/PlatformerDemo.unity - Importer: ScriptedImporter/UnityEditor.QuickSearchModule:UnityEditor.Search:ASIAI0B -> (ImportResultId: '7f0cd7f95e8e06bf62d0e6517be46e2f') in 0.029051 seconds
Curl error 7: Failed to connect to api.unity.com port 443 via 127.0.0.1 after 2042 ms: Could not connect to server
Worker ready: AssetImportWorkerHW1 1
[Package Manager Window] Error while getting auth code: System.InvalidOperationException: Failed to call Unity ID to get auth code. State=DONE_FAILED, ResponseCode=0, URL=https://api.unity.com/v1/oauth2/authorize
UnityEngine.Debug:ExtractStackTraceNoAlloc (byte*,int,string)
UnityEngine.StackTraceUtility:ExtractStackTrace ()
UnityEngine.DebugLogHandler:Internal_Log (UnityEngine.LogType,UnityEngine.LogOption,string,UnityEngine.Object)
UnityEngine.DebugLogHandler:LogFormat (UnityEngine.LogType,UnityEngine.Object,string,object[])
UnityEngine.Logger:Log (UnityEngine.LogType,object)
UnityEngine.Debug:LogError (object)
UnityEditor.PackageManager.UI.Internal.AssetStoreOAuth:OnOperationError (string)
UnityEditor.PackageManager.UI.Internal.AssetStoreOAuth:<GetAuthCodeAndAccessToken>b__22_0 (UnityEditor.Connect.UnityOAuth/AuthCodeResponse)
UnityEditor.Connect.UnityOAuth/<>c__DisplayClass7_0:<GetAuthorizationCodeAsync>b__0 (UnityEditor.IAsyncHTTPClient)
UnityEditor.AsyncHTTPClient:Done (UnityEditor.AsyncHTTPClient/State,int)

[Package Manager Window] Error while getting product update details: Error while getting auth code: System.InvalidOperationException: Failed to call Unity ID to get auth code. State=DONE_FAILED, ResponseCode=0, URL=https://api.unity.com/v1/oauth2/authorize
UnityEngine.Debug:ExtractStackTraceNoAlloc (byte*,int,string)
UnityEngine.StackTraceUtility:ExtractStackTrace ()
UnityEngine.DebugLogHandler:Internal_Log (UnityEngine.LogType,UnityEngine.LogOption,string,UnityEngine.Object)
UnityEngine.DebugLogHandler:LogFormat (UnityEngine.LogType,UnityEngine.Object,string,object[])
UnityEngine.Logger:Log (UnityEngine.LogType,object)
UnityEngine.Debug:Log (object)
UnityEditor.PackageManager.UI.Internal.AssetStoreClientV2/<>c__DisplayClass27_0:<FetchUpdateInfos>b__1 (UnityEditor.PackageManager.UI.Internal.UIError)
UnityEditor.PackageManager.UI.Internal.AssetStoreOAuth:OnOperationError (string)
UnityEditor.PackageManager.UI.Internal.AssetStoreOAuth:<GetAuthCodeAndAccessToken>b__22_0 (UnityEditor.Connect.UnityOAuth/AuthCodeResponse)
UnityEditor.Connect.UnityOAuth/<>c__DisplayClass7_0:<GetAuthorizationCodeAsync>b__0 (UnityEditor.IAsyncHTTPClient)
UnityEditor.AsyncHTTPClient:Done (UnityEditor.AsyncHTTPClient/State,int)

Curl error 7: Failed to connect to cdp.cloud.unity3d.com port 443 via 127.0.0.1 after 2044 ms: Could not connect to server
Curl error 7: Failed to connect to cdp.cloud.unity3d.com port 443 via 127.0.0.1 after 2015 ms: Could not connect to server
Curl error 7: Failed to connect to cdp.cloud.unity3d.com port 443 via 127.0.0.1 after 2031 ms: Could not connect to server
TrimDiskCacheJob: Current cache size 0mb
Curl error 7: Failed to connect to cdp.cloud.unity3d.com port 443 via 127.0.0.1 after 2039 ms: Could not connect to server
Curl error 7: Failed to connect to cdp.cloud.unity3d.com port 443 via 127.0.0.1 after 2054 ms: Could not connect to server
Curl error 7: Failed to connect to cdp.cloud.unity3d.com port 443 via 127.0.0.1 after 2043 ms: Could not connect to server
Curl error 7: Failed to connect to cdp.cloud.unity3d.com port 443 via 127.0.0.1 after 2056 ms: Could not connect to server
Curl error 7: Failed to connect to cdp.cloud.unity3d.com port 443 via 127.0.0.1 after 2036 ms: Could not connect to server
Curl error 7: Failed to connect to cdp.cloud.unity3d.com port 443 via 127.0.0.1 after 2038 ms: Could not connect to server
Curl error 7: Failed to connect to cdp.cloud.unity3d.com port 443 via 127.0.0.1 after 2054 ms: Could not connect to server
MonoPathRemapper: Attempts to remap: 4706; Successful remaps: 1422
Serialized file version minimum: 23, current 23
[LAYOUT] About to save layout C:\Users\Sun\Documents\GitHub\opd-lab-2\UserSettings\Layouts\default-6000.dwlt
[LAYOUT] About to save layout C:/Users/Sun/AppData/Roaming/Unity/Editor-5.x/Preferences\Layouts\current\default-6000.dwlt
Importing 'GUID: 063491c5039ab6b4ead24f95f52641b5 - Path: Assets/IndieMarc/PlatformerDemo/Sprites/Background/Trees3.mat' with importer (NativeFormatImporter)
Imported 'GUID: 063491c5039ab6b4ead24f95f52641b5' -> (Import Result ID: 'bd33bc8660dc06d9932ad13a34980fc4') in 0.001 seconds [static dependencies only]. Details - ImportResultOutputID=15e100224ad07def022def641962d0d1 DependenciesID=aebaaff9b97fa0e1296967e822038d17 StaticDependenciesID=2bf5f2d3d99e991568ac59096cebab89 
Asset Pipeline Refresh (id=38b8c2b38bec5a549b705aef6e9a7914): Total: 0.024 seconds - Initiated by StopAssetImportingV2(NoUpdateAssetOptions)
[Physics::Module] Cleanup current backend.
[Physics::Module] Id: 0xf2b8ea05
Input System module state changed to: ShutdownInProgress.
Input Polling Thread exited.
Input System module state changed to: Shutdown.
[Licensing::IpcConnector] LicenseClient-Sun-notifications channel disconnected successfully.
[Licensing::IpcConnector] LicenseClient-Sun channel disconnected successfully.
Lingering sessions upon destruction of worker manager
Unity Data Store service was successfully shut down
UDS shutting down local client system
Shut down UDS service system complete
AcceleratorClientConnectionCallback - disconnected - :0
Cleanup mono
CodeReloadManager destroyed
abort_threads: Failed aborting id: 0000000000002E8C, mono_thread_manage will ignore it

abort_threads: Failed aborting id: 0000000000002E6C, mono_thread_manage will ignore it

abort_threads: Failed aborting id: 0000000000002E8C, mono_thread_manage will ignore it

abort_threads: Failed aborting id: 0000000000002E6C, mono_thread_manage will ignore it

debugger-agent: Unable to listen on 4720
VBCSCompilerPreWarmer: requested VBCSCompiler shutdown
Checking for leaked weakptr:
  Found no leaked weakptrs.
[Package Manager] Server process was shutdown
##utp:{"type":"MemoryLeaks","version":2,"phase":"Immediate","time":1791007470453,"processId":11288,"allocatedMemory":11892958,"memoryLabels":[{"Default":184520},{"Permanent":15516},{"NewDelete":73729},{"Thread":4206072},{"Manager":34112},{"VertexData":8},{"Geometry":816},{"Texture":24},{"Shader":848781},{"Material":68},{"GfxDevice":62040},{"GfxThread":1536},{"Animation":1200},{"FreeType":8},{"FontEngine":736},{"Physics":1970},{"Physics2D":16},{"Serialization":157704},{"Input":42840},{"JobScheduler":256},{"TextLib":23254},{"Mono":48},{"ScriptingNativeRuntime":1227112},{"BaseObject":48912},{"Resource":1252},{"Renderer":2376},{"Transform":4685},{"File":10362},{"WebCam":616},{"Culling":32},{"Terrain":11442},{"Wind":24},{"STL":40},{"String":583012},{"StaticString":3808},{"Utility":2674994},{"PoolAlloc":2168},{"AI":80},{"TypeTree":17165},{"ScriptManager":12656},{"CodeReload":448},{"RuntimeInitializeOnLoadManager":64},{"Sprites":102},{"SpriteAtlas":120},{"GI":7816},{"Director":8048},{"CloudService":7440},{"WebRequest":552},{"VR":49650},{"SceneManager":608},{"Video":208},{"LazyScriptCache":32},{"Camera":1001},{"Secure":265},{"SerializationCache":9256},{"APIUpdating":10320},{"Subsystems":336},{"VirtualTexturing":57888},{"StaticSafetyDebugInfo":278528},{"Analytics":768},{"Hierarchy":1188},{"UIElements":40},{"CoreStats":14456},{"Identifiers":7152},{"Gui":267542},{"EditorUtility":140737},{"VersionControl":8},{"Undo":931},{"AssetDatabase":707465},{"AssetImporter":40},{"EditorGi":328},{"UnityConnect":36114},{"Upm":1988},{"UpmDiagnostics":8},{"AssetCompliance":96},{"DrivenProperties":72},{"LocalIPC":256},{"ProfilerEditor":9746},{"CoreBusinessMetrics":3548},{"Windowing":456},{"Licensing":12771},{"AssetReference":32},{"IPCStream":32}]}
