Unity Editor version:    6000.6.3f1 (45d8eee7de74)
Branch:                  6000.6/staging
Build type:              Release
Batch mode:              NO
macOS version:           Version 26.6.2 (Build 25G83)
Darwin version:          25.6.0
Architecture:            x86_64
Running under Rosetta:   YES
Available memory:        49152 MB
Date:                    2026-10-02T19:25:53Z
[WARNING] The Intel macOS Editor is deprecated; it will no longer be available after Unity 6.7 LTS.

VBCSCompilerPreWarmer: watching VBCSCompiler (PID 38771)
VBCSCompilerPreWarmer: pre-warm launched (dotnet PID 38773)
VBCSCompiler prewarm took 2.48 ms
[Licensing::Module] Trying to connect to existing licensing client channel...
[Licensing::IpcConnector] Successfully connected to: "LicenseClient-mariaukrainskaa" at "2026-10-02T19:25:53.198709Z"

COMMAND LINE ARGUMENTS:
/Applications/Unity/Hub/Editor/6000.6.3f1/Unity.app/Contents/MacOS/Unity
-projectpath
/Users/mariaukrainskaa/Desktop/opd-lab-2
-acceptSoftwareTermsForThisRunOnly
-useHub
-hubIPC
-cloudEnvironment
production
-licensingIpc
LicenseClient-mariaukrainskaa
-hubSessionId
69590c18-c479-44da-9ec9-d5a091b3b088
-accessToken
GYnchdolE3EaLDaV9J_Jq55gMkJv1KVqeqCqXgFaZO8009f
Successfully changed project path to: /Users/mariaukrainskaa/Desktop/opd-lab-2
/Users/mariaukrainskaa/Desktop/opd-lab-2
[UnityMemory] Configuration Parameters - Can be set up in boot.config
    "memorysetup-temp-allocator-size-gi-baking-worker=262144"
    "memorysetup-temp-allocator-size-gi-baking-worker=262144"
    "memorysetup-temp-allocator-size-gi-baking-worker=262144"
    "memorysetup-temp-allocator-size-gi-baking-worker=262144"
    "memorysetup-temp-allocator-size-gi-baking-worker=262144"
    "memorysetup-temp-allocator-size-nav-mesh-worker=65536"
    "memorysetup-temp-allocator-size-audio-worker=65536"
    "memorysetup-temp-allocator-size-cloud-worker=32768"
    "memorysetup-temp-allocator-size-preload-manager=33554432"
    "memorysetup-remapper-allocator-initial-capacity=32768"
    "memorysetup-temp-allocator-size-gfx=262144"
    "memorysetup-allocator-temp-initial-block-size-main=262144"
    "memorysetup-allocator-temp-initial-block-size-worker=262144"
    "memorysetup-temp-allocator-size-background-worker=32768"
    "memorysetup-temp-allocator-size-job-worker=262144"
    "memorysetup-bucket-allocator-granularity=16"
    "memorysetup-bucket-allocator-bucket-count=8"
    "memorysetup-bucket-allocator-block-size=33554432"
    "memorysetup-bucket-allocator-block-count=8"
    "memorysetup-main-allocator-block-size=16777216"
    "memorysetup-thread-allocator-block-size=16777216"
    "memorysetup-main-allocator-mimalloc-enabled=1"
    "memorysetup-gfx-main-allocator-block-size=16777216"
    "memorysetup-gfx-thread-allocator-block-size=16777216"
    "memorysetup-cache-allocator-block-size=4194304"
    "memorysetup-typetree-allocator-block-size=2097152"
    "memorysetup-profiler-bucket-allocator-granularity=16"
    "memorysetup-profiler-bucket-allocator-bucket-count=8"
    "memorysetup-profiler-bucket-allocator-block-size=33554432"
    "memorysetup-profiler-bucket-allocator-block-count=8"
    "memorysetup-profiler-allocator-block-size=16777216"
    "memorysetup-profiler-editor-allocator-block-size=1048576"
    "memorysetup-temp-allocator-size-main=16777216"
    "memorysetup-job-temp-allocator-block-size=2097152"
    "memorysetup-job-temp-allocator-block-size-background=1048576"
    "memorysetup-job-temp-allocator-reduction-small-platforms=262144"
[Licensing::Client] Handshaking with LicensingClient:
  Version:                 1.18.3+d7ffd15
  Session Id:              8938f35bef894a718a639980b6049309
  Correlation Id:          c771fb19f8530749345d5b5a73e05a87
  External correlation Id: 38205114981298931
  Machine Id:              LpnL7C59YsJ+/7ARDlfIqvcwJFM=
[Licensing::Module] Successfully connected to LicensingClient on channel: "LicenseClient-mariaukrainskaa" (connect: 0.00s, validation: 0.00s, handshake: 0.21s)
[Licensing::IpcConnector] Successfully connected to: "LicenseClient-mariaukrainskaa-notifications" at "2026-10-02T19:25:53.407974Z"
[Licensing::Client] Successfully updated the access token
[Licensing::Module] Successfully updated the access token GYnchdolE3...
[Licensing::Client] Successfully resolved entitlement details
[Licensing::Module] License group:
  Id: 10171657589034-UnityPersXXXX
  Product: Unity Personal
  Type: Assigned
  Expiration: Unlimited
[Licensing::Client] Successfully updated license, isAsync: True, time: 0.00
Player connection [8734928448]  Target information:

Player connection [8734928448]  * "[IP] 192.168.3.97 [Port] 55504 [Flags] 2 [Guid] 2257919736 [EditorId] 2257919736 [Version] 1048832 [Id] OSXEditor(0,MacBook-Pro-Maria.local) [Debug] 1 [PackageName] OSXEditor [ProjectName] Editor" 

Player connection [8734928448]  * "[IP] 198.18.0.1 [Port] 55504 [Flags] 2 [Guid] 2257919736 [EditorId] 2257919736 [Version] 1048832 [Id] OSXEditor(0,MacBook-Pro-Maria.local) [Debug] 1 [PackageName] OSXEditor [ProjectName] Editor" 

Player connection [8734928448] Host joined multi-casting on [225.0.0.222:54997]...
Player connection [8734928448] Host joined alternative multi-casting on [225.0.0.222:34997]...
Input System module state changed to: Initialized.
[Physics::Module] Initialized fallback backend.
[Physics::Module] Id: 0xdecafbad
Initialising UDS system complete:
  - System type: Client
  - Resource namespace: 0c596b7d3f5baa171a000a695f0b155f
  - Shared memory size: 1073741824
  - Command buffer id: 1052672
  - Command buffer size: 8192
  - Hashmap size: 4194304
  - Service connected: false
[Package Manager] Connected to IPC stream "Upm-38770" after 0.2 seconds.
[Licensing::Client] Successfully resolved entitlement details
Library Redirect Path: Library/
Launching Unity Data Store - /Applications/Unity/Hub/Editor/6000.6.3f1/Unity.app/Contents/Helpers/Unity.DataStore 
Unity Data Store artifact dir = Library/DataStore, working dir = /Users/mariaukrainskaa/Desktop/opd-lab-2Serialized file "ProjectSettings/AudioManager.asset" contains a AudioManager object at version 1, below the supported minimum (2). Open and re-save the file to upgrade.
Serialized file "ProjectSettings/DynamicsManager.asset" contains a PhysicsManager object at version 7, below the supported minimum (13). Open and re-save the file to upgrade.
Serialized file "ProjectSettings/Physics2DSettings.asset" contains a Physics2DSettings object at version 3, below the supported minimum (4). Open and re-save the file to upgrade.
Unity Data Store running and initialised
[Physics::Module] Selected backend (deferred post-plugins).
[Physics::Module] Name: PhysX
[Physics::Module] Id: 0xf2b8ea05
[Physics::Module] SDK Version: 4.1.2
[Physics::Module] Integration Version: 1.0.0
[Physics::Module] Threading Mode: Multi-Threaded
Initialize engine version: 6000.6.3f1 (45d8eee7de74)
[EntityIdStore] init: VM path (explicit commit), pageSize=4096, blockCount=1048576, entitiesPerBlock=256, slots reserved=4294967296 bytes
[Subsystems] Discovering subsystems at path /Applications/Unity/Hub/Editor/6000.6.3f1/Unity.app/Contents/Resources/UnitySubsystems
[Subsystems] Discovering subsystems at path /Users/mariaukrainskaa/Desktop/opd-lab-2/Assets
GfxDevice: creating device client; kGfxThreadingModeThreaded
 preferred device: Apple M5 Pro (high power)
Metal devices available: 1
0: Apple M5 Pro (high power)
Using device Apple M5 Pro (high power)
Initializing Metal device caps: Apple M5 Pro
Mac GPU Family: 2
Apple GPU Family: 9
MSL Version: 3.0
Has Float MSAA: 1
Has Float Filtering: 1
ReadWrite Texture Tier: 2
Initialize mono
Mono path[0] = '/Applications/Unity/Hub/Editor/6000.6.3f1/Unity.app/Contents/Resources/Scripting/Managed'
Mono path[1] = '/Applications/Unity/Hub/Editor/6000.6.3f1/Unity.app/Contents/Resources/Scripting/BCLExtensions/runtime/netstandard2.1'
Mono path[2] = '/Applications/Unity/Hub/Editor/6000.6.3f1/Unity.app/Contents/Resources/Scripting/MonoBleedingEdge/lib/mono/unityjit-macos'
Mono config path = '/Applications/Unity/Hub/Editor/6000.6.3f1/Unity.app/Contents/Resources/Scripting/MonoBleedingEdge/etc'
Using monoOptions --debugger-agent=transport=dt_socket,embedding=1,server=y,suspend=n,address=127.0.0.1:56770
CodeReloadManager initialized
ImportWorker Server TCP listen port: 0
AcceleratorClientConnectionCallback - disconnected - :0
Begin MonoManager ReloadAssembly
Registering precompiled unity dll's ...
Register platform support module: /Applications/Unity/Hub/Editor/6000.6.3f1/PlaybackEngines/WebGLSupport/UnityEditor.WebGL.Extensions.dll
Register platform support module: /Applications/Unity/Hub/Editor/6000.6.3f1/PlaybackEngines/MacStandaloneSupport/UnityEditor.OSXStandalone.Extensions.dll
Registered in 0.001027 seconds.
Native extension for OSXStandalone target not found
Native extension for WebGL target not found
Package Manager log level set to [2]
ScheduleIndexationOnStartup MainProcess:False IndexOnStartup:True
Scripting: successfully reloaded assembly
- Finished resetting the current domain, in  2.146 seconds
Domain Reload Profiling: 2920ms
	BeginReloadAssembly (158ms)
		CreateAndSetChildDomain (24ms)
	RebuildCommonClasses (7ms)
	RebuildNativeTypeToScriptingClass (12ms)
	initialDomainReloadingComplete (105ms)
	LoadAllAssembliesAndSetupDomain (487ms)
		LoadAssemblies (133ms)
		TypeCache.Refresh (181ms)
			TypeCache.ScanAssembly (169ms)
		AnalyzeDomain (1ms)
	FinalizeReload (2152ms)
		SetupLoadedEditorAssemblies (0ms)
			LogAssemblyErrors (3ms)
			InitializePlatformSupportModulesInManaged (5ms)
			BeforeProcessingInitializeOnLoad (640ms)
			ProcessInitializeOnLoadAttributes (462ms)
			ProcessInitializeOnLoadMethodAttributes (467ms)
[Licensing::Client] Successfully resolved entitlement details
Application.AssetDatabase Initial Refresh Start
[Package Manager] Done resolving packages in 2.79 seconds
[Licensing::Client] Successfully resolved entitlement details
[Package Manager] Registered 42 packages:
  Packages from [https://packages.unity.com]:
    com.unity.ide.rider@3.0.38 (location: /Users/mariaukrainskaa/Desktop/opd-lab-2/Library/PackageCache/com.unity.ide.rider@1f60b3138684)
    com.unity.ide.visualstudio@2.0.26 (location: /Users/mariaukrainskaa/Desktop/opd-lab-2/Library/PackageCache/com.unity.ide.visualstudio@a99d56dec63f)
  Built-in packages:
    com.unity.modules.accessibility@1.0.0 (location: /Users/mariaukrainskaa/Desktop/opd-lab-2/Library/PackageCache/com.unity.modules.accessibility)
    com.unity.modules.adaptiveperformance@1.0.0 (location: /Users/mariaukrainskaa/Desktop/opd-lab-2/Library/PackageCache/com.unity.modules.adaptiveperformance)
    com.unity.modules.ai@1.0.0 (location: /Users/mariaukrainskaa/Desktop/opd-lab-2/Library/PackageCache/com.unity.modules.ai)
    com.unity.modules.androidjni@1.0.0 (location: /Users/mariaukrainskaa/Desktop/opd-lab-2/Library/PackageCache/com.unity.modules.androidjni)
    com.unity.modules.animation@1.0.0 (location: /Users/mariaukrainskaa/Desktop/opd-lab-2/Library/PackageCache/com.unity.modules.animation)
    com.unity.modules.assetbundle@1.0.0 (location: /Users/mariaukrainskaa/Desktop/opd-lab-2/Library/PackageCache/com.unity.modules.assetbundle)
    com.unity.modules.audio@1.0.0 (location: /Users/mariaukrainskaa/Desktop/opd-lab-2/Library/PackageCache/com.unity.modules.audio)
    com.unity.modules.cloth@1.0.0 (location: /Users/mariaukrainskaa/Desktop/opd-lab-2/Library/PackageCache/com.unity.modules.cloth)
    com.unity.modules.director@1.0.0 (location: /Users/mariaukrainskaa/Desktop/opd-lab-2/Library/PackageCache/com.unity.modules.director)
    com.unity.modules.imageconversion@1.0.0 (location: /Users/mariaukrainskaa/Desktop/opd-lab-2/Library/PackageCache/com.unity.modules.imageconversion)
    com.unity.modules.imgui@1.0.0 (location: /Users/mariaukrainskaa/Desktop/opd-lab-2/Library/PackageCache/com.unity.modules.imgui)
    com.unity.modules.jsonserialize@1.0.0 (location: /Users/mariaukrainskaa/Desktop/opd-lab-2/Library/PackageCache/com.unity.modules.jsonserialize)
    com.unity.modules.particlesystem@1.0.0 (location: /Users/mariaukrainskaa/Desktop/opd-lab-2/Library/PackageCache/com.unity.modules.particlesystem)
    com.unity.modules.physics@1.0.0 (location: /Users/mariaukrainskaa/Desktop/opd-lab-2/Library/PackageCache/com.unity.modules.physics)
    com.unity.modules.physics2d@1.0.0 (location: /Users/mariaukrainskaa/Desktop/opd-lab-2/Library/PackageCache/com.unity.modules.physics2d)
    com.unity.modules.physicscore2d@1.0.0 (location: /Users/mariaukrainskaa/Desktop/opd-lab-2/Library/PackageCache/com.unity.modules.physicscore2d)
    com.unity.modules.screencapture@1.0.0 (location: /Users/mariaukrainskaa/Desktop/opd-lab-2/Library/PackageCache/com.unity.modules.screencapture)
    com.unity.modules.terrain@1.0.0 (location: /Users/mariaukrainskaa/Desktop/opd-lab-2/Library/PackageCache/com.unity.modules.terrain)
    com.unity.modules.terrainphysics@1.0.0 (location: /Users/mariaukrainskaa/Desktop/opd-lab-2/Library/PackageCache/com.unity.modules.terrainphysics)
    com.unity.modules.tetgen@1.0.0 (location: /Users/mariaukrainskaa/Desktop/opd-lab-2/Library/PackageCache/com.unity.modules.tetgen)
    com.unity.modules.tilemap@1.0.0 (location: /Users/mariaukrainskaa/Desktop/opd-lab-2/Library/PackageCache/com.unity.modules.tilemap)
    com.unity.modules.timelinefoundation@1.0.0 (location: /Users/mariaukrainskaa/Desktop/opd-lab-2/Library/PackageCache/com.unity.modules.timelinefoundation)
    com.unity.modules.ui@1.0.0 (location: /Users/mariaukrainskaa/Desktop/opd-lab-2/Library/PackageCache/com.unity.modules.ui)
    com.unity.modules.uielements@1.0.0 (location: /Users/mariaukrainskaa/Desktop/opd-lab-2/Library/PackageCache/com.unity.modules.uielements)
    com.unity.modules.umbra@1.0.0 (location: /Users/mariaukrainskaa/Desktop/opd-lab-2/Library/PackageCache/com.unity.modules.umbra)
    com.unity.modules.unityanalytics@1.0.0 (location: /Users/mariaukrainskaa/Desktop/opd-lab-2/Library/PackageCache/com.unity.modules.unityanalytics)
    com.unity.modules.unitywebrequest@1.0.0 (location: /Users/mariaukrainskaa/Desktop/opd-lab-2/Library/PackageCache/com.unity.modules.unitywebrequest)
    com.unity.modules.unitywebrequestassetbundle@1.0.0 (location: /Users/mariaukrainskaa/Desktop/opd-lab-2/Library/PackageCache/com.unity.modules.unitywebrequestassetbundle)
    com.unity.modules.unitywebrequestaudio@1.0.0 (location: /Users/mariaukrainskaa/Desktop/opd-lab-2/Library/PackageCache/com.unity.modules.unitywebrequestaudio)
    com.unity.modules.unitywebrequesttexture@1.0.0 (location: /Users/mariaukrainskaa/Desktop/opd-lab-2/Library/PackageCache/com.unity.modules.unitywebrequesttexture)
    com.unity.modules.unitywebrequestwww@1.0.0 (location: /Users/mariaukrainskaa/Desktop/opd-lab-2/Library/PackageCache/com.unity.modules.unitywebrequestwww)
    com.unity.modules.vectorgraphics@1.0.0 (location: /Users/mariaukrainskaa/Desktop/opd-lab-2/Library/PackageCache/com.unity.modules.vectorgraphics)
    com.unity.modules.vehicles@1.0.0 (location: /Users/mariaukrainskaa/Desktop/opd-lab-2/Library/PackageCache/com.unity.modules.vehicles)
    com.unity.modules.video@1.0.0 (location: /Users/mariaukrainskaa/Desktop/opd-lab-2/Library/PackageCache/com.unity.modules.video)
    com.unity.modules.wind@1.0.0 (location: /Users/mariaukrainskaa/Desktop/opd-lab-2/Library/PackageCache/com.unity.modules.wind)
    com.unity.modules.xr@1.0.0 (location: /Users/mariaukrainskaa/Desktop/opd-lab-2/Library/PackageCache/com.unity.modules.xr)
    com.unity.modules.subsystems@1.0.0 (location: /Users/mariaukrainskaa/Desktop/opd-lab-2/Library/PackageCache/com.unity.modules.subsystems)
    com.unity.modules.hierarchycore@1.0.0 (location: /Users/mariaukrainskaa/Desktop/opd-lab-2/Library/PackageCache/com.unity.modules.hierarchycore)
    com.unity.test-framework@1.8.0 (location: /Users/mariaukrainskaa/Desktop/opd-lab-2/Library/PackageCache/com.unity.test-framework@80f691d4262b)
    com.unity.ext.nunit@2.1.0 (location: /Users/mariaukrainskaa/Desktop/opd-lab-2/Library/PackageCache/com.unity.ext.nunit@0198eae3b53e)
[Subsystems] No new subsystems found in resolved package list.
[Package Manager] Done registering packages in 0.00 seconds
AcceleratorClientConnectionCallback - disconnected - :0
Starting: /Applications/Unity/Hub/Editor/6000.6.3f1/Unity.app/Contents/Resources/BuildPipeline/bee_backend --ipc --defer-dag-verification --dagfile="Library/Bee/200b0aE.dag" --continue-on-failure --profile="Library/Bee/backend1.traceevents" ScriptAssemblies
WorkingDir: /Users/mariaukrainskaa/Desktop/opd-lab-2
ExitCode: 4 Duration: 30s
Rebuilding DAG because FileSignature timestamp changed: Library/Bee/200b0aE-inputdata.json
[186/219    0s] MovedFromExtractor-Combine Library/Bee/artifacts/200b0aE.dag/UnityEngine.TestRunner.dll.mvfrm
[BUSY       6s] ILPP-Configuration Library/ilpp-configuration.nevergeneratedoutput
[BUSY      16s] ILPP-Configuration Library/ilpp-configuration.nevergeneratedoutput
[BUSY      26s] ILPP-Configuration Library/ilpp-configuration.nevergeneratedoutput
*** Tundra requires additional run (30.20 seconds), 2 items updated, 185 evaluated
Starting: /Applications/Unity/Hub/Editor/6000.6.3f1/Unity.app/Contents/Resources/Scripting/DotNetSdk/dotnet "/Applications/Unity/Hub/Editor/6000.6.3f1/Unity.app/Contents/Resources/BuildPipeline/ScriptCompilationBuildProgram.exe" "Library/Bee/200b0aE.dag.json" "Library/Bee/200b0aE-inputdata.json" "Library/Bee/buildprogram0.traceevents"
WorkingDir: /Users/mariaukrainskaa/Desktop/opd-lab-2
ExitCode: 0 Duration: 0s538ms
Starting: /Applications/Unity/Hub/Editor/6000.6.3f1/Unity.app/Contents/Resources/BuildPipeline/bee_backend --ipc --defer-dag-verification --dagfile="Library/Bee/200b0aE.dag" --continue-on-failure --dagfilejson="Library/Bee/200b0aE.dag.json" --profile="Library/Bee/backend2.traceevents" ScriptAssemblies
WorkingDir: /Users/mariaukrainskaa/Desktop/opd-lab-2
ExitCode: 0 Duration: 1s992ms
Finished compiling graph: 222 nodes, 1511 flattened edges (1443 ToBuild, 12 ToUse), maximum node priority 72
[ 27/219    0s] WriteText Library/Bee/artifacts/200b0aE.dag/UnityEngine.TestRunner.UnityAdditionalFile.txt
[ 29/219    0s] WriteText Library/Bee/artifacts/200b0aE.dag/UnityEngine.TestRunner.rsp2
[167/219    0s] WriteText Library/Bee/artifacts/200b0aE.dag/UnityEditor.TestRunner.rsp2
[171/219    0s] WriteText Library/Bee/artifacts/200b0aE.dag/UnityEditor.TestRunner.UnityAdditionalFile.txt
[179/219    0s] WriteText Library/Bee/artifacts/200b0aE.dag/Unity.VisualStudio.Editor.rsp2
[181/219    0s] WriteText Library/Bee/artifacts/200b0aE.dag/Unity.Rider.Editor.UnityAdditionalFile.txt
[182/219    0s] WriteText Library/Bee/artifacts/200b0aE.dag/Unity.VisualStudio.Editor.UnityAdditionalFile.txt
[183/219    0s] WriteText Library/Bee/artifacts/200b0aE.dag/Unity.Rider.Editor.rsp2
[184/219    0s] WriteText Library/Bee/artifacts/200b0aE.dag/Assembly-CSharp.UnityAdditionalFile.txt
[185/219    0s] WriteText Library/Bee/artifacts/200b0aE.dag/Assembly-CSharp-Editor.UnityAdditionalFile.txt
[189/219    0s] MovedFromExtractor-Combine Library/Bee/artifacts/200b0aE.dag/UnityEditor.TestRunner.dll.mvfrm
[192/219    0s] MovedFromExtractor-Combine Library/Bee/artifacts/200b0aE.dag/Unity.VisualStudio.Editor.dll.mvfrm
[193/219    0s] MovedFromExtractor-Combine Library/Bee/artifacts/200b0aE.dag/Unity.Rider.Editor.dll.mvfrm
[202/219    0s] ILPP-Configuration Library/ilpp-configuration.nevergeneratedoutput
[203/219    0s] MovedFromExtractor-Combine Library/Bee/artifacts/200b0aE.dag/Assembly-CSharp-Editor.dll.mvfrm
[204/219    0s] MovedFromExtractor-Combine Library/Bee/artifacts/200b0aE.dag/Assembly-CSharp.dll.mvfrm
[205/219    0s] ILPostProcess Library/Bee/artifacts/200b0aE.dag/post-processed/UnityEditor.TestRunner.dll (+pdb)
Processing assembly Library/Bee/artifacts/200b0aE.dag/UnityEditor.TestRunner.dll, with 143 defines and 298 references
processors: zzzUnity.Burst.CodeGen.BurstILPostProcessor
1 processor(s) skipped this assembly
[206/219    0s] ILPostProcess Library/Bee/artifacts/200b0aE.dag/post-processed/UnityEngine.TestRunner.dll (+pdb)
Processing assembly Library/Bee/artifacts/200b0aE.dag/UnityEngine.TestRunner.dll, with 145 defines and 288 references
processors: zzzUnity.Burst.CodeGen.BurstILPostProcessor
1 processor(s) skipped this assembly
[211/219    0s] Csc Library/Bee/artifacts/200b0aE.dag/Assembly-CSharp.dll (+2 others)
[212/219    0s] ILPostProcess Library/Bee/artifacts/200b0aE.dag/post-processed/Assembly-CSharp.dll (+pdb)
Processing assembly Library/Bee/artifacts/200b0aE.dag/Assembly-CSharp.dll, with 144 defines and 290 references
processors: zzzUnity.Burst.CodeGen.BurstILPostProcessor
1 processor(s) skipped this assembly
[213/219    0s] CopyFiles Library/ScriptAssemblies/Assembly-CSharp.dll
[214/219    0s] CopyFiles Library/ScriptAssemblies/Assembly-CSharp.pdb
[215/219    0s] Csc Library/Bee/artifacts/200b0aE.dag/Assembly-CSharp-Editor.dll (+2 others)
Assets/IndieMarc/PlatformerDemo/Editor/ImportPackage.cs(21,13): warning CS0618: 'EditorApplication.hierarchyWindowChanged' is obsolete: 'Use EditorApplication.hierarchyChanged'
Assets/IndieMarc/TopDownDemo/Editor/ImportPackage.cs(22,13): warning CS0618: 'EditorApplication.hierarchyWindowChanged' is obsolete: 'Use EditorApplication.hierarchyChanged'
Assets/IndieMarc/TopDownDemo/Editor/FixZ.cs(49,41): warning CS0618: 'Object.FindObjectsOfType<T>()' is obsolete: 'Object.FindObjectsOfType has been deprecated. Use Object.FindObjectsByType instead which lets you decide whether you need the results sorted or not.  FindObjectsOfType sorts the results by InstanceID but if you do not need this using FindObjectSortMode.None is considerably faster.'
Assets/IndieMarc/TopDownDemo/Editor/FixZ.cs(50,41): warning CS0618: 'Object.FindObjectsOfType<T>()' is obsolete: 'Object.FindObjectsOfType has been deprecated. Use Object.FindObjectsByType instead which lets you decide whether you need the results sorted or not.  FindObjectsOfType sorts the results by InstanceID but if you do not need this using FindObjectSortMode.None is considerably faster.'
[216/219    0s] ILPostProcess Library/Bee/artifacts/200b0aE.dag/post-processed/Assembly-CSharp-Editor.dll (+pdb)
Processing assembly Library/Bee/artifacts/200b0aE.dag/Assembly-CSharp-Editor.dll, with 142 defines and 303 references
processors: zzzUnity.Burst.CodeGen.BurstILPostProcessor
1 processor(s) skipped this assembly
[217/219    0s] CopyFiles Library/ScriptAssemblies/Assembly-CSharp-Editor.pdb
[218/219    0s] CopyFiles Library/ScriptAssemblies/Assembly-CSharp-Editor.dll
*** Tundra build success (1.95 seconds), 26 items updated, 219 evaluated
Total cache size 82860792
Assets/IndieMarc/PlatformerDemo/Editor/ImportPackage.cs(21,13): warning CS0618: 'EditorApplication.hierarchyWindowChanged' is obsolete: 'Use EditorApplication.hierarchyChanged'
Assets/IndieMarc/TopDownDemo/Editor/ImportPackage.cs(22,13): warning CS0618: 'EditorApplication.hierarchyWindowChanged' is obsolete: 'Use EditorApplication.hierarchyChanged'
Assets/IndieMarc/TopDownDemo/Editor/FixZ.cs(49,41): warning CS0618: 'Object.FindObjectsOfType<T>()' is obsolete: 'Object.FindObjectsOfType has been deprecated. Use Object.FindObjectsByType instead which lets you decide whether you need the results sorted or not.  FindObjectsOfType sorts the results by InstanceID but if you do not need this using FindObjectSortMode.None is considerably faster.'
Assets/IndieMarc/TopDownDemo/Editor/FixZ.cs(50,41): warning CS0618: 'Object.FindObjectsOfType<T>()' is obsolete: 'Object.FindObjectsOfType has been deprecated. Use Object.FindObjectsByType instead which lets you decide whether you need the results sorted or not.  FindObjectsOfType sorts the results by InstanceID but if you do not need this using FindObjectSortMode.None is considerably faster.'
AssetDatabase: script compilation time: 33.670587s
Total cache size after purge 82860792, took 00:00:00.0699802
Begin MonoManager ReloadAssembly
Importing 'GUID: 00000000000000004000000000000000 - Path: ProjectSettings/ProjectSettings.asset' with importer (LibraryAssetImporter)
Imported 'GUID: 00000000000000004000000000000000' -> (Import Result ID: '056e03b59b1fccf661b32558a2153231') in 0.028 seconds [static dependencies only]. Details - ImportResultOutputID=054c890a8f4b6dddbea933bc5e4b7df4 DependenciesID=b0fbf622a5fc291ae649773da81f9e77 StaticDependenciesID=bb0d53b9a7848126e298fd1ec88c6ba4 
Native extension for OSXStandalone target not found
Native extension for WebGL target not found
ScheduleIndexationOnStartup MainProcess:True IndexOnStartup:True
Scripting: successfully reloaded assembly
- Finished resetting the current domain, in  1.268 seconds
Domain Reload Profiling: 2156ms
	BeginReloadAssembly (349ms)
		DisableScriptedObjects (61ms)
		CreateAndSetChildDomain (67ms)
	RebuildCommonClasses (8ms)
	RebuildNativeTypeToScriptingClass (12ms)
	initialDomainReloadingComplete (63ms)
	LoadAllAssembliesAndSetupDomain (453ms)
		LoadAssemblies (300ms)
		TypeCache.Refresh (12ms)
			TypeCache.ScanAssembly (7ms)
		AnalyzeDomain (15ms)
			BuildScriptInfoCaches (13ms)
	FinalizeReload (1273ms)
		SetupLoadedEditorAssemblies (0ms)
			LogAssemblyErrors (3ms)
			InitializePlatformSupportModulesInManaged (4ms)
			BeforeProcessingInitializeOnLoad (366ms)
			ProcessInitializeOnLoadAttributes (278ms)
			ProcessInitializeOnLoadMethodAttributes (90ms)
		AwakeInstancesAfterBackupRestoration (64ms)
Starting new worker id: 0 with log in /Users/mariaukrainskaa/Desktop/opd-lab-2/Logs/AssetImportWorkerHW0.log
Launching external process: /Applications/Unity/Hub/Editor/6000.6.3f1/Unity.app/Contents/Helpers/UnityShaderCompiler
Launched and connected shader compiler UnityShaderCompiler after 0.04 seconds

Asset Pipeline Refresh (id=125800fa14f2e4d5fad6a6e224872bae): Total: 39.264 seconds - Initiated by InitialRefreshV2(ForceSynchronousImport)
	(Values over 0.05ms)
	Summary:
		Imports: total=1 (actual=1, local cache=0, cache server=0)
		Asset DB Process Time: managed=5 ms, native=1558 ms
		Asset DB Callback time: managed=226 ms, native=2892 ms
		Scripting: domain reloads=1, domain reload time=899 ms, compile time=33674 ms, other=6 ms
		Project Asset Count: scripts=189, non-scripts=194
		Asset File Changes: new=0, changed=1, moved=0, deleted=0
		Scan Filter Count: 1
	InvokePackagesCallback: 2804.075ms
	ApplyChangesToAssetFolders: 0.318ms
	Scan: 90.490ms
	Collect global state as custom dependencies: 11.847ms
	OnSourceAssetsModified: 0.944ms
	CategorizeScriptCompilationAssets: 3.563ms
	ProcessAssetsWithTransientArtifactChanges: 5.380ms
	CategorizeAssets: 4.313ms
	CompileScripts: 33674.423ms
	ImportOutOfDateAssets: 1320.442ms (1273.820ms without children)
		ImportManagerImport: 34.987ms (6.503ms without children)
		UnloadImportedAssets: 2.295ms
		EnsureUptoDateAssetsAreRegisteredWithGuidPM: 0.095ms
		ImportSchedulerStart: 9.240ms
	PostProcessAllAssets: 327.900ms
		VCAutoAddAssetPostprocess 3.662ms
		MonoPostProcessAllAssets: 225.904ms
			AssetPostprocessor.OnPostprocessAllAssets 69.612ms
			BuilderAssetPostprocessor.OnPostprocessAllAssets 42.728ms
			WindowAssetPostprocessingWatcher.OnPostprocessAllAssets 27.014ms
			AssetChangedListener.OnPostprocessAllAssets 18.930ms
			StyleCatalogPostProcessor.OnPostprocessAllAssets 18.261ms
			EditModeScopePostprocessor.OnPostprocessAllAssets 3.877ms
			RetainedModeAssetPostprocessor.OnPostprocessAllAssets 3.697ms
			SpeedTree9Postprocessor.OnPostprocessAllAssets 2.229ms
			ArtifactBrowserPostProcessor.OnPostprocessAllAssets 1.441ms
			TextAssetPostProcessor.OnPostprocessAllAssets 1.371ms
			ThemePostprocessor.OnPostprocessAllAssets 0.860ms
			AudioMixerPostprocessor.OnPostprocessAllAssets 0.694ms
			ReferencedClipsPostProcessor.OnPostprocessAllAssets 0.323ms
			AssetDatabaseCallbacks.OnPostprocessAllAssets 0.318ms
			TerrainToolbarOverlayPostProcessor.OnPostprocessAllAssets 0.308ms
			ScenarioDriftAssetsTracker.OnPostprocessAllAssets 0.292ms
			AssetEvents.OnPostprocessAllAssets 0.274ms
			SpeedTreePostProcessor.OnPostprocessAllAssets 0.253ms
			SyncVS.PostprocessSyncProject 0.251ms
			RenderPipelineGlobalSettingsPostprocessor.OnPostprocessAllAssets 0.246ms
			ConfigAssetsTracker.OnPostprocessAllAssets 0.190ms
			AudioContainerPostProcessor.OnPostprocessAllAssets 0.142ms
	PostAssetChangesProfiler: 1.429ms
	UnloadStreamsBegin: 1.363ms
	PersistCurrentRevisions: 0.193ms
	GenerateScriptTypeHashes: 0.213ms
	GenerateScriptTypeSerializationHashes: 0.226ms
	Untracked: 1026.312ms

Application.AssetDatabase Initial Refresh End
Scanning for USB devices : 0.026ms
Initializing Unity extensions:
The Intel macOS Editor is deprecated; it will no longer be available after Unity 6.7 LTS.
[MODES] ModeService[none].Initialize
[MODES] ModeService[none].LoadModes
[MODES] Loading mode Default (0) for mode-current-id-New Unity Project
Unloading 3 Unused Serialized files (Serialized files now loaded: 0)
Unloading 524 unused Assets / (411.6 KB). Loaded Objects now: 1280.
Memory consumption went from 142.3 MB to 141.8 MB.
Total: 6.032750 ms (FindLiveObjects: 0.131834 ms CreateObjectMapping: 0.011292 ms MarkObjects: 5.616666 ms  DeleteObjects: 0.234167 ms)

[LAYOUT] About to load UserSettings/Layouts/default-6000.dwlt, keepMainWindow=False
Worker ready: AssetImportWorkerHW0 0
[LAYOUT] About to save layout /Users/mariaukrainskaa/Desktop/opd-lab-2/UserSettings/Layouts/default-6000.dwlt
[LAYOUT] About to save layout /Users/mariaukrainskaa/Library/Preferences/Unity/Editor-5.x/Layouts/current/default-6000.dwlt
[MODES] ModeService[default].InitializeCurrentMode
[MODES] ModeService[default].RaiseModeChanged(default, default)
This project uses Input Manager, which is marked for deprecation. To manage input in your project, use the <a href="https://docs.unity3d.com/Packages/com.unity.inputsystem@latest">Input System package</a> instead.
[Project] Loading completed in 45.197 seconds
	Project init time: 				42.895 seconds
		Template init time: 		0.000 seconds
		Package Manager init time: 		0.213 seconds
		Asset Database init time: 		0.148 seconds
		Global illumination init time: 	0.002 seconds
		Assemblies load time: 			2.960 seconds
		Unity extensions init time: 	0.002 seconds
		Asset Database refresh time: 	39.266 seconds
	Scene opening time: 			2.160 seconds
##utp:{"type":"ProjectInfo","version":2,"phase":"Immediate","time":1790969198390,"processId":38770,"projectLoad":45.197210459000004,"projectInit":42.894978667,"templateInit":0.0,"packageManagerInit":0.213289209,"assetDatabaseInit":0.147920209,"globalIlluminationInit":0.001801833,"assembliesLoad":2.960133416,"unityExtensionsInit":0.001684625,"assetDatabaseRefresh":39.266165917,"sceneOpening":2.160332875}
##utp:{"type":"EditorInfo","version":2,"phase":"Immediate","time":1790969198390,"processId":38770,"editorVersion":"6000.6.3f1 (45d8eee7de74)","branch":"6000.6/staging","buildType":"Release","platform":"OSX"}
Subscribe to USB device events
[MODES] ModeService[default].LoadModes
[Licensing::Client] Successfully resolved entitlement details
Created GICache directory at /Users/mariaukrainskaa/Library/Caches/com.unity3d.UnityEditor/GiCache. Took: 0.005s, timestamps: [45.248 - 45.253]
[Licensing::Client] Successfully resolved entitlement details
[Licensing::Client] Successfully updated the access token
[Licensing::Module] Successfully updated access token: "GYnchdol"... (expires: 2026-10-02T20:41:25Z)
[Licensing::Client] Successfully resolved entitlement details
Asset Pipeline Refresh (id=13098ef97e69e481ea0f7d1611fc839b): Total: 0.011 seconds - Initiated by RefreshV2(AllowForceSynchronousImport)
Start Indexing on Editor startup
[Indexing] Starting Initial Indexing for Assets
Starting new worker id: 1 with log in /Users/mariaukrainskaa/Desktop/opd-lab-2/Logs/AssetImportWorkerHW1.log
[Worker0] Imported GUID: 799f67c2035f9f441938e2be8676d387 - Path: Assets/IndieMarc/TopDownDemo/Textures/Lever_position05.png - Importer: ScriptedImporter/UnityEditor.QuickSearchModule:UnityEditor.Search:ASIAI0B -> (ImportResultId: '0f2e95389fccfcca094a8074456e4dbb') in 0.279773792 seconds
Starting new worker id: 2 with log in /Users/mariaukrainskaa/Desktop/opd-lab-2/Logs/AssetImportWorkerHW2.log
[Worker0] Imported GUID: e90a72647bbe86f41a7c79766f5cd8c7 - Path: Assets/IndieMarc/PlatformerDemo/Tilemap/Old/old-tile-flat-top.png - Importer: ScriptedImporter/UnityEditor.QuickSearchModule:UnityEditor.Search:ASIAI0B -> (ImportResultId: 'f8d2e42886b5f45473735740cfd6c966') in 0.009312541 seconds
[Worker0] Imported GUID: f86bdb239ddc5f644bcd637af39857dc - Path: Assets/IndieMarc/PlatformerDemo/Sprites/Lever - Importer: ScriptedImporter/UnityEditor.QuickSearchModule:UnityEditor.Search:ASIAI0B -> (ImportResultId: '0e84cfd0dc50350cffa50a97b7377ff8') in 0.003655833 seconds
[Worker0] Imported GUID: 158dce27acd4a5b458f5fb90288ca7dc - Path: Assets/IndieMarc/PlatformerDemo/Tilemap/Old/old-tile-flat-bottom.png - Importer: ScriptedImporter/UnityEditor.QuickSearchModule:UnityEditor.Search:ASIAI0B -> (ImportResultId: '09b62b5196c84b3e87bc14c7291134a4') in 0.004401167 seconds
[Worker0] Imported GUID: 6611abd9b8cfcf8459181905b25b9abc - Path: Assets/IndieMarc/TopDownDemo/Textures/key.png - Importer: ScriptedImporter/UnityEditor.QuickSearchModule:UnityEditor.Search:ASIAI0B -> (ImportResultId: '189fd63a32fdc97996c9a5085204eb16') in 0.004167083 seconds
[Worker0] Imported GUID: 1c8736f48aa29a949940dcc169e154fb - Path: Assets/IndieMarc/TopDownDemo/Sprites/CharacterRighthHold.png - Importer: ScriptedImporter/UnityEditor.QuickSearchModule:UnityEditor.Search:ASIAI0B -> (ImportResultId: '4fdc4f2cf704a38916f9719f00339f17') in 0.022941833 seconds
[Worker0] Imported GUID: e11899128e8bbf547bc7c29b63df0dee - Path: Assets/IndieMarc/PlatformerDemo/Tilemap/Old/old-tile-corner-right.png - Importer: ScriptedImporter/UnityEditor.QuickSearchModule:UnityEditor.Search:ASIAI0B -> (ImportResultId: '831a6cc7382a37602c68abe896ad42be') in 0.003219375 seconds
[Worker0] Imported GUID: f84c802390848d34887201fc1d69cadb - Path: Assets/IndieMarc/TopDownDemo/Textures/door.png - Importer: ScriptedImporter/UnityEditor.QuickSearchModule:UnityEditor.Search:ASIAI0B -> (ImportResultId: 'e58a078d41867d131b2b8069bb0cdfbd') in 0.002963709 seconds
[Worker0] Imported GUID: b1c43cf59bc540d418cae9aefbcf70bd - Path: Assets/IndieMarc/PlatformerDemo/Tilemap/Old/old-tile-empty.png - Importer: ScriptedImporter/UnityEditor.QuickSearchModule:UnityEditor.Search:ASIAI0B -> (ImportResultId: '17a4cb26755abae4c3cf8e4e3030cbc8') in 0.003406875 seconds
[Worker0] Imported GUID: 324d126e310b4cd449ecde98c1fb938b - Path: Assets/IndieMarc/PlatformerDemo/Editor - Importer: ScriptedImporter/UnityEditor.QuickSearchModule:UnityEditor.Search:ASIAI0B -> (ImportResultId: '5e68818c733d3e32fe58b3bfa2994394') in 0.001422875 seconds
[Worker0] Imported GUID: 5cf7d8e8d7e597f4caa7b0501453de46 - Path: Assets/IndieMarc/TopDownDemo/Sprites - Importer: ScriptedImporter/UnityEditor.QuickSearchModule:UnityEditor.Search:ASIAI0B -> (ImportResultId: '529746132d8f2b08ae6ff5f48bde7f9b') in 0.000901083 seconds
[Worker0] Imported GUID: d33aa9e63655fdf4082e0bd36620c949 - Path: Assets/IndieMarc/TopDownDemo/Scripts/PlayerCharacter.cs - Importer: ScriptedImporter/UnityEditor.QuickSearchModule:UnityEditor.Search:ASIAI0B -> (ImportResultId: '326cd99faf8b8fb0ad1af0b2adf84e9d') in 0.00161175 seconds
[Worker0] Imported GUID: 4c3a4c38924408144ae04a47190c5db8 - Path: Assets/IndieMarc/PlatformerDemo/Tilemap/Black/tilemap_6.asset - Importer: ScriptedImporter/UnityEditor.QuickSearchModule:UnityEditor.Search:ASIAI0B -> (ImportResultId: 'f7ec9296f275b57042950d1115358d7a') in 0.036899167 seconds
[Worker0] Imported GUID: 8a658f3bf1c39eb4391763244efb237f - Path: Assets/IndieMarc/TopDownDemo/Prefabs/Grass1.prefab - Importer: ScriptedImporter/UnityEditor.QuickSearchModule:UnityEditor.Search:ASIAI0B -> (ImportResultId: 'd6e0cc02be9b3451ee1e93be77d86e55') in 0.034124167 seconds
[Worker0] Imported GUID: cfd1b701d13195a4ebc5b97a65e59c8c - Path: Assets/IndieMarc/TopDownDemo/Textures/keyhole.png - Importer: ScriptedImporter/UnityEditor.QuickSearchModule:UnityEditor.Search:ASIAI0B -> (ImportResultId: '20cc3171408f787c10ad4d15730c7e8f') in 0.005244875 seconds
[Worker0] Imported GUID: b5bdfecbec6d4294d9aa8cf6fcf42aa1 - Path: Assets/IndieMarc/PlatformerDemo/Sprites/Background/Trees2.mat - Importer: ScriptedImporter/UnityEditor.QuickSearchModule:UnityEditor.Search:ASIAI0B -> (ImportResultId: 'b676231fe97b412cc8fba5ddc1647071') in 0.028751459 seconds
[Worker0] Imported GUID: 2b5473a29e5640244888df8ba46084bf - Path: Assets/IndieMarc/PlatformerDemo/Sprites/Character/CharacteAnimWalk.anim - Importer: ScriptedImporter/UnityEditor.QuickSearchModule:UnityEditor.Search:ASIAI0B -> (ImportResultId: 'd91ac7b2695d583333be38f33f653609') in 0.005354292 seconds
[Worker0] Imported GUID: 294448943c96c5d4f889346f0757ff38 - Path: Assets/IndieMarc/TopDownDemo/Prefabs/Floor.prefab - Importer: ScriptedImporter/UnityEditor.QuickSearchModule:UnityEditor.Search:ASIAI0B -> (ImportResultId: 'ce070dbb9b3ead944d8e9ec10b88d6e4') in 0.006052375 seconds
[Worker0] Imported GUID: 7496771ae157d7942aa3849f7c93851b - Path: Assets/IndieMarc/TopDownDemo/Prefabs/Wall3D.prefab - Importer: ScriptedImporter/UnityEditor.QuickSearchModule:UnityEditor.Search:ASIAI0B -> (ImportResultId: 'cbd0ffbf53ba57d3e9f22f5124a5746c') in 0.014447834 seconds
[Worker0] Imported GUID: 5279d6c84667d634a8cae15c7ed54172 - Path: Assets/IndieMarc/PlatformerDemo/Sprites/Character/CharacterAnimator.controller - Importer: ScriptedImporter/UnityEditor.QuickSearchModule:UnityEditor.Search:ASIAI0B -> (ImportResultId: 'cd85bf5affc36c23b87d9a66215b47d0') in 0.004655125 seconds
[Worker0] Imported GUID: 9f6238b263e800f41b3ab3601c0312f6 - Path: Assets/IndieMarc/PlatformerDemo/Tilemap/Black/tile-slide-corner-right-down.asset - Importer: ScriptedImporter/UnityEditor.QuickSearchModule:UnityEditor.Search:ASIAI0B -> (ImportResultId: '4db1245a9044160f77c76700b1ff4f37') in 0.002085792 seconds
[Worker0] Imported GUID: 2ed2ff16ad6b6844aac598aa6c5383ea - Path: Assets/IndieMarc/PlatformerDemo/Tilemap/Old/old-tile-corner-left.png - Importer: ScriptedImporter/UnityEditor.QuickSearchModule:UnityEditor.Search:ASIAI0B -> (ImportResultId: 'c06e94c5e43d0dee0117a0252abfa953') in 0.003449583 seconds
[Worker0] Imported GUID: e3b9448900aef7b4f88bbd672ec312bc - Path: Assets/IndieMarc/PlatformerDemo/Tilemap/Old/old-tile-slide-corner-right.png - Importer: ScriptedImporter/UnityEditor.QuickSearchModule:UnityEditor.Search:ASIAI0B -> (ImportResultId: '0db17dd38427b9d503c4fa4d12b36f67') in 0.003593542 seconds
[Worker0] Imported GUID: 84c89209ecaab8143ad3cf14f2be3043 - Path: Assets/IndieMarc/PlatformerDemo/Tilemap/Black/tilemap_3.asset - Importer: ScriptedImporter/UnityEditor.QuickSearchModule:UnityEditor.Search:ASIAI0B -> (ImportResultId: '8ac2da1ac88b56797ab8440d35d5c9b8') in 0.001992042 seconds
[Worker0] Imported GUID: ee4ee680d5c0ebc498c369b9686b7fec - Path: Assets/IndieMarc/TopDownDemo/Sprites/CharacterRight.anim - Importer: ScriptedImporter/UnityEditor.QuickSearchModule:UnityEditor.Search:ASIAI0B -> (ImportResultId: '6446db8875e878baa4f0b0444a1ee966') in 0.001862708 seconds
[Worker0] Imported GUID: fddc7c8728fa8db4cb14d68bc97bf696 - Path: Assets/IndieMarc/PlatformerDemo/Tilemap/Old/old-tile-slide-left-down.png - Importer: ScriptedImporter/UnityEditor.QuickSearchModule:UnityEditor.Search:ASIAI0B -> (ImportResultId: '8fbd74be07c78f4eb23e146049581188') in 0.003561833 seconds
[Worker0] Imported GUID: 53c58bc6c3503964f9fa07506a7b13d2 - Path: Assets/IndieMarc/TopDownDemo/Prefabs/Lever.prefab - Importer: ScriptedImporter/UnityEditor.QuickSearchModule:UnityEditor.Search:ASIAI0B -> (ImportResultId: '9254c49be5696a3c618773f969b776c9') in 0.009454042 seconds
[Worker0] Imported GUID: bc5ab3a00dbef2648a95c20d90cae609 - Path: Assets/IndieMarc/PlatformerDemo/Tilemap/Black/tile-slide-right.png - Importer: ScriptedImporter/UnityEditor.QuickSearchModule:UnityEditor.Search:ASIAI0B -> (ImportResultId: 'c55e50387f270061206a7a96e38c9b26') in 0.003173958 seconds
[Worker0] Imported GUID: 69c3efc1478e47d4f917160b01e0f6b0 - Path: Assets/IndieMarc/TopDownDemo/TopDownDemo3D.unity - Importer: ScriptedImporter/UnityEditor.QuickSearchModule:UnityEditor.Search:ASIAI0B -> (ImportResultId: '182ef89aab123c85a71e9697660b9bec') in 0.003263166 seconds
[Worker0] Imported GUID: de163ebddc049cf458fd789def72b6ae - Path: Assets/IndieMarc/PlatformerDemo/Scripts/TheAudio.cs - Importer: ScriptedImporter/UnityEditor.QuickSearchModule:UnityEditor.Search:ASIAI0B -> (ImportResultId: 'b12a07145ec67ee4629ec504c0592a40') in 0.001741083 seconds
[Worker0] Imported GUID: 920bb464640d1bc44b14d2c4e5687323 - Path: Assets/IndieMarc/TopDownDemo/Prefabs/Grass2.prefab - Importer: ScriptedImporter/UnityEditor.QuickSearchModule:UnityEditor.Search:ASIAI0B -> (ImportResultId: '84e9f5ec19cea23fe88a6a82a650a7b5') in 0.004820708 seconds
[Worker0] Imported GUID: 9fec523ecb3e3664f84e4b0f06c3ac11 - Path: Assets/IndieMarc/TopDownDemo/Materials/Wall.mat - Importer: ScriptedImporter/UnityEditor.QuickSearchModule:UnityEditor.Search:ASIAI0B -> (ImportResultId: 'b8be0c53877ae6c1d51a1479d839d05d') in 0.033872375 seconds
[Worker0] Imported GUID: 3cd44b8105af31e41a8ff38b1eb11ff9 - Path: Assets/IndieMarc/PlatformerDemo/Tilemap/Black/tile-corner-left.png - Importer: ScriptedImporter/UnityEditor.QuickSearchModule:UnityEditor.Search:ASIAI0B -> (ImportResultId: '526c08611858c109aea3e521adc73617') in 0.004218959 seconds
[Worker0] Imported GUID: cf53cae2cd7d699408e23e9f26a0512c - Path: Assets/IndieMarc/PlatformerDemo/Tilemap/Black/tile-flat-right.png - Importer: ScriptedImporter/UnityEditor.QuickSearchModule:UnityEditor.Search:ASIAI0B -> (ImportResultId: '416723dc598092690b327ff3ebf7bafc') in 0.002953708 seconds
[Worker0] Imported GUID: 5dc0b94feec6661439bd2a3bcc7b3c38 - Path: Assets/IndieMarc/TopDownDemo/Scripts/Key.cs - Importer: ScriptedImporter/UnityEditor.QuickSearchModule:UnityEditor.Search:ASIAI0B -> (ImportResultId: 'b08695b6a83c527544e79f5ebf6976a9') in 0.001096083 seconds
[Worker0] Imported GUID: ee3a4c26b312c704286b99fc9373cfdf - Path: Assets/IndieMarc/PlatformerDemo/Tilemap/Old/old-tile-corner-left-down.png - Importer: ScriptedImporter/UnityEditor.QuickSearchModule:UnityEditor.Search:ASIAI0B -> (ImportResultId: 'cb6964a06ea1af6efefdf03b8ce260fd') in 0.002977583 seconds
[Worker0] Imported GUID: 27884cf431913254299eeebc1fed4a21 - Path: Assets/IndieMarc/PlatformerDemo/Sprites/Background/grass1.png - Importer: ScriptedImporter/UnityEditor.QuickSearchModule:UnityEditor.Search:ASIAI0B -> (ImportResultId: '8c24d0a4e1f38d5cd651cfff66919641') in 0.004538042 seconds
[Worker0] Imported GUID: df1b9f4bb36dfa1418ddb515202e6318 - Path: Assets/IndieMarc/PlatformerDemo/Scripts/ParallaxBackground.cs - Importer: ScriptedImporter/UnityEditor.QuickSearchModule:UnityEditor.Search:ASIAI0B -> (ImportResultId: 'b789076c787752228d592adaa8363160') in 0.000885917 seconds
[Worker0] Imported GUID: 15f1a2dd6e73cb44b87ce9fa4e0f8ebe - Path: Assets/IndieMarc/PlatformerDemo/Tilemap/Black/tilemap_8.asset - Importer: ScriptedImporter/UnityEditor.QuickSearchModule:UnityEditor.Search:ASIAI0B -> (ImportResultId: '4b0ed0c7657412e70af7b22c689ea80b') in 0.001631917 seconds
[Worker0] Imported GUID: 49236d71f86b65a49a078844ff2f0306 - Path: Assets/IndieMarc/TopDownDemo/Scripts/Door.cs - Importer: ScriptedImporter/UnityEditor.QuickSearchModule:UnityEditor.Search:ASIAI0B -> (ImportResultId: '891010f7eb90d9fb3578a087a6235946') in 0.000948291 seconds
[Worker0] Imported GUID: 56fb0ce47c1c4b740bf390aa7767049e - Path: Assets/IndieMarc/TopDownDemo/Prefabs/Wall.prefab - Importer: ScriptedImporter/UnityEditor.QuickSearchModule:UnityEditor.Search:ASIAI0B -> (ImportResultId: '6ba07e5fb8c9270b878755b6f965fa4e') in 0.003202 seconds
[Worker0] Imported GUID: 7c16a060ac6e1f3479bb550ba8741888 - Path: Assets/IndieMarc/TopDownDemo/Sprites/CharacterIdleLeftHold.anim - Importer: ScriptedImporter/UnityEditor.QuickSearchModule:UnityEditor.Search:ASIAI0B -> (ImportResultId: '9f9ed1d45d5d9c125819dc588faf6eab') in 0.001375959 seconds
[Worker0] Imported GUID: c1ed5d553797c2845aac3a71dbb76deb - Path: Assets/IndieMarc/TopDownDemo/Scripts/Lever.cs - Importer: ScriptedImporter/UnityEditor.QuickSearchModule:UnityEditor.Search:ASIAI0B -> (ImportResultId: 'ac6ecf60b6bdd479fd6cb9e49f7336ee') in 0.000957 seconds
[Worker0] Imported GUID: 854ab241cb96bcc44b8e766dd629ebf9 - Path: Assets/IndieMarc/PlatformerDemo/Scripts/CharacterHoldItem.cs - Importer: ScriptedImporter/UnityEditor.QuickSearchModule:UnityEditor.Search:ASIAI0B -> (ImportResultId: '3c0144ae736cdb8953942bde3f309e31') in 0.000996792 seconds
[Worker0] Imported GUID: 6b50cac72e4e56942bd67557444b460b - Path: Assets/IndieMarc/TopDownDemo/Textures/Door3D.fbx - Importer: ScriptedImporter/UnityEditor.QuickSearchModule:UnityEditor.Search:ASIAI0B -> (ImportResultId: '307b7c3d46e323fff6cf4549a6583d6d') in 0.02569275 seconds
[Worker0] Imported GUID: 80e0030263dbb1a40957075a51e46ba0 - Path: Assets/IndieMarc/PlatformerDemo/Scripts/FollowCamera.cs - Importer: ScriptedImporter/UnityEditor.QuickSearchModule:UnityEditor.Search:ASIAI0B -> (ImportResultId: 'b515ad1c692f2f3aa350b70f61a1317d') in 0.001435 seconds
[Worker0] Imported GUID: 46e29cead0a2e3840b2c634932cf71d6 - Path: Assets/IndieMarc/PlatformerDemo/Tilemap/Black/tile-corner-right-down.png - Importer: ScriptedImporter/UnityEditor.QuickSearchModule:UnityEditor.Search:ASIAI0B -> (ImportResultId: '7d055753e903de5fb4b15792180e9af3') in 0.004073708 seconds
[Worker0] Imported GUID: fdb6762baa21c594e8565f17faa803e5 - Path: Assets/IndieMarc/PlatformerDemo/Tilemap/Old/old-tile-flat-right.png - Importer: ScriptedImporter/UnityEditor.QuickSearchModule:UnityEditor.Search:ASIAI0B -> (ImportResultId: '246776a329cd528c0c5f5000f6e81468') in 0.00420775 seconds
[Worker0] Imported GUID: e9b707228cd65ce41be60223d8ce8593 - Path: Assets/IndieMarc/PlatformerDemo/Sprites/Character/CharacteAnimCrouchEnter.anim - Importer: ScriptedImporter/UnityEditor.QuickSearchModule:UnityEditor.Search:ASIAI0B -> (ImportResultId: '7fbf8ad60849c92df89ccb205c67df4b') in 0.0021985 seconds
[Worker0] Imported GUID: b04aa4cff6f19ea43bfdf4da347c7fb8 - Path: Assets/IndieMarc/PlatformerDemo/Tilemap/Old/old-tile-slide-corner-left.png - Importer: ScriptedImporter/UnityEditor.QuickSearchModule:UnityEditor.Search:ASIAI0B -> (ImportResultId: '850b93d2b5ae91ea49127f9f9da971c9') in 0.004115292 seconds
[Worker0] Imported GUID: 9b50b79a901c84542a13b18e4ab06191 - Path: Assets/IndieMarc/PlatformerDemo/Scripts/CarryItem.cs - Importer: ScriptedImporter/UnityEditor.QuickSearchModule:UnityEditor.Search:ASIAI0B -> (ImportResultId: 'a3c55125b771ae288f933a41877c4ba3') in 0.001350042 seconds
[Worker0] Imported GUID: 203cf76cfa5674fb99d21c045d9f83e3 - Path: Assets/IndieMarc - Importer: ScriptedImporter/UnityEditor.QuickSearchModule:UnityEditor.Search:ASIAI0B -> (ImportResultId: 'f9403196a74f2ebe35b4bfe559a3b753') in 0.000908708 seconds
[Worker0] Imported GUID: 3ca922221cf29e34fbd35f933b9498a1 - Path: Assets/IndieMarc/PlatformerDemo/Sprites/Background/Trees1.png - Importer: ScriptedImporter/UnityEditor.QuickSearchModule:UnityEditor.Search:ASIAI0B -> (ImportResultId: '10fda51e6ebf45c1bbf0a8fa37d94ea3') in 0.010973583 seconds
[Worker0] Imported GUID: ae1e5991a6557274185863f4e348dd7e - Path: Assets/IndieMarc/PlatformerDemo/Tilemap/Old/old-tile-slide-right.png - Importer: ScriptedImporter/UnityEditor.QuickSearchModule:UnityEditor.Search:ASIAI0B -> (ImportResultId: '226912a65e500296481ad25187d29c03') in 0.003607209 seconds
[Worker0] Imported GUID: fbb8bba84b58500438476f777fbe4b20 - Path: Assets/IndieMarc/TopDownDemo/Prefabs/Door3D.prefab - Importer: ScriptedImporter/UnityEditor.QuickSearchModule:UnityEditor.Search:ASIAI0B -> (ImportResultId: '6181bdd6aea0b5296a4ae2bf4f003903') in 0.010114625 seconds
[Worker0] Imported GUID: 732424989e347fa4cadc5c837451a7c7 - Path: Assets/IndieMarc/PlatformerDemo/Tilemap/Black/tilemap_4.asset - Importer: ScriptedImporter/UnityEditor.QuickSearchModule:UnityEditor.Search:ASIAI0B -> (ImportResultId: 'f3359245f62ea166a3ae07385863af5a') in 0.001647375 seconds
[Worker0] Imported GUID: 4d84f50963c3c5b4582599f58f8c4d4b - Path: Assets/IndieMarc/TopDownDemo/Sprites/CharacterIdleLeft.anim - Importer: ScriptedImporter/UnityEditor.QuickSearchModule:UnityEditor.Search:ASIAI0B -> (ImportResultId: '36f6047d3107e195910fc6fc3447e7af') in 0.001674125 seconds
[Worker0] Imported GUID: 28a595b4afbd2e14cac9f39706cc5bba - Path: Assets/IndieMarc/PlatformerDemo/Sprites/Background/grass2.png - Importer: ScriptedImporter/UnityEditor.QuickSearchModule:UnityEditor.Search:ASIAI0B -> (ImportResultId: '29223d846d7396684bd0b68eae668d21') in 0.004841375 seconds
[Worker0] Imported GUID: e28f62e17ab915240aaa2eed417db312 - Path: Assets/IndieMarc/PlatformerDemo/Sprites/Circle.png - Importer: ScriptedImporter/UnityEditor.QuickSearchModule:UnityEditor.Search:ASIAI0B -> (ImportResultId: '314f391cca64f19bf7cce2cd0b53459c') in 0.003484167 seconds
[Worker0] Imported GUID: 0a47fb4f3f8b4424daa075a6a2506084 - Path: Assets/IndieMarc/TopDownDemo/Scripts/TheAudio.cs - Importer: ScriptedImporter/UnityEditor.QuickSearchModule:UnityEditor.Search:ASIAI0B -> (ImportResultId: 'cfeb70b7767b62d5434bc15d67f25c6d') in 0.001053916 seconds
[Worker0] Imported GUID: 614306b560283fc488f1f8d5d3db783e - Path: Assets/IndieMarc/PlatformerDemo/Sprites - Importer: ScriptedImporter/UnityEditor.QuickSearchModule:UnityEditor.Search:ASIAI0B -> (ImportResultId: '44083590353c6ccc5cbad9ed553ec977') in 0.000946292 seconds
[Worker0] Imported GUID: 6e3edb8bf1d398543aaea380662f7b6d - Path: Assets/IndieMarc/TopDownDemo/Sprites/CharacterIdleRight.anim - Importer: ScriptedImporter/UnityEditor.QuickSearchModule:UnityEditor.Search:ASIAI0B -> (ImportResultId: '3b9076f75dcebc2e2cee965144e298aa') in 0.001549375 seconds
[Worker0] Imported GUID: ca56bfad409355843b91ca50160908e6 - Path: Assets/IndieMarc/TopDownDemo/Scripts/CharacterHoldItem.cs - Importer: ScriptedImporter/UnityEditor.QuickSearchModule:UnityEditor.Search:ASIAI0B -> (ImportResultId: '80eaa3b4dc96cd4a7162edf153230fa1') in 0.000922833 seconds
[Worker0] Imported GUID: e541601047018134ebfde1ba25d41313 - Path: Assets/IndieMarc/PlatformerDemo/Tilemap/Black/tile-slide-left.png - Importer: ScriptedImporter/UnityEditor.QuickSearchModule:UnityEditor.Search:ASIAI0B -> (ImportResultId: 'a8700315e30ae174d515e7581dce7b26') in 0.00401275 seconds
[Worker0] Imported GUID: c09eb5063ee64fd41b9c3e868ef7504b - Path: Assets/IndieMarc/PlatformerDemo/Sprites/Character/Character_hold.png - Importer: ScriptedImporter/UnityEditor.QuickSearchModule:UnityEditor.Search:ASIAI0B -> (ImportResultId: 'c6bfb6b659084eea47866b2d2ec4bc07') in 0.00864625 seconds
[Worker0] Imported GUID: a5421e96f16710b4f81fe0ad10b67abf - Path: Assets/IndieMarc/PlatformerDemo/Scripts/CharacterAnim.cs - Importer: ScriptedImporter/UnityEditor.QuickSearchModule:UnityEditor.Search:ASIAI0B -> (ImportResultId: 'b767d81192fac88c21cc4bdfb6b5032a') in 0.001087084 seconds
[Worker0] Imported GUID: 09691ca67a8d9034ba6f81010c3fa38f - Path: Assets/IndieMarc/PlatformerDemo/Tilemap/Black/tile-slide-corner-right.png - Importer: ScriptedImporter/UnityEditor.QuickSearchModule:UnityEditor.Search:ASIAI0B -> (ImportResultId: '7179fe51f41f92559cb448a06abc9c13') in 0.003083333 seconds
[Worker0] Imported GUID: 271c5b2bc5e704099a0d360ecaf9e121 - Path: Assets/IndieMarc/PlatformerDemo/Prefabs/Grass.prefab - Importer: ScriptedImporter/UnityEditor.QuickSearchModule:UnityEditor.Search:ASIAI0B -> (ImportResultId: '3bc41c2413e4343cf8b4bf1ad1724e7f') in 0.004026167 seconds
[Worker0] Imported GUID: 5761dbd3c18c65a41a4bcb5f15ac5dad - Path: Assets/IndieMarc/TopDownDemo/Materials - Importer: ScriptedImporter/UnityEditor.QuickSearchModule:UnityEditor.Search:ASIAI0B -> (ImportResultId: 'a3cfe7b9ec03ea4fdd05f130846bbb55') in 0.001193208 seconds
[Worker0] Imported GUID: 708286403ab16af4f8970f8fc8b1996f - Path: Assets/IndieMarc/PlatformerDemo/Sprites/Background - Importer: ScriptedImporter/UnityEditor.QuickSearchModule:UnityEditor.Search:ASIAI0B -> (ImportResultId: '8de1907e68a44ca99747630b1844818c') in 0.000955208 seconds
[Worker0] Imported GUID: 09fdae6fda6d6c942b840d4b7389de95 - Path: Assets/IndieMarc/PlatformerDemo/Tilemap/Black/tilemap_0.asset - Importer: ScriptedImporter/UnityEditor.QuickSearchModule:UnityEditor.Search:ASIAI0B -> (ImportResultId: '399525b670187b8460652d04a7624a3d') in 0.001513208 seconds
[Worker0] Imported GUID: 9988f0506db942945b6cf9bd5daeb06c - Path: Assets/IndieMarc/TopDownDemo/Prefabs/Door.prefab - Importer: ScriptedImporter/UnityEditor.QuickSearchModule:UnityEditor.Search:ASIAI0B -> (ImportResultId: 'e1e68e70c6ddafa02aaa27a4e170f8dc') in 0.004169083 seconds
[Worker0] Imported GUID: d965fc6ee43a8f244b49fe2137c73b50 - Path: Assets/IndieMarc/PlatformerDemo/Sprites/Lever/Lever_position05.png - Importer: ScriptedImporter/UnityEditor.QuickSearchModule:UnityEditor.Search:ASIAI0B -> (ImportResultId: '9bf79efa0c5f74099424c5add2d976da') in 0.003213292 seconds
[Worker0] Imported GUID: 54be27fb08510e34dbd19671f582af2a - Path: Assets/IndieMarc/PlatformerDemo/Tilemap/Black - Importer: ScriptedImporter/UnityEditor.QuickSearchModule:UnityEditor.Search:ASIAI0B -> (ImportResultId: '5bd1e78632d5cfc13ffc4a65b7953d0e') in 0.001071709 seconds
[Worker0] Imported GUID: 2dac19656abf01f4a800539b0abb526e - Path: Assets/IndieMarc/PlatformerDemo/Sprites/Character - Importer: ScriptedImporter/UnityEditor.QuickSearchModule:UnityEditor.Search:ASIAI0B -> (ImportResultId: '48f5def7e994f39268873f15a5aeaf10') in 0.000826125 seconds
[Worker0] Imported GUID: bb50bdaa94b52cd4fa0168abe21d22cc - Path: Assets/IndieMarc/PlatformerDemo/Tilemap/Black/tile-slide-corner-left-down.png - Importer: ScriptedImporter/UnityEditor.QuickSearchModule:UnityEditor.Search:ASIAI0B -> (ImportResultId: '190f9b389f037b3c3a771e851d8b0b35') in 0.003179917 seconds
[Worker0] Imported GUID: 2c9fb2a2499d85c4fab755ad43d014b2 - Path: Assets/IndieMarc/PlatformerDemo/Editor/ImportPackage.cs - Importer: ScriptedImporter/UnityEditor.QuickSearchModule:UnityEditor.Search:ASIAI0B -> (ImportResultId: '736011ff2489203b3b7f7f3d404dea6d') in 0.0016155 seconds
[Worker0] Imported GUID: c0bd7fac34fb87a4994aa02be6d6bd02 - Path: Assets/IndieMarc/TopDownDemo/Scripts/FixOffset.cs - Importer: ScriptedImporter/UnityEditor.QuickSearchModule:UnityEditor.Search:ASIAI0B -> (ImportResultId: '76c206b066b4fc66ce4960a021cc068d') in 0.001043167 seconds
[Worker0] Imported GUID: bba6978d29750eb4483cc17526e41516 - Path: Assets/IndieMarc/TopDownDemo/Textures/Wall.png - Importer: ScriptedImporter/UnityEditor.QuickSearchModule:UnityEditor.Search:ASIAI0B -> (ImportResultId: '86265c8054aaeda4b913f2f9f401dc1d') in 0.002927917 seconds
[Worker0] Imported GUID: f055be3db17f3884ab283be0f965df5b - Path: Assets/IndieMarc/PlatformerDemo/Sprites/Character/CharacteAnimIdleHold.anim - Importer: ScriptedImporter/UnityEditor.QuickSearchModule:UnityEditor.Search:ASIAI0B -> (ImportResultId: '8a3ecb969e8dbe2a9e40158c7f9f9958') in 0.001935416 seconds
[Worker0] Imported GUID: 4dd2dd4c84d93ad4286acbfbfc77be19 - Path: Assets/IndieMarc/TopDownDemo/Materials/DoorMesh.mat - Importer: ScriptedImporter/UnityEditor.QuickSearchModule:UnityEditor.Search:ASIAI0B -> (ImportResultId: '944a887ebada6106d963779e12a8ac48') in 0.001781917 seconds
[Worker0] Imported GUID: 9fd2da01209c4924194070e9f0857ff4 - Path: Assets/IndieMarc/PlatformerDemo/Sprites/Lever/Lever_position03.png - Importer: ScriptedImporter/UnityEditor.QuickSearchModule:UnityEditor.Search:ASIAI0B -> (ImportResultId: 'f0b6c3c7fdbf90749774d061f7d1ef71') in 0.002987417 seconds
[Worker0] Imported GUID: 2cbd775ba2384d04eb368ce15f8714b7 - Path: Assets/IndieMarc/TopDownDemo/Prefabs/Key.prefab - Importer: ScriptedImporter/UnityEditor.QuickSearchModule:UnityEditor.Search:ASIAI0B -> (ImportResultId: 'bf8886cd9e35b119266c6683e497a3fe') in 0.005983334 seconds
[Worker0] Imported GUID: f76f60250da364240b7a27c02694449e - Path: Assets/IndieMarc/PlatformerDemo/Tilemap/Black/tilemap_14.asset - Importer: ScriptedImporter/UnityEditor.QuickSearchModule:UnityEditor.Search:ASIAI0B -> (ImportResultId: '5ef648b5104216224d3e2c8c72a3ae86') in 0.00174825 seconds
[Worker0] Imported GUID: fd9c6be6b2909544c98085d0c337bfcc - Path: Assets/IndieMarc/PlatformerDemo/Tilemap/Black/tilemap_9.asset - Importer: ScriptedImporter/UnityEditor.QuickSearchModule:UnityEditor.Search:ASIAI0B -> (ImportResultId: '108b437ec552ad6b571e3a8298fc48ba') in 0.001814375 seconds
[Worker0] Imported GUID: 91529c2350cce4a0eae08093c4300e94 - Path: Assets/IndieMarc/PlatformerDemo/Prefabs/TreeBackground.prefab - Importer: ScriptedImporter/UnityEditor.QuickSearchModule:UnityEditor.Search:ASIAI0B -> (ImportResultId: '6174dcd8f09c958a9af9d60d7f1e4256') in 0.002257333 seconds
[Worker0] Imported GUID: e12c9ba1916eebd45869c9a3a3c956c1 - Path: Assets/IndieMarc/PlatformerDemo/Sprites/Character/CharacteAnimFall.anim - Importer: ScriptedImporter/UnityEditor.QuickSearchModule:UnityEditor.Search:ASIAI0B -> (ImportResultId: 'e5ab2def672a55acbb75a3f0152e86fc') in 0.001548583 seconds
[Worker0] Imported GUID: 3c6c0154aaa573c4180e9efa596520a9 - Path: Assets/IndieMarc/TopDownDemo/Materials/SpriteDiffuse3D.mat - Importer: ScriptedImporter/UnityEditor.QuickSearchModule:UnityEditor.Search:ASIAI0B -> (ImportResultId: '940374616fbd1aeb23563e163006c096') in 0.001194291 seconds
[Worker0] Imported GUID: b744ddc17d3fd2040bca13133448b418 - Path: Assets/IndieMarc/PlatformerDemo/Tilemap/Black/tile-flat-top.png - Importer: ScriptedImporter/UnityEditor.QuickSearchModule:UnityEditor.Search:ASIAI0B -> (ImportResultId: '383e15addb37683bf4488f2dd90c7736') in 0.003314917 seconds
[Worker0] Imported GUID: 19381676f11de864ebe55908460de5e5 - Path: Assets/IndieMarc/PlatformerDemo/Tilemap/Old/old-tile-corner-right-down.png - Importer: ScriptedImporter/UnityEditor.QuickSearchModule:UnityEditor.Search:ASIAI0B -> (ImportResultId: '5dc8eb564bc7fdbb7fb0c9fd33a38714') in 0.003006875 seconds
[Worker0] Imported GUID: b23e11badbd1c834da49f69458eb169c - Path: Assets/IndieMarc/PlatformerDemo/Tilemap/Black/tilemap_7.asset - Importer: ScriptedImporter/UnityEditor.QuickSearchModule:UnityEditor.Search:ASIAI0B -> (ImportResultId: 'fde89ab058b2216be24007243d129f40') in 0.001506459 seconds
[Worker0] Imported GUID: 5a8efd87f0d6f5b4eb0203b613f78207 - Path: Assets/IndieMarc/TopDownDemo/Editor/ReplacePrefab.cs - Importer: ScriptedImporter/UnityEditor.QuickSearchModule:UnityEditor.Search:ASIAI0B -> (ImportResultId: '0c7a9a505aa9f2d3101a0b7417697a84') in 0.001730417 seconds
[Worker0] Imported GUID: a71661601f5d0b24e946696d1e09274b - Path: Assets/IndieMarc/PlatformerDemo/Tilemap/Black/tile-flat-left.png - Importer: ScriptedImporter/UnityEditor.QuickSearchModule:UnityEditor.Search:ASIAI0B -> (ImportResultId: '2cca3357b6d1173e9b85d76ee3e29735') in 0.003093583 seconds
[Worker0] Imported GUID: c71065c03f3c5b642a57b1edf9e9734d - Path: Assets/IndieMarc/TopDownDemo/Scripts/CarryItem.cs - Importer: ScriptedImporter/UnityEditor.QuickSearchModule:UnityEditor.Search:ASIAI0B -> (ImportResultId: '59c0aa6e465adc82edf39e930f3b5fb1') in 0.000973708 seconds
[Worker0] Imported GUID: b8f5a40b7e8287643909acb1479b1e0e - Path: Assets/IndieMarc/PlatformerDemo/Tilemap/Black/tilemap_10.asset - Importer: ScriptedImporter/UnityEditor.QuickSearchModule:UnityEditor.Search:ASIAI0B -> (ImportResultId: 'a7cf2c1bad9d75594a3bf399dd4c5c3c') in 0.001346167 seconds
[Worker0] Imported GUID: eea8d0a68959954468e2e6aa0f659fa9 - Path: Assets/IndieMarc/Icon.png - Importer: ScriptedImporter/UnityEditor.QuickSearchModule:UnityEditor.Search:ASIAI0B -> (ImportResultId: '2d1a6536c08531ebcbd43797dd6507be') in 0.003001542 seconds
[Worker0] Imported GUID: e06e3d5736dfa8f4bbb1db6583e32f4c - Path: Assets/IndieMarc/TopDownDemo/Textures/Lever_position01.png - Importer: ScriptedImporter/UnityEditor.QuickSearchModule:UnityEditor.Search:ASIAI0B -> (ImportResultId: '3f3a408cacc52fd5da74a0406a5df2a5') in 0.003003916 seconds
[Worker0] Imported GUID: faf1942695a31bb4098646260a9aca4d - Path: Assets/IndieMarc/TopDownDemo/Sprites/CharacterTopDown.controller - Importer: ScriptedImporter/UnityEditor.QuickSearchModule:UnityEditor.Search:ASIAI0B -> (ImportResultId: '2c4edddac8b20f025a82f015c2aebb50') in 0.003038459 seconds
[Worker0] Imported GUID: ec80819f2b286fd4a94401058273799d - Path: Assets/IndieMarc/PlatformerDemo/Scripts/PlayerControls.cs - Importer: ScriptedImporter/UnityEditor.QuickSearchModule:UnityEditor.Search:ASIAI0B -> (ImportResultId: '5d79f72189059c8328e005b43441de3f') in 0.000939542 seconds
[Worker0] Imported GUID: 755ecac09c1a1b84cb565d5c02636242 - Path: Assets/IndieMarc/PlatformerDemo/Scripts/Lever.cs - Importer: ScriptedImporter/UnityEditor.QuickSearchModule:UnityEditor.Search:ASIAI0B -> (ImportResultId: '772d8178ef5c9d0380c3e174c923b8c8') in 0.001664417 seconds
[Worker0] Imported GUID: 288222b991fd00440a5577a610510cc9 - Path: Assets/IndieMarc/PlatformerDemo/Tilemap/Tilemap.mat - Importer: ScriptedImporter/UnityEditor.QuickSearchModule:UnityEditor.Search:ASIAI0B -> (ImportResultId: '11c99c9bf0105a72a3c740ace2954793') in 0.001765875 seconds
[Worker0] Imported GUID: 477241b31861ded4bbe3d584471d97de - Path: Assets/IndieMarc/TopDownDemo - Importer: ScriptedImporter/UnityEditor.QuickSearchModule:UnityEditor.Search:ASIAI0B -> (ImportResultId: '491d460ec814cc600e1b0a0d81282aaa') in 0.000746042 seconds
[Worker0] Imported GUID: 15d39dcbd761c5c419c821d83a28e1fb - Path: Assets/IndieMarc/PlatformerDemo/Sprites/Character/CharacteAnimRun.anim - Importer: ScriptedImporter/UnityEditor.QuickSearchModule:UnityEditor.Search:ASIAI0B -> (ImportResultId: 'ceac005f9c8ab0a544e301cd7fc3c786') in 0.001443542 seconds
[Worker0] Imported GUID: 8e20ae6049bf2784fac477472c172487 - Path: Assets/IndieMarc/PlatformerDemo/Tilemap/Black/tilemap_11.asset - Importer: ScriptedImporter/UnityEditor.QuickSearchModule:UnityEditor.Search:ASIAI0B -> (ImportResultId: '2402734e66f02cfa24f0dcbcf30e71fd') in 0.001727833 seconds
[Worker0] Imported GUID: 40719914b58d22e47b967676d7a6dc5d - Path: Assets/IndieMarc/TopDownDemo/Sprites/CharacterIdleRightHold.anim - Importer: ScriptedImporter/UnityEditor.QuickSearchModule:UnityEditor.Search:ASIAI0B -> (ImportResultId: 'cedf3aebb8528376958e1b85cada9877') in 0.001356041 seconds
[Worker0] Imported GUID: 0c85884db5b77eb4094db5c58af22cc6 - Path: Assets/IndieMarc/PlatformerDemo/Sprites/Character/Character.png - Importer: ScriptedImporter/UnityEditor.QuickSearchModule:UnityEditor.Search:ASIAI0B -> (ImportResultId: 'c289b6b19554e1b196d2415af1372f30') in 0.0206565 seconds
[Worker0] Imported GUID: 943fb5a37b65e2c42a5e85929d2f4f7f - Path: Assets/IndieMarc/TopDownDemo/Editor - Importer: ScriptedImporter/UnityEditor.QuickSearchModule:UnityEditor.Search:ASIAI0B -> (ImportResultId: '78c5a58d1d4e0b975c066eabe76788ac') in 0.00111425 seconds
[Worker0] Imported GUID: 19445a47a9544c04eb951035061ae93e - Path: Assets/IndieMarc/PlatformerDemo/Tilemap/Black/tile-slide-corner-left-down.asset - Importer: ScriptedImporter/UnityEditor.QuickSearchModule:UnityEditor.Search:ASIAI0B -> (ImportResultId: 'b66b7065ee59651b00a36a05317eda40') in 0.00151475 seconds
[Worker0] Imported GUID: a941e751a49f2324985e65d6ff3bdbf0 - Path: Assets/IndieMarc/PlatformerDemo/Sprites/Character/CharacteAnimWalkHold.anim - Importer: ScriptedImporter/UnityEditor.QuickSearchModule:UnityEditor.Search:ASIAI0B -> (ImportResultId: 'e15331913ecfaf365fad04d3970ee804') in 0.001327459 seconds
[Worker0] Imported GUID: 758f102eb2cdaab4ca5cdfce800838d2 - Path: Assets/IndieMarc/PlatformerDemo/Scripts - Importer: ScriptedImporter/UnityEditor.QuickSearchModule:UnityEditor.Search:ASIAI0B -> (ImportResultId: '639f1b427a595d816e4de30b62abf890') in 0.000861084 seconds
[Worker0] Imported GUID: f77898caf8144334092db38d0e359df8 - Path: Assets/IndieMarc/TopDownDemo/Textures/Lever_position03.png - Importer: ScriptedImporter/UnityEditor.QuickSearchModule:UnityEditor.Search:ASIAI0B -> (ImportResultId: 'a1c8a8d6d3ed0fc0a49858ef109ac17e') in 0.003222791 seconds
[Worker0] Imported GUID: 4d7fe053dcbab9247a709d24fb90da3f - Path: Assets/IndieMarc/TopDownDemo/Prefabs/DoorKey.prefab - Importer: ScriptedImporter/UnityEditor.QuickSearchModule:UnityEditor.Search:ASIAI0B -> (ImportResultId: 'f29e7fa831c4bc988da77bd3c9121b4e') in 0.003721209 seconds
[Worker0] Imported GUID: 03ce0cd312718b7489e027fe32ae4160 - Path: Assets/IndieMarc/PlatformerDemo/Tilemap/Black/tilemap_2.asset - Importer: ScriptedImporter/UnityEditor.QuickSearchModule:UnityEditor.Search:ASIAI0B -> (ImportResultId: '56d560a6e0e1a5d5cd164611294b4240') in 0.001734833 seconds
[Worker0] Imported GUID: b92f3fb580bcfa04caaebcd08979308b - Path: Assets/IndieMarc/TopDownDemo/Scripts/FollowCamera.cs - Importer: ScriptedImporter/UnityEditor.QuickSearchModule:UnityEditor.Search:ASIAI0B -> (ImportResultId: '5964567a124807a3d63687e62cc18e92') in 0.000950333 seconds
[Worker0] Imported GUID: d460b92031561ef40902c08fd85dde2e - Path: Assets/IndieMarc/TopDownDemo/Textures/door_shadow.png - Importer: ScriptedImporter/UnityEditor.QuickSearchModule:UnityEditor.Search:ASIAI0B -> (ImportResultId: '4b5903ced59a4e5913f1b7a565fc15f7') in 0.003859084 seconds
[Worker0] Imported GUID: 7a744535d988de449bbf926f38d7653d - Path: Assets/IndieMarc/TopDownDemo/Textures - Importer: ScriptedImporter/UnityEditor.QuickSearchModule:UnityEditor.Search:ASIAI0B -> (ImportResultId: 'bbc05d09f6d57ef3363c2073d01e05d4') in 0.001025333 seconds
[Worker0] Imported GUID: 006af9e18b9c35b49a7e2bc955181b4a - Path: Assets/IndieMarc/TopDownDemo/Sprites/CharacterRight.png - Importer: ScriptedImporter/UnityEditor.QuickSearchModule:UnityEditor.Search:ASIAI0B -> (ImportResultId: '3e0052931c234a91c2e40e38980b00a3') in 0.013551167 seconds
[Worker0] Imported GUID: a9e273bdd04ac914290c1e2ab9c7e265 - Path: Assets/IndieMarc/TopDownDemo/Textures/floor_simple.png - Importer: ScriptedImporter/UnityEditor.QuickSearchModule:UnityEditor.Search:ASIAI0B -> (ImportResultId: 'efd8e5408b62bffd016af49d52fdd340') in 0.0035675 seconds
[Worker0] Imported GUID: 2b4c09693691e204a84dcc8446966a42 - Path: Assets/IndieMarc/TopDownDemo/Materials/Sprite3D-diffuse.shader - Importer: ScriptedImporter/UnityEditor.QuickSearchModule:UnityEditor.Search:ASIAI0B -> (ImportResultId: 'd1ecd75108d96216469400675ca56022') in 0.006997167 seconds
[Worker0] Imported GUID: 17809628ed110b342a9634c0e61c068a - Path: Assets/IndieMarc/TopDownDemo/Sprites/CharacterLeft.anim - Importer: ScriptedImporter/UnityEditor.QuickSearchModule:UnityEditor.Search:ASIAI0B -> (ImportResultId: '8722403d217fd785c9a5d89a9f50d1de') in 0.001746708 seconds
[Worker0] Imported GUID: d8b153895a8d9dd4fa1368f22e63bcf5 - Path: Assets/IndieMarc/TopDownDemo/Scripts/CharacterAnim.cs - Importer: ScriptedImporter/UnityEditor.QuickSearchModule:UnityEditor.Search:ASIAI0B -> (ImportResultId: '650e9631f0e86ad1b543a218e7b4d60d') in 0.001061875 seconds
[Worker0] Imported GUID: 2b8ea9999b4c71042bcdc8d737ba8930 - Path: Assets/IndieMarc/TopDownDemo/Editor/FixZ.cs - Importer: ScriptedImporter/UnityEditor.QuickSearchModule:UnityEditor.Search:ASIAI0B -> (ImportResultId: '79b75263ae6c076c6e9f99e3066163b0') in 0.000865792 seconds
[Worker0] Imported GUID: f933e4eb38a07dc449409aa29f931196 - Path: Assets/IndieMarc/PlatformerDemo/Sprites/Lever/Lever_position01.png - Importer: ScriptedImporter/UnityEditor.QuickSearchModule:UnityEditor.Search:ASIAI0B -> (ImportResultId: '17340f8686292bddf68e11a57eb3b97e') in 0.0030045 seconds
[Worker0] Imported GUID: 89e671f441dd749438f0505087026e07 - Path: Assets/IndieMarc/PlatformerDemo/Tilemap/Black/tile-slide-corner-right-down.png - Importer: ScriptedImporter/UnityEditor.QuickSearchModule:UnityEditor.Search:ASIAI0B -> (ImportResultId: '40268ba73760f12835c814be14ab0e98') in 0.003149709 seconds
[Worker0] Imported GUID: 7dd25fc032a214247bd473e11162b850 - Path: Assets/IndieMarc/PlatformerDemo/Tilemap/Old/old-tile-slide-left.png - Importer: ScriptedImporter/UnityEditor.QuickSearchModule:UnityEditor.Search:ASIAI0B -> (ImportResultId: '007f735869ca5e35043669052cefa4db') in 0.003943459 seconds
[Worker0] Imported GUID: 36e9b3a28120a0841bed6886ca88cf7a - Path: Assets/IndieMarc/PlatformerDemo/Materials - Importer: ScriptedImporter/UnityEditor.QuickSearchModule:UnityEditor.Search:ASIAI0B -> (ImportResultId: 'fa08d0b41927ca4d60ada87965647898') in 0.001097125 seconds
[Worker0] Imported GUID: 5fe1d3b9c2ba44c408340f4db04454d7 - Path: Assets/IndieMarc/PlatformerDemo/Tilemap/Black/tilemap_1.asset - Importer: ScriptedImporter/UnityEditor.QuickSearchModule:UnityEditor.Search:ASIAI0B -> (ImportResultId: 'a15829130956a4d26850dad43086e76b') in 0.00147 seconds
[Worker0] Imported GUID: 8bfabaf3971ff8b4fabfc18ee10951c2 - Path: Assets/IndieMarc/PlatformerDemo/Tilemap/Black/tile-flat-bottom.png - Importer: ScriptedImporter/UnityEditor.QuickSearchModule:UnityEditor.Search:ASIAI0B -> (ImportResultId: '5dd76131a7d5aa03a649c26bcd4ceb1f') in 0.003367625 seconds
[Worker0] Imported GUID: 6de24d4294df3e94c885f8b8ab75153f - Path: Assets/IndieMarc/PlatformerDemo/Sprites/Character/CharacteAnimIdle.anim - Importer: ScriptedImporter/UnityEditor.QuickSearchModule:UnityEditor.Search:ASIAI0B -> (ImportResultId: '32d74891b9287d5a439722ccbc60e7bf') in 0.001902375 seconds
[Worker0] Imported GUID: e421c7733f5de1c4e866c2d8fae8c4d9 - Path: Assets/IndieMarc/PlatformerDemo/Tilemap/Black/tile-corner-left-down.png - Importer: ScriptedImporter/UnityEditor.QuickSearchModule:UnityEditor.Search:ASIAI0B -> (ImportResultId: '34cb9c1660020868337adc8f9bfa727a') in 0.003809333 seconds
[Worker0] Imported GUID: 03ac0993cdae0f6428f5b78ed71bc571 - Path: Assets/IndieMarc/TopDownDemo/Editor/ImportPackage.cs - Importer: ScriptedImporter/UnityEditor.QuickSearchModule:UnityEditor.Search:ASIAI0B -> (ImportResultId: '5120c973c8340d5184491144530ce4d5') in 0.001158709 seconds
[Worker0] Imported GUID: 68c015405025c844bb5f288d3a167aef - Path: Assets/IndieMarc/TopDownDemo/Scripts/AutoOrderLayerChild.cs - Importer: ScriptedImporter/UnityEditor.QuickSearchModule:UnityEditor.Search:ASIAI0B -> (ImportResultId: 'bc1e8a1fe74c6ea921f129c7bb8b1256') in 0.00088725 seconds
[Worker0] Imported GUID: f068dd67df4805e4287335af88f26c7c - Path: Assets/IndieMarc/PlatformerDemo/Prefabs - Importer: ScriptedImporter/UnityEditor.QuickSearchModule:UnityEditor.Search:ASIAI0B -> (ImportResultId: '3d4d838e6729c221c2e338dfc24da1ab') in 0.000828458 seconds
[Worker0] Imported GUID: da5293bf6231de2409e4676c5709f3d8 - Path: Assets/IndieMarc/PlatformerDemo/Sprites/Character/CharacteAnimCrouch.anim - Importer: ScriptedImporter/UnityEditor.QuickSearchModule:UnityEditor.Search:ASIAI0B -> (ImportResultId: '1635bdd24a8bbb79f2724afe71371b8d') in 0.001370333 seconds
[Worker0] Imported GUID: e8eef653ff1b630449f70b418288c65e - Path: Assets/IndieMarc/TopDownDemo/Prefabs/Shadow.prefab - Importer: ScriptedImporter/UnityEditor.QuickSearchModule:UnityEditor.Search:ASIAI0B -> (ImportResultId: '926170ff5ed97bd659b25847a14bd33b') in 0.002828958 seconds
[Worker0] Imported GUID: 0d856e5cb5f0def4b92c8886a93feadd - Path: Assets/IndieMarc/TopDownDemo/Scripts/Sprite3D.cs - Importer: ScriptedImporter/UnityEditor.QuickSearchModule:UnityEditor.Search:ASIAI0B -> (ImportResultId: 'c35884e751681979d6301e39ea582ddd') in 0.001039 seconds
[Worker0] Imported GUID: bb442bf150e81e44aa15a7d077be93b4 - Path: Assets/IndieMarc/PlatformerDemo/Tilemap/Black/tile-empty.png - Importer: ScriptedImporter/UnityEditor.QuickSearchModule:UnityEditor.Search:ASIAI0B -> (ImportResultId: '8b1486ffc6f20c4c804e3ea63ffb44da') in 0.00286825 seconds
[Worker0] Imported GUID: 812f4baf8a4c55b4d9cf8881e535d221 - Path: Assets/IndieMarc/PlatformerDemo/Tilemap/Old/old-tile-flat-left.png - Importer: ScriptedImporter/UnityEditor.QuickSearchModule:UnityEditor.Search:ASIAI0B -> (ImportResultId: 'c18a137a7d1d9b13b5cf4c256e2de2c5') in 0.003182875 seconds
[Worker0] Imported GUID: 35fa846952ea23b41a9dca4d21464be1 - Path: Assets/IndieMarc/TopDownDemo/TopDownDemo.unity - Importer: ScriptedImporter/UnityEditor.QuickSearchModule:UnityEditor.Search:ASIAI0B -> (ImportResultId: '35e6dd0ac57a7378f50b1a06eae7b67e') in 0.002665167 seconds
[Worker0] Imported GUID: 6399fbcfbd0e37f49914dea9fcceb8bf - Path: Assets/IndieMarc/PlatformerDemo/Sprites/Character/CharacteAnimJump.anim - Importer: ScriptedImporter/UnityEditor.QuickSearchModule:UnityEditor.Search:ASIAI0B -> (ImportResultId: '0d4a04044435cfa4f62657055255bbde') in 0.001649417 seconds
[Worker0] Imported GUID: b937c083690a18143bda92e16843be1d - Path: Assets/IndieMarc/PlatformerDemo/Sprites/Lever/Lever_position02.png - Importer: ScriptedImporter/UnityEditor.QuickSearchModule:UnityEditor.Search:ASIAI0B -> (ImportResultId: 'f9452a1f5ab43ad26c374747d0baf8a7') in 0.005122375 seconds
[Worker0] Imported GUID: bdaf8bd21bbce30449c22daf894109a7 - Path: Assets/IndieMarc/PlatformerDemo/Tilemap/Old/old-tile-slide-right-down.png - Importer: ScriptedImporter/UnityEditor.QuickSearchModule:UnityEditor.Search:ASIAI0B -> (ImportResultId: '2e6e9616107d17cc2a9dc56233f9e6ea') in 0.0031205 seconds
[Worker0] Imported GUID: e9c8335ec074d2a489b7a1afbde0106a - Path: Assets/IndieMarc/PlatformerDemo/Tilemap - Importer: ScriptedImporter/UnityEditor.QuickSearchModule:UnityEditor.Search:ASIAI0B -> (ImportResultId: '9481d192721f0faa39fcfe3e7eb6b6de') in 0.001061959 seconds
[Worker0] Imported GUID: ff6dfd1a5554f4d42ab546e35f13fb8f - Path: Assets/IndieMarc/PlatformerDemo/Tilemap/Black/tile-corner-right.png - Importer: ScriptedImporter/UnityEditor.QuickSearchModule:UnityEditor.Search:ASIAI0B -> (ImportResultId: '2a983949eb96f4408de3b5ddc0fecac5') in 0.002882791 seconds
[Worker0] Imported GUID: b009aaf79b40ccf4ca9f2e51182e5591 - Path: Assets/IndieMarc/PlatformerDemo/Tilemap/Black/tile-slide-right-down.png - Importer: ScriptedImporter/UnityEditor.QuickSearchModule:UnityEditor.Search:ASIAI0B -> (ImportResultId: '55a7d92ba5e8941d873a90e2a340be07') in 0.003649292 seconds
[Worker0] Imported GUID: 9272c368c2ea4004d93dd9539f956312 - Path: Assets/IndieMarc/PlatformerDemo/Sprites/Background/Trees1.mat - Importer: ScriptedImporter/UnityEditor.QuickSearchModule:UnityEditor.Search:ASIAI0B -> (ImportResultId: 'edcce36c1804c3002d7584e4a348096b') in 0.00522575 seconds
[Worker0] Imported GUID: 063491c5039ab6b4ead24f95f52641b5 - Path: Assets/IndieMarc/PlatformerDemo/Sprites/Background/Trees3.mat - Importer: ScriptedImporter/UnityEditor.QuickSearchModule:UnityEditor.Search:ASIAI0B -> (ImportResultId: 'c96d1a09361e5c044d9295b9e93f8d89') in 0.003285667 seconds
[Worker0] Imported GUID: e4c1420f815f1df48aca73d3c4726745 - Path: Assets/IndieMarc/TopDownDemo/Sprites/CharacterLeftHold.anim - Importer: ScriptedImporter/UnityEditor.QuickSearchModule:UnityEditor.Search:ASIAI0B -> (ImportResultId: '8858296673bc82824ad78a94975e06a9') in 0.001814625 seconds
[Worker0] Imported GUID: 792237b3c87ee6b4c90a74cd87026a89 - Path: Assets/IndieMarc/PlatformerDemo/Scripts/PlayerCharacter.cs - Importer: ScriptedImporter/UnityEditor.QuickSearchModule:UnityEditor.Search:ASIAI0B -> (ImportResultId: 'aa8e2814618c7dc062bc6e38192204d5') in 0.000909375 seconds
[Worker0] Imported GUID: 2dde7584c9d92314995768c0340720fa - Path: Assets/IndieMarc/TopDownDemo/Scripts - Importer: ScriptedImporter/UnityEditor.QuickSearchModule:UnityEditor.Search:ASIAI0B -> (ImportResultId: '5222f4d427a7d5cdcfa37c1231c01fa0') in 0.000716709 seconds
[Worker0] Imported GUID: 80ee80274ab80f84e926b698a399e252 - Path: Assets/IndieMarc/PlatformerDemo/Sprites/Character/CharacteAnimCrouchExit.anim - Importer: ScriptedImporter/UnityEditor.QuickSearchModule:UnityEditor.Search:ASIAI0B -> (ImportResultId: 'cfabc463d5ae61eb393f71a965481ffd') in 0.001340834 seconds
[Worker0] Imported GUID: 599ab31ae15957a43a88a60d8ee8ecdf - Path: Assets/IndieMarc/Simple2DTemplate.pdf - Importer: ScriptedImporter/UnityEditor.QuickSearchModule:UnityEditor.Search:ASIAI0B -> (ImportResultId: 'c2310b124a26bae0a02dac84c06979a9') in 0.00074875 seconds
[Worker0] Imported GUID: 533120e8664760047bfd6d88d4c03533 - Path: Assets/IndieMarc/PlatformerDemo/Prefabs/Lever.prefab - Importer: ScriptedImporter/UnityEditor.QuickSearchModule:UnityEditor.Search:ASIAI0B -> (ImportResultId: 'c7cb92a8dfa5b68c75a459ad2b2d495d') in 0.0052405 seconds
[Worker0] Imported GUID: f7fe7ad6cf1798849849ec4f1a3f1fe3 - Path: Assets/IndieMarc/TopDownDemo/Scripts/AutoOrderLayer.cs - Importer: ScriptedImporter/UnityEditor.QuickSearchModule:UnityEditor.Search:ASIAI0B -> (ImportResultId: 'b98474f7a32ec82e8a5149e0df3b2e64') in 0.001042084 seconds
[Worker0] Imported GUID: 4a0949bc6841db643be4f6f441e352ea - Path: Assets/IndieMarc/PlatformerDemo/Sprites/Background/Trees2.png - Importer: ScriptedImporter/UnityEditor.QuickSearchModule:UnityEditor.Search:ASIAI0B -> (ImportResultId: 'c054c65b0c5ffe3add641ba2232aee6f') in 0.004141375 seconds
[Worker0] Imported GUID: 124a11c81bd6d03479673691ab06e2eb - Path: Assets/IndieMarc/PlatformerDemo/Tilemap/Black/tilemap_13.asset - Importer: ScriptedImporter/UnityEditor.QuickSearchModule:UnityEditor.Search:ASIAI0B -> (ImportResultId: 'c78e2825a0e9ba4691e5d5f8accb3515') in 0.001741083 seconds
[Worker0] Imported GUID: 2f4e1b743efe1b246b45ca50e955dc06 - Path: Assets/IndieMarc/TopDownDemo/Textures/CircleBlur.png - Importer: ScriptedImporter/UnityEditor.QuickSearchModule:UnityEditor.Search:ASIAI0B -> (ImportResultId: '42c1292b29eb9b358b22636b545cb066') in 0.002557417 seconds
[Worker0] Imported GUID: a45f8e993f5f7dd41a8e551bc5edbb6c - Path: Assets/IndieMarc/TopDownDemo/Textures/Lever_position02.png - Importer: ScriptedImporter/UnityEditor.QuickSearchModule:UnityEditor.Search:ASIAI0B -> (ImportResultId: 'fa57208107ccc5d7103e370c7d277ab8') in 0.002645042 seconds
[Worker0] Imported GUID: 74f7f12e816b4af47b2c22f055f5629a - Path: Assets/IndieMarc/PlatformerDemo/Sprites/CircleBlur.png - Importer: ScriptedImporter/UnityEditor.QuickSearchModule:UnityEditor.Search:ASIAI0B -> (ImportResultId: '655b5d1c562498d00bc03df0fe17e4c0') in 0.0031135 seconds
[Worker0] Imported GUID: d54d42f40df35e34099dbd949204ed78 - Path: Assets/IndieMarc/TopDownDemo/Textures/grass1.png - Importer: ScriptedImporter/UnityEditor.QuickSearchModule:UnityEditor.Search:ASIAI0B -> (ImportResultId: '625c7bdf5b60b5f78ae31e29f4f5ea5a') in 0.003986375 seconds
[Worker0] Imported GUID: 3c441bd1dc391dc4eb11709b9c158fdc - Path: Assets/IndieMarc/TopDownDemo/Prefabs - Importer: ScriptedImporter/UnityEditor.QuickSearchModule:UnityEditor.Search:ASIAI0B -> (ImportResultId: '49f68dc3bb11b8e97f17f318e7cbb44c') in 0.000827042 seconds
[Worker0] Imported GUID: b83447e05b83ae44d8907a3aa6ea3890 - Path: Assets/IndieMarc/TopDownDemo/Sprites/CharacterRightHold.anim - Importer: ScriptedImporter/UnityEditor.QuickSearchModule:UnityEditor.Search:ASIAI0B -> (ImportResultId: '75c51da0fbaf5f0329e7f7ad7ca90458') in 0.001546666 seconds
[Worker0] Imported GUID: 868bfc083d111bc4fb3199b0409700e4 - Path: Assets/IndieMarc/PlatformerDemo/Tilemap/Black/tilemap_5.asset - Importer: ScriptedImporter/UnityEditor.QuickSearchModule:UnityEditor.Search:ASIAI0B -> (ImportResultId: 'f4c643849c418a1c618e75c34e037d4a') in 0.001429042 seconds
[Worker0] Imported GUID: 7f897bf33a423f743a3778635a69807a - Path: Assets/IndieMarc/TopDownDemo/Textures/grass2.png - Importer: ScriptedImporter/UnityEditor.QuickSearchModule:UnityEditor.Search:ASIAI0B -> (ImportResultId: '43154c6ac6d76e0c8316782416e92467') in 0.004350792 seconds
[Worker0] Imported GUID: 25325a4f845eebc47b1a00b01a949eda - Path: Assets/IndieMarc/TopDownDemo/Prefabs/CharacterTopDown.prefab - Importer: ScriptedImporter/UnityEditor.QuickSearchModule:UnityEditor.Search:ASIAI0B -> (ImportResultId: 'bfffea08d94a3911fd56bfb9953fe197') in 0.0158075 seconds
[Worker0] Imported GUID: 59e1a3436b7c92c43836479561d9d9cc - Path: Assets/IndieMarc/PlatformerDemo/Tilemap/Black/tile-slide-corner-left.png - Importer: ScriptedImporter/UnityEditor.QuickSearchModule:UnityEditor.Search:ASIAI0B -> (ImportResultId: '20c19015d9cd2f7c236868c8ca769ebc') in 0.003304375 seconds
[Worker0] Imported GUID: 48e2082ec55834840b811d7ac2d9a049 - Path: Assets/IndieMarc/PlatformerDemo/Sprites/Background/Trees3.png - Importer: ScriptedImporter/UnityEditor.QuickSearchModule:UnityEditor.Search:ASIAI0B -> (ImportResultId: '03bea3b20ad5424c855896e2d8f5d9b2') in 0.003730417 seconds
[Worker0] Imported GUID: 89bcfd216f1ceae4cac19a6e44b2ac4d - Path: Assets/IndieMarc/TopDownDemo/Textures/Shadow_wall.png - Importer: ScriptedImporter/UnityEditor.QuickSearchModule:UnityEditor.Search:ASIAI0B -> (ImportResultId: '57dcde9846f8ca294e115d1d14010b90') in 0.003186791 seconds
[Worker0] Imported GUID: 1d098f5e2d51f904680c81895d2c02b1 - Path: Assets/IndieMarc/PlatformerDemo/Materials/SpriteDiffuseP.mat - Importer: ScriptedImporter/UnityEditor.QuickSearchModule:UnityEditor.Search:ASIAI0B -> (ImportResultId: '646f4a9afc491fd40cb8671144a66f92') in 0.001784625 seconds
[Worker0] Imported GUID: 96b904be7893d1143a2ced2c437c61de - Path: Assets/IndieMarc/TopDownDemo/Scripts/PlayerControls.cs - Importer: ScriptedImporter/UnityEditor.QuickSearchModule:UnityEditor.Search:ASIAI0B -> (ImportResultId: '3f967205a9db53e5599f1eeb8ca8c294') in 0.000782709 seconds
[Worker0] Imported GUID: 68bd6f460eb1a1c4b891919cfcf5686b - Path: Assets/IndieMarc/PlatformerDemo/Tilemap/Black/tile-slide-left-down.png - Importer: ScriptedImporter/UnityEditor.QuickSearchModule:UnityEditor.Search:ASIAI0B -> (ImportResultId: 'a540830e4deee29c3aa03107504d34a9') in 0.003796708 seconds
[Worker0] Imported GUID: ff3cce638b247874e8bf3d90a67aba5e - Path: Assets/IndieMarc/PlatformerDemo - Importer: ScriptedImporter/UnityEditor.QuickSearchModule:UnityEditor.Search:ASIAI0B -> (ImportResultId: '8e28e969b89afebced3f33ae2b0bb9f3') in 0.001014 seconds
[Worker0] Imported GUID: 4ca610ae8c246e14d91870c3818200f5 - Path: Assets/IndieMarc/TopDownDemo/Prefabs/DoorKey3D.prefab - Importer: ScriptedImporter/UnityEditor.QuickSearchModule:UnityEditor.Search:ASIAI0B -> (ImportResultId: '65a6790944213ab443bd0bb217f20306') in 0.0036225 seconds
[Worker0] Imported GUID: 488fef3a70db04a7d975594f7ab7ce56 - Path: Assets/IndieMarc/PlatformerDemo/Prefabs/CharacterPlatformer.prefab - Importer: ScriptedImporter/UnityEditor.QuickSearchModule:UnityEditor.Search:ASIAI0B -> (ImportResultId: '625de5dbe55be9c8370b39abd1d04656') in 0.010619916 seconds
[Worker0] Imported GUID: 2352cead022bc224ca49c4e2333b3789 - Path: Assets/IndieMarc/PlatformerDemo/Tilemap/Old - Importer: ScriptedImporter/UnityEditor.QuickSearchModule:UnityEditor.Search:ASIAI0B -> (ImportResultId: '1ad6a0ff5e8c733d830c2a4c0bc3295f') in 0.000982625 seconds
[Worker0] Imported GUID: 9af0c3bd5a1094a14bb01bb8770f4365 - Path: Assets/IndieMarc/PlatformerDemo/Tilemap/PlatformerPalette.prefab - Importer: ScriptedImporter/UnityEditor.QuickSearchModule:UnityEditor.Search:ASIAI0B -> (ImportResultId: '277f3d90fc66cba2509cd62b42099f37') in 0.005645959 seconds
[Worker0] Imported GUID: 230ee21eea18d46e48f6038641c438b7 - Path: Assets/IndieMarc/PlatformerDemo/Prefabs/PlatformerDemo.unity - Importer: ScriptedImporter/UnityEditor.QuickSearchModule:UnityEditor.Search:ASIAI0B -> (ImportResultId: 'ce83aae578adde6e09d4cf4194319e36') in 0.001862417 seconds
[Worker0] Imported GUID: c84e5a06601ad0948b413e67f21b4b94 - Path: Assets/IndieMarc/PlatformerDemo/Tilemap/Black/tilemap_12.asset - Importer: ScriptedImporter/UnityEditor.QuickSearchModule:UnityEditor.Search:ASIAI0B -> (ImportResultId: '30cbb1e263fc5024e24acca349bd19d9') in 0.001299666 seconds
[Worker0] Imported GUID: 73289312bd5fe8d459fcd1e8803113ba - Path: Assets/IndieMarc/TopDownDemo/Materials/SpriteDiffuse.mat - Importer: ScriptedImporter/UnityEditor.QuickSearchModule:UnityEditor.Search:ASIAI0B -> (ImportResultId: '651b2978f48eb8caab0b1b2e8ad7f284') in 0.001177 seconds
[Worker0] Imported GUID: 1b17e2b3936490f4294522a1b1784702 - Path: Assets/IndieMarc/TopDownDemo/Materials/Sprite3D-unlit.shader - Importer: ScriptedImporter/UnityEditor.QuickSearchModule:UnityEditor.Search:ASIAI0B -> (ImportResultId: 'c9ec69a30c465d7d09cc1261dd343a42') in 0.001153083 seconds
Worker ready: AssetImportWorkerHW1 1
Worker ready: AssetImportWorkerHW2 2
[Worker2] Imported GUID: 203cf76cfa5674fb99d21c045d9f83e3 - Path: Assets/IndieMarc - Importer: PreviewImporter -> (ImportResultId: '3a9c1c8c998916c4935008794dd20928') in 0.005219708 seconds
Opening scene 'Assets/IndieMarc/PlatformerDemo/Prefabs/PlatformerDemo.unity'
Serialized file "Assets/IndieMarc/PlatformerDemo/Prefabs/PlatformerDemo.unity" contains a RenderSettings object at version 8, below the supported minimum (9). Open and re-save the file to upgrade.
Unloading 24 Unused Serialized files (Serialized files now loaded: 0)
Loaded scene 'Assets/IndieMarc/PlatformerDemo/Prefabs/PlatformerDemo.unity'
	Deserialize:            5.499 ms
	Integration:            55.993 ms
	Integration of assets:  0.008 ms
	Thread Wait Time:       -0.002 ms
	Total Operation Time:   61.499 ms
Unloading 127 unused Assets / (16.0 MB). Loaded Objects now: 2527.
Memory consumption went from 282.2 MB to 266.2 MB.
Total: 8.988250 ms (FindLiveObjects: 0.156042 ms CreateObjectMapping: 0.009708 ms MarkObjects: 7.172500 ms  DeleteObjects: 1.612125 ms)

Launching external process: /Applications/Unity/Hub/Editor/6000.6.3f1/Unity.app/Contents/Helpers/UnityShaderCompiler
Launching external process: /Applications/Unity/Hub/Editor/6000.6.3f1/Unity.app/Contents/Helpers/UnityShaderCompiler
Launched and connected shader compiler UnityShaderCompiler after 0.04 seconds
Launched and connected shader compiler UnityShaderCompiler after 0.04 seconds
Launching external process: /Applications/Unity/Hub/Editor/6000.6.3f1/Unity.app/Contents/Helpers/UnityShaderCompiler
Launched and connected shader compiler UnityShaderCompiler after 0.04 seconds
Launching external process: /Applications/Unity/Hub/Editor/6000.6.3f1/Unity.app/Contents/Helpers/UnityShaderCompiler
Launched and connected shader compiler UnityShaderCompiler after 0.04 seconds
TrimDiskCacheJob: Current cache size 0mb
Serialized file "Assets/IndieMarc/PlatformerDemo/Prefabs/Lever.prefab" contains a GameObject object at version 5, below the supported minimum (6). Open and re-save the file to upgrade.
Loaded scene 'Library/Unused/93c21e2a8b6ae427ebe92d411c39a334'
	Deserialize:            0.242 ms
	Integration:            0.266 ms
	Integration of assets:  0.002 ms
	Thread Wait Time:       0.005 ms
	Total Operation Time:   0.515 ms
Unloading 57 Unused Serialized files (Serialized files now loaded: 0)
Unloading 4 unused Assets / (1.1 KB). Loaded Objects now: 2686.
Memory consumption went from 260.0 MB to 260.0 MB.
Total: 7.745000 ms (FindLiveObjects: 0.156833 ms CreateObjectMapping: 0.011750 ms MarkObjects: 7.513750 ms  DeleteObjects: 0.025500 ms)

Unloading 2 Unused Serialized files (Serialized files now loaded: 0)
Unloading 2 unused Assets / (3.3 KB). Loaded Objects now: 2693.
Memory consumption went from 259.9 MB to 259.9 MB.
Total: 9.419791 ms (FindLiveObjects: 0.157084 ms CreateObjectMapping: 0.009209 ms MarkObjects: 9.196500 ms  DeleteObjects: 0.020042 ms)

Opening scene 'Assets/IndieMarc/PlatformerDemo/Prefabs/PlatformerDemo.unity'
Serialized file "Assets/IndieMarc/PlatformerDemo/Prefabs/PlatformerDemo.unity" contains a RenderSettings object at version 8, below the supported minimum (9). Open and re-save the file to upgrade.
Unloading 1 Unused Serialized files (Serialized files now loaded: 0)
Loaded scene 'Assets/IndieMarc/PlatformerDemo/Prefabs/PlatformerDemo.unity'
	Deserialize:            2.420 ms
	Integration:            8.853 ms
	Integration of assets:  0.002 ms
	Thread Wait Time:       0.008 ms
	Total Operation Time:   11.283 ms
Unloading 3 unused Assets / (117.0 KB). Loaded Objects now: 2655.
Memory consumption went from 259.4 MB to 259.3 MB.
Total: 7.813750 ms (FindLiveObjects: 0.150125 ms CreateObjectMapping: 0.008917 ms MarkObjects: 7.599542 ms  DeleteObjects: 0.014958 ms)

Unloading 3 Unused Serialized files (Serialized files now loaded: 0)
Unloading 2 unused Assets / (1.2 KB). Loaded Objects now: 2643.
Memory consumption went from 259.6 MB to 259.6 MB.
Total: 7.550000 ms (FindLiveObjects: 0.154541 ms CreateObjectMapping: 0.009083 ms MarkObjects: 7.329000 ms  DeleteObjects: 0.020958 ms)

Importing 'GUID: 9272c368c2ea4004d93dd9539f956312 - Path: Assets/IndieMarc/PlatformerDemo/Sprites/Background/Trees1.mat' with importer (NativeFormatImporter)
Imported 'GUID: 9272c368c2ea4004d93dd9539f956312' -> (Import Result ID: '76e5956d2fbfea526cb1584690da775b') in 0.001 seconds [static dependencies only]. Details - ImportResultOutputID=38f831e3d97a35539c97757cfb9449fb DependenciesID=1446d2897c05b5c5fd81e635c8f3455f StaticDependenciesID=31919802968add5b7eb858a7d8e746b5 
Importing 'GUID: b5bdfecbec6d4294d9aa8cf6fcf42aa1 - Path: Assets/IndieMarc/PlatformerDemo/Sprites/Background/Trees2.mat' with importer (NativeFormatImporter)
Imported 'GUID: b5bdfecbec6d4294d9aa8cf6fcf42aa1' -> (Import Result ID: '0f44de721a14eac77fb13c5285e99095') in 0.001 seconds [static dependencies only]. Details - ImportResultOutputID=b6be42de1d61eda218834786998b566a DependenciesID=108d7cf895ec196cea9a478bd1123b4c StaticDependenciesID=f0331308a5b956e023ca9eceb817e5f4 
Importing 'GUID: 063491c5039ab6b4ead24f95f52641b5 - Path: Assets/IndieMarc/PlatformerDemo/Sprites/Background/Trees3.mat' with importer (NativeFormatImporter)
Imported 'GUID: 063491c5039ab6b4ead24f95f52641b5' -> (Import Result ID: 'cbbbd3500ad121544f495c7f8806d542') in 0.000 seconds [static dependencies only]. Details - ImportResultOutputID=15e100224ad07def022def641962d0d1 DependenciesID=dea14b6cc99f68a947b2dda4a4374854 StaticDependenciesID=67fb250be0706912d9b83490792f9d93 
Asset Pipeline Refresh (id=5c173231999fc44f799c6bf357a30048): Total: 0.015 seconds - Initiated by StopAssetImportingV2(NoUpdateAssetOptions)
Importing 'GUID: 230ee21eea18d46e48f6038641c438b7 - Path: Assets/IndieMarc/PlatformerDemo/Prefabs/PlatformerDemo.unity' with importer (DefaultImporter)
Imported 'GUID: 230ee21eea18d46e48f6038641c438b7' -> (Import Result ID: 'd622eb5568f214c47c81500242b9102a') in 0.001 seconds [static dependencies only]. Details - ImportResultOutputID=573eb3c35fa5ef229eec5bdbedde55e7 DependenciesID=e20d5de3c3094c4605af699c481b0154 StaticDependenciesID=27ed103b600a869c85e3be8f67e89b9e 
Importing 'GUID: 828b9a0fead124f1bb1fd83931664ded - Path: Assets/IndieMarc/PlatformerDemo/Prefabs/PlatformerDemoSettings.lighting' with importer (NativeFormatImporter)
Imported 'GUID: 828b9a0fead124f1bb1fd83931664ded' -> (Import Result ID: '05adfb158c3d5f999099f7db8c87468c') in 0.000 seconds [static dependencies only]. Details - ImportResultOutputID=3a5ef5e2258dc14663c839499adbabe3 DependenciesID=f2be0fede1d67bcae8aa06717d925c1e StaticDependenciesID=a0ae638aed7632167aa7e6842298db11 
Asset Pipeline Refresh (id=372ad8302bc1741eb84cb7bf5322ebec): Total: 0.012 seconds - Initiated by StopAssetImportingV2(NoUpdateAssetOptions)
Starting new worker id: 3 with log in /Users/mariaukrainskaa/Desktop/opd-lab-2/Logs/AssetImportWorkerHW3.log
[Worker2] Imported GUID: 9272c368c2ea4004d93dd9539f956312 - Path: Assets/IndieMarc/PlatformerDemo/Sprites/Background/Trees1.mat - Importer: ScriptedImporter/UnityEditor.QuickSearchModule:UnityEditor.Search:ASIAI0B -> (ImportResultId: '4e4d088a89623af930766d47c4b76394') in 0.237878083 seconds
[Worker2] Imported GUID: 063491c5039ab6b4ead24f95f52641b5 - Path: Assets/IndieMarc/PlatformerDemo/Sprites/Background/Trees3.mat - Importer: ScriptedImporter/UnityEditor.QuickSearchModule:UnityEditor.Search:ASIAI0B -> (ImportResultId: '03fa2bdda7b9bfe23a6c60247d8e10c6') in 0.010384583 seconds
[Worker2] Imported GUID: b5bdfecbec6d4294d9aa8cf6fcf42aa1 - Path: Assets/IndieMarc/PlatformerDemo/Sprites/Background/Trees2.mat - Importer: ScriptedImporter/UnityEditor.QuickSearchModule:UnityEditor.Search:ASIAI0B -> (ImportResultId: 'cf8c57121933d749f4f9a078b9942e16') in 0.003383583 seconds
[Worker2] Imported GUID: 230ee21eea18d46e48f6038641c438b7 - Path: Assets/IndieMarc/PlatformerDemo/Prefabs/PlatformerDemo.unity - Importer: ScriptedImporter/UnityEditor.QuickSearchModule:UnityEditor.Search:ASIAI0B -> (ImportResultId: '277f7b7c1518646f676a6c3bf4fe7964') in 0.006723041 seconds
[Worker1] Imported GUID: 828b9a0fead124f1bb1fd83931664ded - Path: Assets/IndieMarc/PlatformerDemo/Prefabs/PlatformerDemoSettings.lighting - Importer: ScriptedImporter/UnityEditor.QuickSearchModule:UnityEditor.Search:ASIAI0B -> (ImportResultId: 'c5c8e21d511334bb7fc35294c5a84d25') in 0.275259042 seconds
Asset Pipeline Refresh (id=1d6cc024f37284603a6bad690b66c89b): Total: 0.009 seconds - Initiated by RefreshV2(NoUpdateAssetOptions)
SpriteAtlasPacking completed in 0.011870 sec
Reloading assemblies for play mode.
Reloading assemblies after forced synchronous recompile.
[Licensing::Client] Successfully resolved entitlement details
Begin MonoManager ReloadAssembly
<CFData 0x7fe63586f980 [0x7ff84531e180]>{length = 6, capacity = 6, bytes = 0xc0c7db0fbc55}
Native extension for OSXStandalone target not found
Native extension for WebGL target not found
Worker ready: AssetImportWorkerHW3 3
ScheduleIndexationOnStartup MainProcess:True IndexOnStartup:True
[MODES] ModeService[none].Initialize
[MODES] ModeService[none].LoadModes
Scripting: successfully reloaded assembly
- Finished resetting the current domain, in  3.228 seconds
Domain Reload Profiling: 4096ms
	BeginReloadAssembly (454ms)
		DisableScriptedObjects (149ms)
		CreateAndSetChildDomain (99ms)
	RebuildCommonClasses (8ms)
	RebuildNativeTypeToScriptingClass (11ms)
	initialDomainReloadingComplete (57ms)
	LoadAllAssembliesAndSetupDomain (336ms)
		LoadAssemblies (108ms)
		TypeCache.Refresh (4ms)
		AnalyzeDomain (2ms)
	FinalizeReload (3230ms)
		SetupLoadedEditorAssemblies (0ms)
			LogAssemblyErrors (3ms)
			InitializePlatformSupportModulesInManaged (4ms)
			BeforeProcessingInitializeOnLoad (380ms)
			ProcessInitializeOnLoadAttributes (217ms)
			ProcessInitializeOnLoadMethodAttributes (116ms)
		AwakeInstancesAfterBackupRestoration (1785ms)
No restricted APIs configured; Validation skipped.
Checking 2 assemblies for restricted APIs found 0 usage(s) in 8 ms

Asset Pipeline Refresh (id=98fd13916bc504227b5be939fa7cc2d2): Total: 4.381 seconds - Initiated by StopAssetImportingV2(ForceSynchronousImport | ForceDomainReload)
	(Values over 0.05ms)
	Summary:
		Imports: total=0 (actual=0, local cache=0, cache server=0)
		Asset DB Process Time: managed=0 ms, native=3280 ms
		Asset DB Callback time: managed=198 ms, native=21 ms
		Scripting: domain reloads=1, domain reload time=878 ms, compile time=2 ms, other=0 ms
		Project Asset Count: scripts=189, non-scripts=195
		Asset File Changes: new=0, changed=0, moved=0, deleted=0
		Scan Filter Count: 0
	InvokePackagesCallback: 0.540ms
	ApplyChangesToAssetFolders: 0.123ms
	Collect global state as custom dependencies: 0.187ms
	ProcessAssetsWithTransientArtifactChanges: 8.255ms
	CategorizeAssets: 1.472ms
	CompileScripts: 2.215ms
	ImportOutOfDateAssets: 3231.644ms (3230.560ms without children)
		CollectScriptTypesHashes: 0.055ms
		UnloadImportedAssets: 0.842ms
		ImportSchedulerStart: 0.157ms
	PostProcessAllAssets: 212.365ms
		AssemblyValidation.PostprocessAllAssets 2.760ms
		PostProcessCallbackCreateDeferredMaterials 1.000ms
		PostprocessAssetsUpdateCachedIcon 0.601ms
		ShaderAssetModifiedCallback 0.459ms
		ComputeShaderImportPostprocess 0.281ms
		RaytracingShaderImportPostprocess 0.271ms
		SpeedTreeImporter.PostprocessAllAssets 0.260ms
		LocalizationDatabase.AssetDatabasePostprocessCallback 0.158ms
		BlockShaderImporter.PostprocessAllAssets 0.124ms
		MonoPostProcessAllAssets: 194.192ms
			AssetPostprocessor.OnPostprocessAllAssets 106.784ms
			BuilderAssetPostprocessor.OnPostprocessAllAssets 37.389ms
			WindowAssetPostprocessingWatcher.OnPostprocessAllAssets 13.199ms
			AssetChangedListener.OnPostprocessAllAssets 4.603ms
			RetainedModeAssetPostprocessor.OnPostprocessAllAssets 3.854ms
			TextAssetPostProcessor.OnPostprocessAllAssets 2.460ms
			SpeedTree9Postprocessor.OnPostprocessAllAssets 1.640ms
			ThemePostprocessor.OnPostprocessAllAssets 1.419ms
			ArtifactBrowserPostProcessor.OnPostprocessAllAssets 1.248ms
			StyleCatalogPostProcessor.OnPostprocessAllAssets 0.804ms
			EditModeScopePostprocessor.OnPostprocessAllAssets 0.531ms
			AudioMixerPostprocessor.OnPostprocessAllAssets 0.424ms
			ScenarioDriftAssetsTracker.OnPostprocessAllAssets 0.411ms
			AssetDatabaseCallbacks.OnPostprocessAllAssets 0.323ms
			ConfigAssetsTracker.OnPostprocessAllAssets 0.283ms
			TerrainToolbarOverlayPostProcessor.OnPostprocessAllAssets 0.265ms
			SyncVS.PostprocessSyncProject 0.264ms
			ReferencedClipsPostProcessor.OnPostprocessAllAssets 0.244ms
			SpeedTreePostProcessor.OnPostprocessAllAssets 0.213ms
			AssetEvents.OnPostprocessAllAssets 0.209ms
			RenderPipelineGlobalSettingsPostprocessor.OnPostprocessAllAssets 0.156ms
			AudioContainerPostProcessor.OnPostprocessAllAssets 0.106ms
	PostAssetChangesProfiler: 7.173ms
	GenerateScriptTypeHashes: 0.195ms
	GenerateScriptTypeSerializationHashes: 0.241ms
	Untracked: 915.622ms

Loaded scene 'Temp/__Backupscenes/0.backup'
	Deserialize:            1.270 ms
	Integration:            53.522 ms
	Integration of assets:  0.002 ms
	Thread Wait Time:       0.007 ms
	Total Operation Time:   54.802 ms
[Licensing::Client] Successfully resolved entitlement details
Unloading 20 Unused Serialized files (Serialized files now loaded: 0)
Loaded scene 'Temp/__Backupscenes/0.backup'
	Deserialize:            0.800 ms
	Integration:            10.620 ms
	Integration of assets:  0.001 ms
	Thread Wait Time:       0.011 ms
	Total Operation Time:   11.432 ms
Unloading 572 unused Assets / (0.8 MB). Loaded Objects now: 2653.
Memory consumption went from 266.2 MB to 265.4 MB.
Total: 8.478625 ms (FindLiveObjects: 0.190875 ms CreateObjectMapping: 0.015584 ms MarkObjects: 8.060875 ms  DeleteObjects: 0.176292 ms)

[Licensing::Client] Successfully resolved entitlement details
Asset Pipeline Refresh (id=95ca4d871b7fb497c9cc878d82d73618): Total: 0.023 seconds - Initiated by RefreshV2(AllowForceSynchronousImport)
Importing 'GUID: 230ee21eea18d46e48f6038641c438b7 - Path: Assets/IndieMarc/PlatformerDemo/Prefabs/PlatformerDemo.unity' with importer (DefaultImporter)
Imported 'GUID: 230ee21eea18d46e48f6038641c438b7' -> (Import Result ID: '05db14e41c48f029bbd402d2f839fc85') in 0.006 seconds [static dependencies only]. Details - ImportResultOutputID=573eb3c35fa5ef229eec5bdbedde55e7 DependenciesID=9234a2b33600f9a7b006cf2654b8f0f3 StaticDependenciesID=91c89b8e69cd014271efb54134f7aef0 
Asset Pipeline Refresh (id=1fe0209c0813f4934a02ecaaeee33ea0): Total: 0.032 seconds - Initiated by StopAssetImportingV2(NoUpdateAssetOptions)
