
Server arguments:
  --memory-size 1073741824
  --shared-postfix 3e2c964d8410f380de6c0b3e7b65af7d
  --working-directory Library/DataStore
  --silent-console
  --shutdown-grace 0
  --client-process-check 0
  --uds-log-file C:/Users/Sun/Documents/GitHub/opd-lab-2/Logs/UDS-Service.log
  --debug-log 2
  -name
  Unity.DataStore

Initialising UDS system complete:
  - System type: Service
  - Resource namespace: 3e2c964d8410f380de6c0b3e7b65af7d
  - Shared memory size: 1073741824
  - Command buffer id: 1052576
  - Command buffer size: 8192
  - Hashmap size: 4194304
Starting Unity Data Store Application
[Error] Failed to remove data for hash 624aa8b57c9392574629551f38f82f4e. Failure received from service
0x00007ff74049c665 (Unity.DataStore) uds_wait_handle_complete
0x00007ff74045fe85 (Unity.DataStore) uds_cleanup
0x00007ff74044ee6f (Unity.DataStore) 
0x00007ff7404500bd (Unity.DataStore) 
0x00007ff740437395 (Unity.DataStore) 
0x00007ff74043681a (Unity.DataStore) 
0x00007ff740436aff (Unity.DataStore) 
0x00007ff7404328b5 (Unity.DataStore) 
0x00007ff7404b80e4 (Unity.DataStore) uds_wait_handle_complete
0x00007fff12ec7374 (KERNEL32) BaseThreadInitThunk
0x00007fff140fcc91 (ntdll) RtlUserThreadStart

[Error] Failed to remove data for hash b32f5f075aff3f9d4ab074e503e21fef. Failure received from service
0x00007ff74049c665 (Unity.DataStore) uds_wait_handle_complete
0x00007ff74045fe85 (Unity.DataStore) uds_cleanup
0x00007ff74044ee6f (Unity.DataStore) 
0x00007ff7404500bd (Unity.DataStore) 
0x00007ff740437395 (Unity.DataStore) 
0x00007ff74043681a (Unity.DataStore) 
0x00007ff740436aff (Unity.DataStore) 
0x00007ff7404328b5 (Unity.DataStore) 
0x00007ff7404b80e4 (Unity.DataStore) uds_wait_handle_complete
0x00007fff12ec7374 (KERNEL32) BaseThreadInitThunk
0x00007fff140fcc91 (ntdll) RtlUserThreadStart

[Error] Failed to remove data for hash b32f5f075aff3f9d4ab074e503e21fef. Failure received from service
0x00007ff74049c665 (Unity.DataStore) uds_wait_handle_complete
0x00007ff74045fe85 (Unity.DataStore) uds_cleanup
0x00007ff74044ee6f (Unity.DataStore) 
0x00007ff7404500bd (Unity.DataStore) 
0x00007ff740437395 (Unity.DataStore) 
0x00007ff74043681a (Unity.DataStore) 
0x00007ff740436aff (Unity.DataStore) 
0x00007ff7404328b5 (Unity.DataStore) 
0x00007ff7404b80e4 (Unity.DataStore) uds_wait_handle_complete
0x00007fff12ec7374 (KERNEL32) BaseThreadInitThunk
0x00007fff140fcc91 (ntdll) RtlUserThreadStart

[Error] Failed to remove data for hash bc8b2798dc478e701e5b5daebed3d4eb. Failure received from service
0x00007ff74049c665 (Unity.DataStore) uds_wait_handle_complete
0x00007ff74045fe85 (Unity.DataStore) uds_cleanup
0x00007ff74044ee6f (Unity.DataStore) 
0x00007ff7404500bd (Unity.DataStore) 
0x00007ff740437395 (Unity.DataStore) 
0x00007ff74043681a (Unity.DataStore) 
0x00007ff740436aff (Unity.DataStore) 
0x00007ff7404328b5 (Unity.DataStore) 
0x00007ff7404b80e4 (Unity.DataStore) uds_wait_handle_complete
0x00007fff12ec7374 (KERNEL32) BaseThreadInitThunk
0x00007fff140fcc91 (ntdll) RtlUserThreadStart

Unity Data Store Application Complete
[Warning] Shutting down service while there are still connected clients, client count = 3
Shut down UDS service system complete
